ImportError while loading conftest '/app/backend/tests/conftest.py'.
backend/tests/conftest.py:19: in <module>
    from app.main import app
backend/app/main.py:11: in <module>
    app = create_app()
          ^^^^^^^^^^^^
backend/app/core/app_factory.py:83: in create_app
    configure_routes(app)
backend/app/core/setup.py:68: in configure_routes
    from app.api.endpoints import (
backend/app/api/endpoints/simulation.py:9: in <module>
    from app.orchestrator.simulation_orchestrator import SimulationOrchestrator
backend/app/orchestrator/__init__.py:17: in <module>
    from .play_resolver import PlayResolver
backend/app/orchestrator/play_resolver.py:3: in <module>
    from app.orchestrator.kernels_interface import KernelInterface
backend/app/orchestrator/kernels_interface.py:1: in <module>
    from app.orchestrator.kernels import (
backend/app/orchestrator/kernels/__init__.py:9: in <module>
    from .society_kernel import SocietyKernel
backend/app/orchestrator/kernels/society_kernel.py:2: in <module>
    from app.kernels.society import TrustGraph, DirectorAI
backend/app/kernels/society/__init__.py:1: in <module>
    from app.kernels.society.social_graph import TrustGraph, ChemistryLogic
backend/app/kernels/society/social_graph.py:4: in <module>
    import networkx as nx
E   ModuleNotFoundError: No module named 'networkx'
