============================= test session starts ==============================
platform linux -- Python 3.12.12, pytest-9.0.2, pluggy-1.6.0 -- /home/jules/.pyenv/versions/3.12.12/bin/python
cachedir: .pytest_cache
rootdir: /app/backend
configfile: pyproject.toml
testpaths: tests
plugins: cov-7.0.0, asyncio-1.3.0, anyio-4.12.1, langsmith-0.7.14
asyncio: mode=Mode.AUTO, debug=False, asyncio_default_fixture_loop_scope=None, asyncio_default_test_loop_scope=function
collecting ... collected 1008 items

tests/integration/test_attribute_interaction_gameplay.py::TestAttributeInteractionIntegration::test_interaction_engine_initialized_in_play_resolver PASSED [  0%]
tests/integration/test_attribute_interaction_gameplay.py::TestAttributeInteractionIntegration::test_pass_play_applies_interactions FAILED [  0%]
tests/integration/test_attribute_interaction_gameplay.py::TestAttributeInteractionIntegration::test_interaction_narratives_in_descriptions FAILED [  0%]
tests/integration/test_attribute_interaction_gameplay.py::TestAttributeInteractionIntegration::test_interactions_affect_success_probability FAILED [  0%]
tests/integration/test_attribute_interaction_gameplay.py::TestAttributeInteractionIntegration::test_weather_context_affects_interactions FAILED [  0%]
tests/integration/test_draft_assistant.py::test_suggest_pick_endpoint FAILED [  0%]
tests/integration/test_draft_assistant.py::test_suggest_pick_mcp_integration FAILED [  0%]
tests/integration/test_draft_suggestion_api.py::test_draft_suggest_pick_endpoint FAILED [  0%]
tests/integration/test_draft_suggestion_api.py::test_draft_assistant_roster_gap_analysis FAILED [  0%]
tests/integration/test_draft_suggestion_api.py::test_draft_value_score_calculation FAILED [  0%]
tests/integration/test_draft_suggestion_api.py::test_draft_assistant_error_handling FAILED [  1%]
tests/integration/test_draft_suggestion_api.py::test_alternative_picks_quality FAILED [  1%]
tests/integration/test_enhanced_chemistry.py::test_calculate_chemistry_level PASSED [  1%]
tests/integration/test_enhanced_chemistry.py::test_get_team_chemistry_metadata_optimized_no_history PASSED [  1%]
tests/integration/test_enhanced_chemistry.py::test_get_team_chemistry_metadata_optimized_with_history PASSED [  1%]
tests/integration/test_enhanced_chemistry.py::test_get_team_chemistry_metadata_optimized_broken_streak PASSED [  1%]
tests/integration/test_environmental_effects_integration.py::TestEnvironmentalEffects::test_snow_reduces_passing_accuracy PASSED [  1%]
tests/integration/test_environmental_effects_integration.py::TestEnvironmentalEffects::test_rain_reduces_passing_accuracy FAILED [  1%]
tests/integration/test_environmental_effects_integration.py::TestEnvironmentalEffects::test_high_wind_affects_passing FAILED [  1%]
tests/integration/test_environmental_effects_integration.py::TestEnvironmentalEffects::test_wet_field_increases_fumbles PASSED [  1%]
tests/integration/test_environmental_effects_integration.py::TestEnvironmentalEffects::test_muddy_field_increases_fumbles_more FAILED [  2%]
tests/integration/test_environmental_effects_integration.py::TestEnvironmentalEffects::test_extreme_cold_increases_fumbles PASSED [  2%]
tests/integration/test_environmental_effects_integration.py::TestEnvironmentalEffects::test_heat_increases_fatigue PASSED [  2%]
tests/integration/test_environmental_effects_integration.py::TestEnvironmentalEffects::test_high_humidity_increases_fatigue PASSED [  2%]
tests/integration/test_environmental_effects_integration.py::TestEnvironmentalEffects::test_wind_affects_kicking_more_than_passing PASSED [  2%]
tests/integration/test_environmental_effects_integration.py::TestEnvironmentalEffects::test_weather_integration_in_pass_play FAILED [  2%]
tests/integration/test_environmental_effects_integration.py::TestEnvironmentalEffects::test_weather_integration_in_run_play FAILED [  2%]
tests/integration/test_environmental_effects_integration.py::TestEnvironmentalEffects::test_all_weather_types_documented PASSED [  2%]
tests/integration/test_injury_frequency_integration.py::TestInjuryFrequencyIntegration::test_100_game_injury_frequency PASSED [  2%]
tests/integration/test_injury_frequency_integration.py::TestInjuryFrequencyIntegration::test_position_injury_distribution PASSED [  2%]
tests/integration/test_injury_frequency_integration.py::TestInjuryFrequencyIntegration::test_qb_knockdown_vs_sack_multiplier PASSED [  3%]
tests/integration/test_mcp_health.py::test_mcp_server_health FAILED      [  3%]
tests/integration/test_ol_chemistry_integration.py::test_ol_chemistry_bonus_after_5_games FAILED [  3%]
tests/integration/test_ol_chemistry_integration.py::test_chemistry_resets_when_lineup_changes FAILED [  3%]
tests/integration/test_ol_chemistry_integration.py::test_no_chemistry_with_less_than_5_games FAILED [  3%]
tests/integration/test_orchestrator_cortex.py::test_orchestrator_uses_cortex PASSED [  3%]
tests/integration/test_orchestrator_cortex.py::test_orchestrator_cortex_punt PASSED [  3%]
tests/integration/test_orchestrator_integration.py::test_orchestrator_integration_flow FAILED [  3%]
tests/integration/test_orchestrator_match_context.py::test_full_game_simulation_with_fatigue_mocked FAILED [  3%]
tests/integration/test_player_decomposition.py::test_player_decomposition_integration FAILED [  3%]
tests/integration/test_qb_pocket_presence_integration.py::test_qb_pocket_presence_reduces_sacks FAILED [  4%]
tests/integration/test_qb_pocket_presence_integration.py::test_pancake_ignores_pocket_presence PASSED [  4%]
tests/integration/test_qb_read_integration.py::TestQBReadIntegration::test_no_ability_no_read PASSED [  4%]
tests/integration/test_qb_read_integration.py::TestQBReadIntegration::test_diagnostician_generates_read PASSED [  4%]
tests/integration/test_qb_read_integration.py::TestQBReadIntegration::test_high_awareness_vs_low_disguise PASSED [  4%]
tests/integration/test_qb_read_integration.py::TestQBReadIntegration::test_wrong_read_penalty PASSED [  4%]
tests/integration/test_queries.py::test_get_league_leaders PASSED        [  4%]
tests/integration/test_trade_evaluation.py::test_evaluate_trade_endpoint FAILED [  4%]
tests/integration/test_trade_evaluation.py::test_evaluate_trade_invalid_team PASSED [  4%]
tests/integration/test_trade_evaluation.py::test_evaluate_trade_mcp_integration FAILED [  4%]
tests/integration/test_trait_gameplay.py::test_field_general_team_boost PASSED [  5%]
tests/integration/test_trait_gameplay.py::test_possession_receiver_bonus FAILED [  5%]
tests/integration/test_trait_gameplay.py::test_green_dot_defensive_boost PASSED [  5%]
tests/integration/test_trait_gameplay.py::test_multiple_traits_on_player FAILED [  5%]
tests/integration/test_trait_gameplay.py::test_traits_not_active_without_trigger PASSED [  5%]
tests/integration/test_trait_gameplay_integration.py::TestTraitGameplayIntegration::test_field_general_boosts_offense PASSED [  5%]
tests/integration/test_trait_gameplay_integration.py::TestTraitGameplayIntegration::test_green_dot_boosts_defense PASSED [  5%]
tests/integration/test_trait_gameplay_integration.py::TestTraitGameplayIntegration::test_possession_receiver_contested_catch_bonus FAILED [  5%]
tests/integration/test_trait_gameplay_integration.py::TestTraitGameplayIntegration::test_trait_catalog_completeness FAILED [  5%]
tests/integration/test_trait_gameplay_integration.py::TestTraitGameplayIntegration::test_multiple_traits_stack PASSED [  5%]
tests/integration/test_trait_gameplay_integration.py::TestTraitGameplayIntegration::test_trait_effects_persist_through_game PASSED [  6%]
tests/integration/test_traits.py::test_create_and_assign_trait FAILED    [  6%]
tests/mcp/test_mcp_integration.py::test_nfl_stats_integration PASSED     [  6%]
tests/mcp/test_mcp_integration.py::test_concurrent_requests PASSED       [  6%]
tests/mcp/test_mcp_integration.py::test_error_handling PASSED            [  6%]
tests/mcp/test_nfl_stats_server.py::test_get_player_career_stats PASSED  [  6%]
tests/mcp/test_nfl_stats_server.py::test_get_league_averages PASSED      [  6%]
tests/mcp/test_nfl_stats_server.py::test_get_team_historical_performance PASSED [  6%]
tests/mcp/test_sports_news_server.py::test_get_player_news PASSED        [  6%]
tests/mcp/test_sports_news_server.py::test_get_team_news PASSED          [  6%]
tests/mcp/test_sports_news_server.py::test_get_injury_reports PASSED     [  7%]
tests/mcp/test_weather_server.py::test_get_game_weather_lambeau_winter PASSED [  7%]
tests/mcp/test_weather_server.py::test_get_game_weather_miami PASSED     [  7%]
tests/mcp/test_weather_server.py::test_get_game_weather_default PASSED   [  7%]
tests/mcp/test_weather_server.py::test_get_historical_conditions PASSED  [  7%]
tests/test_60hz_physics.py::TestConstants::test_frames_per_second PASSED [  7%]
tests/test_60hz_physics.py::TestConstants::test_max_play_duration PASSED [  7%]
tests/test_60hz_physics.py::TestConstants::test_delta_t_calculation PASSED [  7%]
tests/test_60hz_physics.py::TestConstants::test_max_frames_calculation PASSED [  7%]
tests/test_60hz_physics.py::TestVector2D::test_addition PASSED           [  7%]
tests/test_60hz_physics.py::TestVector2D::test_subtraction PASSED        [  8%]
tests/test_60hz_physics.py::TestVector2D::test_scalar_multiplication PASSED [  8%]
tests/test_60hz_physics.py::TestVector2D::test_magnitude PASSED          [  8%]
tests/test_60hz_physics.py::TestVector2D::test_normalized PASSED         [  8%]
tests/test_60hz_physics.py::TestVector2D::test_normalized_zero_vector PASSED [  8%]
tests/test_60hz_physics.py::TestVector2D::test_distance_to PASSED        [  8%]
tests/test_60hz_physics.py::TestEngineInitialization::test_initialize_play_creates_players PASSED [  8%]
tests/test_60hz_physics.py::TestEngineInitialization::test_initialize_play_positions_ball PASSED [  8%]
tests/test_60hz_physics.py::TestEngineInitialization::test_initialize_play_sets_line_of_scrimmage PASSED [  8%]
tests/test_60hz_physics.py::TestEngineInitialization::test_player_max_speed_calculation PASSED [  8%]
tests/test_60hz_physics.py::TestPhysicsUpdate::test_update_moves_player_towards_target PASSED [  9%]
tests/test_60hz_physics.py::TestPhysicsUpdate::test_update_respects_max_speed PASSED [  9%]
tests/test_60hz_physics.py::TestPhysicsUpdate::test_tackled_player_stops PASSED [  9%]
tests/test_60hz_physics.py::TestPhysicsUpdate::test_ball_follows_carrier PASSED [  9%]
tests/test_60hz_physics.py::TestCollisionDetection::test_no_collision_when_far_apart PASSED [  9%]
tests/test_60hz_physics.py::TestCollisionDetection::test_collision_when_close PASSED [  9%]
tests/test_60hz_physics.py::TestCollisionDetection::test_tackle_collision_type PASSED [  9%]
tests/test_60hz_physics.py::TestPlayTermination::test_not_over_at_start PASSED [  9%]
tests/test_60hz_physics.py::TestPlayTermination::test_touchdown_ends_play PASSED [  9%]
tests/test_60hz_physics.py::TestPlayTermination::test_out_of_bounds_ends_play PASSED [  9%]
tests/test_60hz_physics.py::TestResultGeneration::test_result_contains_frames PASSED [ 10%]
tests/test_60hz_physics.py::TestResultGeneration::test_result_contains_checksum PASSED [ 10%]
tests/test_60hz_physics.py::TestChecksum::test_checksum_is_deterministic PASSED [ 10%]
tests/test_60hz_physics.py::TestChecksum::test_checksum_changes_with_different_positions PASSED [ 10%]
tests/test_60hz_physics.py::TestIntegration::test_execute_play_returns_result PASSED [ 10%]
tests/test_60hz_physics.py::TestIntegration::test_execute_play_respects_max_frames PASSED [ 10%]
tests/test_60hz_physics.py::TestIntegration::test_yards_gained_calculation PASSED [ 10%]
tests/test_advanced_simulation_features.py::test_advanced_coach_personality_system FAILED [ 10%]
tests/test_advanced_simulation_features.py::test_situational_awareness_with_environmental_factors FAILED [ 10%]
tests/test_advanced_simulation_features.py::test_advanced_fatigue_system PASSED [ 10%]
tests/test_advanced_simulation_features.py::test_advanced_play_resolution_with_statistical_realism FAILED [ 11%]
tests/test_advanced_simulation_features.py::test_multi_season_progression_system FAILED [ 11%]
tests/test_advanced_simulation_features.py::test_social_interaction_features FAILED [ 11%]
tests/test_advanced_simulation_features.py::test_broadcast_quality_presentation FAILED [ 11%]
tests/test_advanced_simulation_features.py::test_adaptive_challenge_system FAILED [ 11%]
tests/test_advanced_simulation_features.py::test_legacy_achievement_system FAILED [ 11%]
tests/test_api_endpoints.py::test_initialize_season FAILED               [ 11%]
tests/test_api_endpoints.py::test_get_current_season PASSED              [ 11%]
tests/test_api_endpoints.py::test_get_season_not_found PASSED            [ 11%]
tests/test_archetype_effects.py::TestArchetypeClassification::test_field_general_classification PASSED [ 11%]
tests/test_archetype_effects.py::TestArchetypeClassification::test_field_general_requires_position PASSED [ 12%]
tests/test_archetype_effects.py::TestArchetypeClassification::test_speed_merchant_classification PASSED [ 12%]
tests/test_archetype_effects.py::TestArchetypeClassification::test_trench_warlord_classification PASSED [ 12%]
tests/test_archetype_effects.py::TestArchetypeClassification::test_standard_fallback PASSED [ 12%]
tests/test_archetype_effects.py::TestArchetypeEffects::test_field_general_3rd_down_boost PASSED [ 12%]
tests/test_archetype_effects.py::TestArchetypeEffects::test_field_general_no_boost_on_other_downs PASSED [ 12%]
tests/test_archetype_effects.py::TestArchetypeEffects::test_speed_merchant_breakaway_boost PASSED [ 12%]
tests/test_archetype_effects.py::TestArchetypeEffects::test_effects_contain_narrative PASSED [ 12%]
tests/test_benchmarks.py::TestPlayResolutionBenchmarks::test_pass_play_resolution ERROR [ 12%]
tests/test_benchmarks.py::TestPlayResolutionBenchmarks::test_run_play_resolution ERROR [ 12%]
tests/test_benchmarks.py::TestProbabilityEngineBenchmarks::test_attribute_comparison ERROR [ 12%]
tests/test_benchmarks.py::TestProbabilityEngineBenchmarks::test_tiered_outcome_resolution ERROR [ 13%]
tests/test_benchmarks.py::TestPlayCallerBenchmarks::test_play_selection ERROR [ 13%]
tests/test_benchmarks.py::TestSeasonSimulationBenchmarks::test_single_game_simulation ERROR [ 13%]
tests/test_benchmarks.py::test_performance_thresholds PASSED             [ 13%]
tests/test_combine_genesis.py::TestCombineResultsModernization::test_combine_results_no_bench_reps PASSED [ 13%]
tests/test_combine_genesis.py::TestCombineResultsModernization::test_combine_results_has_power_clean PASSED [ 13%]
tests/test_combine_genesis.py::TestCombineResultsModernization::test_combine_results_has_gps_speed PASSED [ 13%]
tests/test_combine_genesis.py::TestCombineResultsModernization::test_combine_results_has_position_agility PASSED [ 13%]
tests/test_combine_genesis.py::TestCombineResultsModernization::test_combine_results_has_medical_flags PASSED [ 13%]
tests/test_combine_genesis.py::TestCombineSimulationModern::test_run_combine_generates_modern_metrics PASSED [ 13%]
tests/test_combine_genesis.py::TestCombineSimulationModern::test_run_combine_speed_rating_affects_gps PASSED [ 14%]
tests/test_combine_genesis.py::TestCombineSimulationModern::test_run_combine_strength_affects_power_clean PASSED [ 14%]
tests/test_combine_genesis.py::TestGenesisRevealData::test_genesis_reveal_data_from_profile PASSED [ 14%]
tests/test_combine_genesis.py::TestGenesisRevealData::test_genesis_reveal_hides_s2_when_requested PASSED [ 14%]
tests/test_combine_genesis.py::TestCombineSimulationGenesisIntegration::test_reveal_genesis_data_returns_data PASSED [ 14%]
tests/test_combine_genesis.py::TestCombineSimulationGenesisIntegration::test_reveal_genesis_data_includes_s2 PASSED [ 14%]
tests/test_combine_genesis.py::TestCombineSimulationGenesisIntegration::test_reveal_genesis_data_caches_profile PASSED [ 14%]
tests/test_combine_genesis.py::TestCombineSimulationGenesisIntegration::test_reveal_uses_provided_profile PASSED [ 14%]
tests/test_combine_genesis.py::TestMedicalFlagsScreening::test_elevated_body_fat_flag PASSED [ 14%]
tests/test_combine_genesis.py::TestMedicalFlagsScreening::test_low_body_fat_flag PASSED [ 14%]
tests/test_combine_genesis.py::TestMedicalFlagsScreening::test_cardiovascular_flags PASSED [ 15%]
tests/test_combine_genesis.py::TestMedicalFlagsScreening::test_heat_sensitivity_flag PASSED [ 15%]
tests/test_combine_genesis.py::TestMedicalFlagsScreening::test_cognitive_flags PASSED [ 15%]
tests/test_combine_genesis.py::TestMedicalFlagsScreening::test_healthy_profile_no_flags PASSED [ 15%]
tests/test_comprehensive_feature_expansion.py::TestAdvancedRosterManagement::test_player_development_system FAILED [ 15%]
tests/test_comprehensive_feature_expansion.py::TestAdvancedRosterManagement::test_scouting_and_draft_system FAILED [ 15%]
tests/test_comprehensive_feature_expansion.py::TestRealisticPlayByPlay::test_advanced_play_calling_ai FAILED [ 15%]
tests/test_comprehensive_feature_expansion.py::TestRealisticPlayByPlay::test_dynamic_game_planning FAILED [ 15%]
tests/test_comprehensive_feature_expansion.py::TestLiveEnvironmentalEffects::test_advanced_weather_system FAILED [ 15%]
tests/test_comprehensive_feature_expansion.py::TestLiveEnvironmentalEffects::test_crowd_momentum_system FAILED [ 15%]
tests/test_comprehensive_feature_expansion.py::TestStatisticalRealism::test_historical_context_engine FAILED [ 16%]
tests/test_comprehensive_feature_expansion.py::TestStatisticalRealism::test_advanced_analytics_system FAILED [ 16%]
tests/test_comprehensive_feature_expansion.py::TestFranchiseLongevity::test_multi_season_progression FAILED [ 16%]
tests/test_comprehensive_feature_expansion.py::TestFranchiseLongevity::test_contract_management_system FAILED [ 16%]
tests/test_comprehensive_feature_expansion.py::TestSocialInteraction::test_media_narrative_system FAILED [ 16%]
tests/test_comprehensive_feature_expansion.py::TestSocialInteraction::test_fan_engagement_system FAILED [ 16%]
tests/test_comprehensive_feature_expansion.py::TestImmersivePresentation::test_broadcast_visualization_system FAILED [ 16%]
tests/test_comprehensive_feature_expansion.py::TestImmersivePresentation::test_interactive_storytelling_engine FAILED [ 16%]
tests/test_comprehensive_feature_expansion.py::TestCompleteSystemIntegration::test_full_feature_integration FAILED [ 16%]
tests/test_coordinator_multiplier.py::TestCoordinatorMultiplier::test_neutral_at_75 PASSED [ 16%]
tests/test_coordinator_multiplier.py::TestCoordinatorMultiplier::test_boost_at_95 PASSED [ 17%]
tests/test_coordinator_multiplier.py::TestCoordinatorMultiplier::test_penalty_at_55 PASSED [ 17%]
tests/test_coordinator_multiplier.py::TestCoordinatorMultiplier::test_max_boost_at_100 PASSED [ 17%]
tests/test_coordinator_multiplier.py::TestCoordinatorMultiplier::test_min_boost_at_0 PASSED [ 17%]
tests/test_coordinator_multiplier.py::TestApplyToProbability::test_boost_applied_to_probability PASSED [ 17%]
tests/test_coordinator_multiplier.py::TestApplyToProbability::test_probability_clamped_to_1 PASSED [ 17%]
tests/test_coordinator_multiplier.py::TestApplyToProbability::test_probability_clamped_to_0 PASSED [ 17%]
tests/test_coordinator_multiplier.py::TestCortexKernelIntegration::test_kernel_has_multiplier PASSED [ 17%]
tests/test_coordinator_multiplier.py::TestCortexKernelIntegration::test_get_coordinator_boost PASSED [ 17%]
tests/test_coordinator_multiplier.py::TestCortexKernelIntegration::test_call_play_uses_intelligence PASSED [ 17%]
tests/test_core_omniscient.py::test_core_omniscient PASSED               [ 18%]
tests/test_cortex_integration.py::test_cortex_4th_down_logic PASSED      [ 18%]
tests/test_cortex_integration.py::test_cortex_hail_mary PASSED           [ 18%]
tests/test_cortex_integration.py::test_cortex_3rd_and_long PASSED        [ 18%]
tests/test_depth_chart.py::test_organize_roster PASSED                   [ 18%]
tests/test_depth_chart.py::test_get_starting_offense PASSED              [ 18%]
tests/test_depth_chart.py::test_get_starting_defense PASSED              [ 18%]
tests/test_depth_chart.py::test_injury_handling PASSED                   [ 18%]
tests/test_depth_chart.py::test_get_special_teams FAILED                 [ 18%]
tests/test_draft_api.py::test_suggest_draft_pick_success FAILED          [ 18%]
tests/test_draft_api.py::test_suggest_draft_pick_invalid_team PASSED     [ 19%]
tests/test_draft_api.py::test_suggest_draft_pick_no_players FAILED       [ 19%]
tests/test_draft_assistant.py::test_suggest_pick_no_players FAILED       [ 19%]
tests/test_draft_assistant.py::test_suggest_pick_success FAILED          [ 19%]
tests/test_draft_assistant.py::test_suggest_pick_with_mcp FAILED         [ 19%]
tests/test_draft_logic.py::test_draft_logic_needs FAILED                 [ 19%]
tests/test_draft_logic.py::test_draft_logic_bpa FAILED                   [ 19%]
tests/test_elo_service.py::TestEloService::test_calculate_expected_outcome_equal_ratings PASSED [ 19%]
tests/test_elo_service.py::TestEloService::test_calculate_expected_outcome_higher_rated_favored PASSED [ 19%]
tests/test_elo_service.py::TestEloService::test_calculate_expected_outcome_lower_rated_underdog PASSED [ 19%]
tests/test_elo_service.py::TestEloService::test_calculate_expected_outcome_large_difference PASSED [ 20%]
tests/test_elo_service.py::TestEloService::test_update_ratings_winner_gains_loser_loses PASSED [ 20%]
tests/test_elo_service.py::TestEloService::test_update_ratings_upset_gives_more_points PASSED [ 20%]
tests/test_elo_service.py::TestEloService::test_update_ratings_tie_moves_toward_equal PASSED [ 20%]
tests/test_elo_service.py::TestEloService::test_update_ratings_blowout_multiplier PASSED [ 20%]
tests/test_elo_service.py::TestEloService::test_get_win_probability_home_advantage PASSED [ 20%]
tests/test_elo_service.py::TestEloService::test_margin_of_victory_multiplier_bounds PASSED [ 20%]
tests/test_elo_service.py::TestEloService::test_ratings_are_rounded PASSED [ 20%]
tests/test_empire_omniscient.py::test_empire_omniscient PASSED           [ 20%]
tests/test_engines.py::test_ball_physics PASSED                          [ 20%]
tests/test_engines.py::test_blocking FAILED                              [ 21%]
tests/test_engines.py::test_pass_rush PASSED                             [ 21%]
tests/test_engines.py::test_special_teams FAILED                         [ 21%]
tests/test_engines.py::test_rpg PASSED                                   [ 21%]
tests/test_error_handling.py::test_404_error_format PASSED               [ 21%]
tests/test_error_handling.py::test_value_error_handling PASSED           [ 21%]
tests/test_error_handling.py::test_operational_error_handling PASSED     [ 21%]
tests/test_expanded_data.py::test_expanded_data PASSED                   [ 21%]
tests/test_expanded_stats.py::TestPositionType::test_position_type_values PASSED [ 21%]
tests/test_expanded_stats.py::TestPositionType::test_position_type_enum_access PASSED [ 21%]
tests/test_expanded_stats.py::TestPlayerStat::test_player_stat_creation PASSED [ 22%]
tests/test_expanded_stats.py::TestPlayerStat::test_player_stat_default_values PASSED [ 22%]
tests/test_expanded_stats.py::TestPlayerStat::test_player_stat_validation PASSED [ 22%]
tests/test_expanded_stats.py::TestQuarterbackStat::test_qb_stat_creation PASSED [ 22%]
tests/test_expanded_stats.py::TestQuarterbackStat::test_qb_stat_default_calculated_fields PASSED [ 22%]
tests/test_expanded_stats.py::TestQuarterbackStat::test_qb_stat_validation FAILED [ 22%]
tests/test_expanded_stats.py::TestRunningBackStat::test_rb_stat_creation PASSED [ 22%]
tests/test_expanded_stats.py::TestRunningBackStat::test_rb_stat_validation FAILED [ 22%]
tests/test_expanded_stats.py::TestWideReceiverStat::test_wr_stat_creation PASSED [ 22%]
tests/test_expanded_stats.py::TestTeamStats::test_team_stat_creation PASSED [ 22%]
tests/test_expanded_stats.py::TestLeagueLeaders::test_league_leaders_creation FAILED [ 23%]
tests/test_expanded_stats.py::TestDataValidation::test_negative_stat_values PASSED [ 23%]
tests/test_expanded_stats.py::TestDataValidation::test_zero_values PASSED [ 23%]
tests/test_expanded_stats.py::TestModelInheritance::test_player_stat_inheritance PASSED [ 23%]
tests/test_expanded_stats.py::TestModelInheritance::test_polymorphic_behavior PASSED [ 23%]
tests/test_expanded_stats.py::TestEdgeCases::test_maximum_values PASSED  [ 23%]
tests/test_expanded_stats.py::TestEdgeCases::test_minimum_values PASSED  [ 23%]
tests/test_genesis_fatigue.py::test_genesis_fatigue_system PASSED        [ 23%]
tests/test_genesis_fatigue.py::test_genesis_temperature_effects PASSED   [ 23%]
tests/test_genesis_omniscient.py::test_genesis_omniscient PASSED         [ 23%]
tests/test_gm_agent.py::test_evaluate_trade_accept PASSED                [ 24%]
tests/test_gm_agent.py::test_evaluate_trade_reject_financial PASSED      [ 24%]
tests/test_gm_agent.py::test_negotiate_contract PASSED                   [ 24%]
tests/test_gm_agent.py::test_generate_trade_proposal PASSED              [ 24%]
tests/test_hive_omniscient.py::test_hive_omniscient PASSED               [ 24%]
tests/test_issue_logging.py::TestFormatIssueEntry::test_basic_formatting PASSED [ 24%]
tests/test_issue_logging.py::TestFormatIssueEntry::test_no_page_context PASSED [ 24%]
tests/test_issue_logging.py::TestIssueLoggerService::test_log_issue_creates_file PASSED [ 24%]
tests/test_issue_logging.py::TestIssueLoggerService::test_log_issue_appends PASSED [ 24%]
tests/test_issue_logging.py::TestIssueLoggerService::test_file_header_created PASSED [ 24%]
tests/test_issue_logging.py::TestIssueLoggerAsync::test_log_issue_async PASSED [ 25%]
tests/test_kernels.py::test_kernels PASSED                               [ 25%]
tests/test_match_context_integration.py::test_match_context_integration FAILED [ 25%]
tests/test_match_context_unit.py::test_match_context_initialization FAILED [ 25%]
tests/test_match_context_unit.py::test_get_fielded_players FAILED        [ 25%]
tests/test_match_context_unit.py::test_load_roster_error FAILED          [ 25%]
tests/test_mcp_client.py::test_mcp_client_init PASSED                    [ 25%]
tests/test_mcp_client.py::test_connect_invalid_transport PASSED          [ 25%]
tests/test_mcp_client.py::test_connect_stdio_missing_command PASSED      [ 25%]
tests/test_mcp_client.py::test_connect_sse_missing_url PASSED            [ 25%]
tests/test_models.py::test_create_team PASSED                            [ 25%]
tests/test_models.py::test_create_player FAILED                          [ 26%]
tests/test_models.py::test_create_season PASSED                          [ 26%]
tests/test_models.py::test_create_game PASSED                            [ 26%]
tests/test_momentum_integration.py::TestMomentumEngineUnit::test_initial_state_is_neutral PASSED [ 26%]
tests/test_momentum_integration.py::TestMomentumEngineUnit::test_touchdown_increases_momentum PASSED [ 26%]
tests/test_momentum_integration.py::TestMomentumEngineUnit::test_turnover_decreases_momentum PASSED [ 26%]
tests/test_momentum_integration.py::TestMomentumEngineUnit::test_sack_decreases_momentum PASSED [ 26%]
tests/test_momentum_integration.py::TestMomentumEngineUnit::test_big_play_increases_momentum PASSED [ 26%]
tests/test_momentum_integration.py::TestMomentumEngineUnit::test_third_down_stop_increases_defense_momentum PASSED [ 26%]
tests/test_momentum_integration.py::TestMomentumEngineUnit::test_performance_modifier_neutral PASSED [ 26%]
tests/test_momentum_integration.py::TestMomentumEngineUnit::test_performance_modifier_high_momentum PASSED [ 27%]
tests/test_momentum_integration.py::TestMomentumEngineUnit::test_performance_modifier_low_momentum PASSED [ 27%]
tests/test_momentum_integration.py::TestMomentumEngineUnit::test_state_transitions_to_on_fire PASSED [ 27%]
tests/test_momentum_integration.py::TestMomentumEngineUnit::test_state_transitions_to_ice_cold PASSED [ 27%]
tests/test_momentum_integration.py::TestMomentumOrchestatorIntegration::test_orchestrator_has_momentum_engine PASSED [ 27%]
tests/test_momentum_integration.py::TestMomentumOrchestatorIntegration::test_play_resolver_has_momentum_engine_attribute PASSED [ 27%]
tests/test_momentum_integration.py::TestMomentumPlayResolverIntegration::test_pass_play_uses_momentum_modifier PASSED [ 27%]
tests/test_momentum_integration.py::TestMomentumPlayResolverIntegration::test_run_play_uses_momentum_modifier PASSED [ 27%]
tests/test_momentum_integration.py::TestMomentumEventSequences::test_scoring_drive_builds_momentum PASSED [ 27%]
tests/test_momentum_integration.py::TestMomentumEventSequences::test_defensive_stand_shifts_momentum PASSED [ 27%]
tests/test_momentum_integration.py::TestMomentumEventSequences::test_turnover_devastates_momentum PASSED [ 28%]
tests/test_new_modules.py::test_new_modules PASSED                       [ 28%]
tests/test_nfl_reference_data.py::test_salary_cap_completeness PASSED    [ 28%]
tests/test_nfl_reference_data.py::test_salary_cap_cagr PASSED            [ 28%]
tests/test_nfl_reference_data.py::test_salary_cap_engine_historical PASSED [ 28%]
tests/test_nfl_reference_data.py::test_special_plays_data PASSED         [ 28%]
tests/test_nfl_reference_data.py::test_coaching_ai_4th_down_analytics PASSED [ 28%]
tests/test_nfl_reference_data.py::test_coaching_ai_4th_down_optimal_zone PASSED [ 28%]
tests/test_offseason_endpoints.py::test_get_team_salary_cap_endpoint PASSED [ 28%]
tests/test_offseason_service.py::test_process_contract_expirations_releases_expired_players PASSED [ 28%]
tests/test_offseason_service.py::test_process_contract_expirations_keeps_multi_year_contracts PASSED [ 29%]
tests/test_offseason_service.py::test_generate_draft_order_creates_correct_number_of_picks PASSED [ 29%]
tests/test_offseason_service.py::test_generate_draft_order_worst_team_picks_first PASSED [ 29%]
tests/test_offseason_service.py::test_rookie_generator_creates_correct_count PASSED [ 29%]
tests/test_offseason_service.py::test_rookie_generator_creates_players_with_correct_attributes PASSED [ 29%]
tests/test_offseason_service.py::test_simulate_draft_fills_all_picks FAILED [ 29%]
tests/test_offseason_service.py::test_simulate_draft_respects_team_needs FAILED [ 29%]
tests/test_offseason_service.py::test_simulate_free_agency_fills_rosters_to_53 PASSED [ 29%]
tests/test_offseason_service.py::test_simulate_free_agency_signs_best_available_players PASSED [ 29%]
tests/test_offseason_service.py::test_start_offseason_executes_all_steps FAILED [ 29%]
tests/test_phase10_stadium.py::TestStadiumEngine::test_noise_level_critical PASSED [ 30%]
tests/test_phase10_stadium.py::TestStadiumEngine::test_altitude_effect PASSED [ 30%]
tests/test_phase10_stadium.py::TestStadiumEngine::test_crowd_energy_update PASSED [ 30%]
tests/test_phase10_stadium.py::TestCrowdEngine::test_positive_event_mood PASSED [ 30%]
tests/test_phase10_stadium.py::TestCrowdEngine::test_negative_streak_boo PASSED [ 30%]
tests/test_phase10_stadium.py::TestCrowdEngine::test_noise_modifier PASSED [ 30%]
tests/test_phase11_validation.py::TestValidationEngine::test_validate_stat_pass PASSED [ 30%]
tests/test_phase11_validation.py::TestValidationEngine::test_validate_stat_fail PASSED [ 30%]
tests/test_phase11_validation.py::TestValidationEngine::test_validate_season PASSED [ 30%]
tests/test_phase11_validation.py::TestValidationEngine::test_calibration_report PASSED [ 30%]
tests/test_phase11_validation.py::TestSimulationCalibrator::test_add_target PASSED [ 31%]
tests/test_phase11_validation.py::TestSimulationCalibrator::test_calculate_adjustment PASSED [ 31%]
tests/test_phase11_validation.py::TestSimulationCalibrator::test_run_calibration_converges PASSED [ 31%]
tests/test_phase11_validation.py::TestSimulationCalibrator::test_get_tuned_parameters PASSED [ 31%]
tests/test_phase12_database.py::TestMigrationManager::test_register_migration PASSED [ 31%]
tests/test_phase12_database.py::TestMigrationManager::test_apply_migration PASSED [ 31%]
tests/test_phase12_database.py::TestMigrationManager::test_apply_all_pending PASSED [ 31%]
tests/test_phase12_database.py::TestMigrationManager::test_get_status PASSED [ 31%]
tests/test_phase12_database.py::TestQueryCache::test_set_and_get PASSED  [ 31%]
tests/test_phase12_database.py::TestQueryCache::test_cache_miss PASSED   [ 31%]
tests/test_phase12_database.py::TestQueryCache::test_cache_expiry PASSED [ 32%]
tests/test_phase12_database.py::TestQueryCache::test_cache_stats PASSED  [ 32%]
tests/test_phase12_database.py::TestQueryOptimizer::test_record_query PASSED [ 32%]
tests/test_phase12_database.py::TestQueryOptimizer::test_get_slow_queries PASSED [ 32%]
tests/test_phase1_cortex.py::TestTickConfig::test_default_config PASSED  [ 32%]
tests/test_phase1_cortex.py::TestTickConfig::test_tick_duration PASSED   [ 32%]
tests/test_phase1_cortex.py::TestGameClock::test_initial_state PASSED    [ 32%]
tests/test_phase1_cortex.py::TestGameClock::test_tick_advances_clock PASSED [ 32%]
tests/test_phase1_cortex.py::TestGameClock::test_tick_stopped_clock PASSED [ 32%]
tests/test_phase1_cortex.py::TestTickEngine::test_initial_state PASSED   [ 32%]
tests/test_phase1_cortex.py::TestTickEngine::test_step_advances_tick PASSED [ 33%]
tests/test_phase1_cortex.py::TestTickEngine::test_step_returns_frame_state PASSED [ 33%]
tests/test_phase1_cortex.py::TestTickEngine::test_snap_ball PASSED       [ 33%]
tests/test_phase1_cortex.py::TestTickEngine::test_end_play PASSED        [ 33%]
tests/test_phase1_cortex.py::TestTickEngine::test_run_play_limited_ticks PASSED [ 33%]
tests/test_phase1_cortex.py::TestTickEngine::test_frame_history PASSED   [ 33%]
tests/test_phase1_cortex.py::TestTickEngine::test_reset PASSED           [ 33%]
tests/test_phase1_cortex.py::TestDeterministicRNG::test_deterministic_sequence PASSED [ 33%]
tests/test_phase1_cortex.py::TestDeterministicRNG::test_different_seeds_different_sequence PASSED [ 33%]
tests/test_phase1_cortex.py::TestDeterministicRNG::test_next_int_range PASSED [ 33%]
tests/test_phase1_cortex.py::TestDeterministicRNG::test_next_float_range PASSED [ 34%]
tests/test_phase1_cortex.py::TestDeterministicRNG::test_next_bool_probability PASSED [ 34%]
tests/test_phase1_cortex.py::TestDeterministicRNG::test_choice PASSED    [ 34%]
tests/test_phase1_cortex.py::TestDeterministicRNG::test_shuffle PASSED   [ 34%]
tests/test_phase1_cortex.py::TestDeterministicRNG::test_fork_creates_independent_rng PASSED [ 34%]
tests/test_phase1_cortex.py::TestDeterministicRNG::test_verification PASSED [ 34%]
tests/test_phase1_cortex.py::TestEnhancedEventBus::test_subscribe_and_publish PASSED [ 34%]
tests/test_phase1_cortex.py::TestEnhancedEventBus::test_unsubscribe PASSED [ 34%]
tests/test_phase1_cortex.py::TestEnhancedEventBus::test_priority_ordering PASSED [ 34%]
tests/test_phase1_cortex.py::TestEnhancedEventBus::test_once_handler PASSED [ 34%]
tests/test_phase1_cortex.py::TestEnhancedEventBus::test_global_handler PASSED [ 35%]
tests/test_phase1_cortex.py::TestEnhancedEventBus::test_event_history PASSED [ 35%]
tests/test_phase1_cortex.py::TestEnhancedEventBus::test_pause_and_resume PASSED [ 35%]
tests/test_phase1_cortex.py::TestEnhancedEventBus::test_async_handler PASSED [ 35%]
tests/test_phase1_cortex.py::TestPhase1Integration::test_tick_engine_with_rng PASSED [ 35%]
tests/test_phase1_cortex.py::TestPhase1Integration::test_tick_engine_with_event_bus PASSED [ 35%]
tests/test_phase2_genesis.py::TestBiometricProfile::test_default_values PASSED [ 35%]
tests/test_phase2_genesis.py::TestBiometricProfile::test_catch_radius_calculation PASSED [ 35%]
tests/test_phase2_genesis.py::TestBiometricProfile::test_explosion_factor PASSED [ 35%]
tests/test_phase2_genesis.py::TestBiometricProfile::test_endurance_factor PASSED [ 35%]
tests/test_phase2_genesis.py::TestBiometricProfile::test_cognitive_modifier PASSED [ 36%]
tests/test_phase2_genesis.py::TestBiometricProfile::test_serialization PASSED [ 36%]
tests/test_phase2_genesis.py::TestBiometricGeneration::test_generate_for_qb PASSED [ 36%]
tests/test_phase2_genesis.py::TestBiometricGeneration::test_generate_for_wr PASSED [ 36%]
tests/test_phase2_genesis.py::TestBiometricGeneration::test_talent_affects_output PASSED [ 36%]
tests/test_phase2_genesis.py::TestOODAState::test_total_loop_time PASSED [ 36%]
tests/test_phase2_genesis.py::TestOODAState::test_cognition_modifier PASSED [ 36%]
tests/test_phase2_genesis.py::TestVisionCone::test_target_in_front PASSED [ 36%]
tests/test_phase2_genesis.py::TestVisionCone::test_target_behind PASSED  [ 36%]
tests/test_phase2_genesis.py::TestCognitionEngine::test_decision_delay PASSED [ 36%]
tests/test_phase2_genesis.py::TestCognitionEngine::test_pressure_increases_delay PASSED [ 37%]
tests/test_phase2_genesis.py::TestCognitionEngine::test_read_progression PASSED [ 37%]
tests/test_phase2_genesis.py::TestCognitionEngine::test_stress_affects_state PASSED [ 37%]
tests/test_phase2_genesis.py::TestEnergyCompartment::test_consume_energy PASSED [ 37%]
tests/test_phase2_genesis.py::TestEnergyCompartment::test_consume_overflow PASSED [ 37%]
tests/test_phase2_genesis.py::TestEnergyCompartment::test_recovery PASSED [ 37%]
tests/test_phase2_genesis.py::TestFatigueEngine::test_sprint_depletes_atp PASSED [ 37%]
tests/test_phase2_genesis.py::TestFatigueEngine::test_rest_recovers_energy PASSED [ 37%]
tests/test_phase2_genesis.py::TestFatigueEngine::test_fatigue_modifiers PASSED [ 37%]
tests/test_phase2_genesis.py::TestFatigueEngine::test_huddle_recovery PASSED [ 37%]
tests/test_phase2_genesis.py::TestInjury::test_healing_progress PASSED   [ 37%]
tests/test_phase2_genesis.py::TestInjury::test_heal_week PASSED          [ 38%]
tests/test_phase2_genesis.py::TestChronicWear::test_re_injury_risk PASSED [ 38%]
tests/test_phase2_genesis.py::TestChronicWear::test_performance_modifier PASSED [ 38%]
tests/test_phase2_genesis.py::TestInjuryEngine::test_high_gforce_injury PASSED [ 38%]
tests/test_phase2_genesis.py::TestInjuryEngine::test_low_gforce_safe PASSED [ 38%]
tests/test_phase2_genesis.py::TestInjuryEngine::test_head_impact_tracking PASSED [ 38%]
tests/test_phase2_genesis.py::TestInjuryEngine::test_process_week_healing PASSED [ 38%]
tests/test_phase2_genesis.py::TestPhase2Integration::test_biometrics_affect_fatigue PASSED [ 38%]
tests/test_phase2_genesis.py::TestPhase2Integration::test_cognition_stress_from_pressure PASSED [ 38%]
tests/test_phase2_genesis.py::TestPhase2Integration::test_fatigue_increases_injury_risk PASSED [ 38%]
tests/test_phase3_position_physics.py::TestVector2::test_addition PASSED [ 39%]
tests/test_phase3_position_physics.py::TestVector2::test_subtraction PASSED [ 39%]
tests/test_phase3_position_physics.py::TestVector2::test_magnitude PASSED [ 39%]
tests/test_phase3_position_physics.py::TestVector2::test_normalized PASSED [ 39%]
tests/test_phase3_position_physics.py::TestVector2::test_distance_to PASSED [ 39%]
tests/test_phase3_position_physics.py::TestVector2::test_dot_product PASSED [ 39%]
tests/test_phase3_position_physics.py::TestVector3::test_cross_product PASSED [ 39%]
tests/test_phase3_position_physics.py::TestCommonPhysics::test_forty_to_yards_per_second PASSED [ 39%]
tests/test_phase3_position_physics.py::TestCommonPhysics::test_speed_rating_conversion PASSED [ 39%]
tests/test_phase3_position_physics.py::TestCommonPhysics::test_momentum_collision PASSED [ 39%]
tests/test_phase3_position_physics.py::TestCommonPhysics::test_g_force_calculation PASSED [ 40%]
tests/test_phase3_position_physics.py::TestQuarterbackPhysics::test_throw_trajectory_short PASSED [ 40%]
tests/test_phase3_position_physics.py::TestQuarterbackPhysics::test_throw_trajectory_deep PASSED [ 40%]
tests/test_phase3_position_physics.py::TestQuarterbackPhysics::test_pressure_increases_inaccuracy PASSED [ 40%]
tests/test_phase3_position_physics.py::TestQuarterbackPhysics::test_pocket_state_progression PASSED [ 40%]
tests/test_phase3_position_physics.py::TestQuarterbackPhysics::test_read_progression PASSED [ 40%]
tests/test_phase3_position_physics.py::TestRunningBackPhysics::test_tackle_resolution PASSED [ 40%]
tests/test_phase3_position_physics.py::TestRunningBackPhysics::test_arm_tackle_less_effective PASSED [ 40%]
tests/test_phase3_position_physics.py::TestRunningBackPhysics::test_cut_move PASSED [ 40%]
tests/test_phase3_position_physics.py::TestWideReceiverPhysics::test_separation_calculation PASSED [ 40%]
tests/test_phase3_position_physics.py::TestWideReceiverPhysics::test_catch_radius PASSED [ 41%]
tests/test_phase3_position_physics.py::TestWideReceiverPhysics::test_wide_open_catch PASSED [ 41%]
tests/test_phase3_position_physics.py::TestDefensiveBackPhysics::test_press_coverage PASSED [ 41%]
tests/test_phase3_position_physics.py::TestDefensiveBackPhysics::test_break_recognition_time PASSED [ 41%]
tests/test_phase3_position_physics.py::TestDefensiveBackPhysics::test_hip_flip PASSED [ 41%]
tests/test_phase3_position_physics.py::TestPassRushPhysics::test_move_selection PASSED [ 41%]
tests/test_phase3_position_physics.py::TestPassRushPhysics::test_rush_simulation PASSED [ 41%]
tests/test_phase3_position_physics.py::TestPassRushPhysics::test_sack_momentum PASSED [ 41%]
tests/test_phase3_position_physics.py::TestOffensiveLinePhysics::test_blocker_assignment PASSED [ 41%]
tests/test_phase3_position_physics.py::TestOffensiveLinePhysics::test_pocket_contour PASSED [ 41%]
tests/test_phase3_position_physics.py::TestOffensiveLinePhysics::test_pass_block_tick PASSED [ 42%]
tests/test_phase3_position_physics.py::TestPhase3Integration::test_qb_vs_pass_rush PASSED [ 42%]
tests/test_phase3_position_physics.py::TestPhase3Integration::test_wr_vs_cb_separation PASSED [ 42%]
tests/test_phase4_hive.py::TestTurfGrid::test_grid_initialization PASSED [ 42%]
tests/test_phase4_hive.py::TestTurfGrid::test_position_to_zone PASSED    [ 42%]
tests/test_phase4_hive.py::TestTurfGrid::test_zone_degradation PASSED    [ 42%]
tests/test_phase4_hive.py::TestTurfGrid::test_friction_calculation PASSED [ 42%]
tests/test_phase4_hive.py::TestTurfGrid::test_weather_affects_friction PASSED [ 42%]
tests/test_phase4_hive.py::TestTurfGrid::test_injury_modifier PASSED     [ 42%]
tests/test_phase4_hive.py::TestTurfGrid::test_weekly_recovery PASSED     [ 42%]
tests/test_phase4_hive.py::TestTurfGrid::test_condition_states PASSED    [ 43%]
tests/test_phase4_hive.py::TestTurfGrid::test_serialization PASSED       [ 43%]
tests/test_phase4_hive.py::TestEquipmentPhysics::test_grip_modifier_base PASSED [ 43%]
tests/test_phase4_hive.py::TestEquipmentPhysics::test_detachable_cleats_better_in_rain PASSED [ 43%]
tests/test_phase4_hive.py::TestEquipmentPhysics::test_agility_by_cut PASSED [ 43%]
tests/test_phase4_hive.py::TestEquipmentPhysics::test_ankle_injury_by_cut PASSED [ 43%]
tests/test_phase4_hive.py::TestEquipmentPhysics::test_catching_modifier PASSED [ 43%]
tests/test_phase4_hive.py::TestEquipmentPhysics::test_high_grip_wet_penalty PASSED [ 43%]
tests/test_phase4_hive.py::TestEquipmentPhysics::test_helmet_protection PASSED [ 43%]
tests/test_phase4_hive.py::TestEquipmentPhysics::test_recommend_loadout PASSED [ 43%]
tests/test_phase4_hive.py::TestWeatherPhysics::test_dome_no_effects PASSED [ 44%]
tests/test_phase4_hive.py::TestWeatherPhysics::test_headwind_reduces_distance PASSED [ 44%]
tests/test_phase4_hive.py::TestWeatherPhysics::test_tailwind_adds_distance PASSED [ 44%]
tests/test_phase4_hive.py::TestWeatherPhysics::test_crosswind_accuracy_penalty PASSED [ 44%]
tests/test_phase4_hive.py::TestWeatherPhysics::test_hot_weather_stamina PASSED [ 44%]
tests/test_phase4_hive.py::TestWeatherPhysics::test_cold_weather_stamina PASSED [ 44%]
tests/test_phase4_hive.py::TestWeatherPhysics::test_cramp_risk PASSED    [ 44%]
tests/test_phase4_hive.py::TestWeatherPhysics::test_rain_ball_handling PASSED [ 44%]
tests/test_phase4_hive.py::TestWeatherPhysics::test_visibility_in_snow PASSED [ 44%]
tests/test_phase4_hive.py::TestWeatherPhysics::test_combined_modifiers PASSED [ 44%]
tests/test_phase4_hive.py::TestHiveIntegration::test_weather_affects_turf PASSED [ 45%]
tests/test_phase4_hive.py::TestHiveIntegration::test_equipment_turf_interaction PASSED [ 45%]
tests/test_phase4_hive.py::TestHiveIntegration::test_full_environment_calculation PASSED [ 45%]
tests/test_phase5_empire.py::TestSalaryCapEngine::test_create_contract PASSED [ 45%]
tests/test_phase5_empire.py::TestSalaryCapEngine::test_signing_bonus_prorate PASSED [ 45%]
tests/test_phase5_empire.py::TestSalaryCapEngine::test_rookie_contract PASSED [ 45%]
tests/test_phase5_empire.py::TestSalaryCapEngine::test_back_loaded_contract PASSED [ 45%]
tests/test_phase5_empire.py::TestSalaryCapEngine::test_front_loaded_contract PASSED [ 45%]
tests/test_phase5_empire.py::TestSalaryCapEngine::test_dead_money_calculation PASSED [ 45%]
tests/test_phase5_empire.py::TestSalaryCapEngine::test_franchise_tag PASSED [ 45%]
tests/test_phase5_empire.py::TestSalaryCapEngine::test_cap_savings PASSED [ 46%]
tests/test_phase5_empire.py::TestSalaryCapEngine::test_restructure_contract PASSED [ 46%]
tests/test_phase5_empire.py::TestSalaryCapEngine::test_cap_projection PASSED [ 46%]
tests/test_phase5_empire.py::TestSalaryCapEngine::test_cap_summary PASSED [ 46%]
tests/test_phase5_empire.py::TestGMAI::test_philosophy_win_now PASSED    [ 46%]
tests/test_phase5_empire.py::TestGMAI::test_philosophy_rebuild PASSED    [ 46%]
tests/test_phase5_empire.py::TestGMAI::test_philosophy_develop PASSED    [ 46%]
tests/test_phase5_empire.py::TestGMAI::test_draft_pick_value PASSED      [ 46%]
tests/test_phase5_empire.py::TestGMAI::test_trade_evaluation_accept PASSED [ 46%]
tests/test_phase5_empire.py::TestGMAI::test_trade_evaluation_reject PASSED [ 46%]
tests/test_phase5_empire.py::TestGMAI::test_player_valuation PASSED      [ 47%]
tests/test_phase5_empire.py::TestGMAI::test_prospect_ranking PASSED      [ 47%]
tests/test_phase5_empire.py::TestGMAI::test_goap_action_execution PASSED [ 47%]
tests/test_phase5_empire.py::TestGMAI::test_goap_action_apply PASSED     [ 47%]
tests/test_phase5_empire.py::TestGMAI::test_generate_actions PASSED      [ 47%]
tests/test_phase5_empire.py::TestGMAI::test_get_recommendation PASSED    [ 47%]
tests/test_phase5_empire.py::TestEmpireIntegration::test_contract_and_cap_state PASSED [ 47%]
tests/test_phase5_empire.py::TestEmpireIntegration::test_gm_evaluates_contract_player PASSED [ 47%]
tests/test_phase6_society.py::TestSocialGraph::test_add_relationship PASSED [ 47%]
tests/test_phase6_society.py::TestSocialGraph::test_chemistry_score_neutral PASSED [ 47%]
tests/test_phase6_society.py::TestSocialGraph::test_chemistry_positive PASSED [ 48%]
tests/test_phase6_society.py::TestSocialGraph::test_chemistry_negative PASSED [ 48%]
tests/test_phase6_society.py::TestSocialGraph::test_clique_assignment PASSED [ 48%]
tests/test_phase6_society.py::TestSocialGraph::test_conflict_resolution PASSED [ 48%]
tests/test_phase6_society.py::TestNemesisEngine::test_create_rivalry PASSED [ 48%]
tests/test_phase6_society.py::TestNemesisEngine::test_escalation PASSED  [ 48%]
tests/test_phase6_society.py::TestNemesisEngine::test_matchup_heat PASSED [ 48%]
tests/test_phase6_society.py::TestNemesisEngine::test_revenge_bonus PASSED [ 48%]
tests/test_phase6_society.py::TestNemesisEngine::test_decay PASSED       [ 48%]
tests/test_phase6_society.py::TestMomentumEngine::test_initial_state PASSED [ 48%]
tests/test_phase6_society.py::TestMomentumEngine::test_positive_event PASSED [ 49%]
tests/test_phase6_society.py::TestMomentumEngine::test_negative_event PASSED [ 49%]
tests/test_phase6_society.py::TestMomentumEngine::test_heating_up PASSED [ 49%]
tests/test_phase6_society.py::TestMomentumEngine::test_performance_modifier PASSED [ 49%]
tests/test_phase6_society.py::TestMomentumEngine::test_timeout_icing PASSED [ 49%]
tests/test_phase6_society.py::TestSocietyIntegration::test_nemesis_affects_momentum PASSED [ 49%]
tests/test_phase7_training.py::TestTrainingCampEngine::test_process_day_gain PASSED [ 49%]
tests/test_phase7_training.py::TestTrainingCampEngine::test_process_rest_day PASSED [ 49%]
tests/test_phase7_training.py::TestTrainingCampEngine::test_intensity_scaling PASSED [ 49%]
tests/test_phase7_training.py::TestTrainingCampEngine::test_recommend_schedule PASSED [ 49%]
tests/test_phase7_training.py::TestProgressionEngine::test_calculate_threshold PASSED [ 50%]
tests/test_phase7_training.py::TestProgressionEngine::test_dev_trait_multiplier PASSED [ 50%]
tests/test_phase7_training.py::TestProgressionEngine::test_determine_phase PASSED [ 50%]
tests/test_phase7_training.py::TestProgressionEngine::test_apply_xp_level_up FAILED [ 50%]
tests/test_phase7_training.py::TestProgressionEngine::test_regression PASSED [ 50%]
tests/test_phase7_training.py::TestCoachingEngine::test_create_coach PASSED [ 50%]
tests/test_phase7_training.py::TestCoachingEngine::test_award_xp PASSED  [ 50%]
tests/test_phase7_training.py::TestCoachingEngine::test_purchase_skill PASSED [ 50%]
tests/test_phase7_training.py::TestCoachingEngine::test_purchase_fail_no_points PASSED [ 50%]
tests/test_phase7_training.py::TestCoachingEngine::test_staff_bonuses PASSED [ 50%]
tests/test_phase8_scouting.py::TestScoutingEngine::test_fog_of_war_tiers PASSED [ 50%]
tests/test_phase8_scouting.py::TestScoutingEngine::test_specialty_bonus PASSED [ 51%]
tests/test_phase8_scouting.py::TestScoutingEngine::test_format_display PASSED [ 51%]
tests/test_phase8_scouting.py::TestCombineSimulation::test_speed_conversion PASSED [ 51%]
tests/test_phase8_scouting.py::TestCombineSimulation::test_strength_bench FAILED [ 51%]
tests/test_phase8_scouting.py::TestDraftBoard::test_generate_board_needs PASSED [ 51%]
tests/test_phase8_scouting.py::TestDraftBoard::test_make_pick PASSED     [ 51%]
tests/test_phase9_playbook.py::TestPlaybook::test_generate_west_coast PASSED [ 51%]
tests/test_phase9_playbook.py::TestPlaybook::test_get_plays_by_situation PASSED [ 51%]
tests/test_phase9_playbook.py::TestPlayCallerAI::test_call_play_basic PASSED [ 51%]
tests/test_phase9_playbook.py::TestPlayCallerAI::test_trailing_prefers_pass PASSED [ 51%]
tests/test_phase9_playbook.py::TestDefensiveCoordinatorAI::test_call_defense_basic PASSED [ 52%]
tests/test_phase9_playbook.py::TestDefensiveCoordinatorAI::test_long_yardage_prevent PASSED [ 52%]
tests/test_phase9_playbook.py::TestDefensiveCoordinatorAI::test_blitz_on_third_long PASSED [ 52%]
tests/test_play_caller.py::test_normal_play_selection PASSED             [ 52%]
tests/test_play_caller.py::test_fourth_down_punt PASSED                  [ 52%]
tests/test_play_caller.py::test_fourth_down_field_goal PASSED            [ 52%]
tests/test_play_caller.py::test_desperation_mode PASSED                  [ 52%]
tests/test_play_caller.py::test_aggressive_coach_fourth_down PASSED      [ 52%]
tests/test_play_caller.py::test_conservative_coach_fourth_down PASSED    [ 52%]
tests/test_play_caller.py::test_advanced_coach_personality PASSED        [ 52%]
tests/test_play_caller.py::test_situational_awareness_system PASSED      [ 53%]
tests/test_play_caller.py::test_opponent_weakness_exploitation PASSED    [ 53%]
tests/test_play_caller.py::test_adaptive_strategy_system PASSED          [ 53%]
tests/test_playbook_familiarity.py::TestPlayFamiliarity::test_initial_values PASSED [ 53%]
tests/test_playbook_familiarity.py::TestPlayFamiliarity::test_success_rate_zero_executions PASSED [ 53%]
tests/test_playbook_familiarity.py::TestPlayFamiliarity::test_success_rate_calculation PASSED [ 53%]
tests/test_playbook_familiarity.py::TestPlayFamiliarity::test_tier_unknown PASSED [ 53%]
tests/test_playbook_familiarity.py::TestPlayFamiliarity::test_tier_mastery PASSED [ 53%]
tests/test_playbook_familiarity.py::TestPlaybookFamiliarity::test_execution_penalty_unknown_play PASSED [ 53%]
tests/test_playbook_familiarity.py::TestPlaybookFamiliarity::test_execution_penalty_mastered_play PASSED [ 53%]
tests/test_playbook_familiarity.py::TestPlaybookFamiliarity::test_execution_penalty_bounds PASSED [ 54%]
tests/test_playbook_familiarity.py::TestPlaybookFamiliarity::test_learn_play_increases_familiarity PASSED [ 54%]
tests/test_playbook_familiarity.py::TestPlaybookFamiliarity::test_learn_play_tracks_executions PASSED [ 54%]
tests/test_playbook_familiarity.py::TestPlaybookFamiliarity::test_learn_play_success_bonus PASSED [ 54%]
tests/test_playbook_familiarity.py::TestPlaybookFamiliarity::test_veteran_learns_faster PASSED [ 54%]
tests/test_playbook_familiarity.py::TestPlaybookFamiliarity::test_scheme_change_penalty PASSED [ 54%]
tests/test_playbook_familiarity.py::TestPlaybookFamiliarity::test_scheme_change_no_penalty_same_scheme PASSED [ 54%]
tests/test_playbook_familiarity.py::TestPlaybookFamiliarity::test_to_dict PASSED [ 54%]
tests/test_playbook_familiarity.py::TestFamiliarityManager::test_get_or_create_new PASSED [ 54%]
tests/test_playbook_familiarity.py::TestFamiliarityManager::test_get_or_create_existing PASSED [ 54%]
tests/test_playbook_familiarity.py::TestFamiliarityManager::test_team_execution_modifier PASSED [ 55%]
tests/test_playbook_familiarity.py::TestFamiliarityManager::test_apply_learning_batch PASSED [ 55%]
tests/test_playbook_familiarity.py::TestIntegrationScenarios::test_rookie_season_learning_curve PASSED [ 55%]
tests/test_playbook_familiarity.py::TestIntegrationScenarios::test_scheme_change_recovery PASSED [ 55%]
tests/test_player_development.py::test_player_development_service FAILED [ 55%]
tests/test_playoff_service.py::test_get_bracket PASSED                   [ 55%]
tests/test_playoff_service.py::test_advance_round_incomplete_round PASSED [ 55%]
tests/test_playoff_service.py::test_advance_round_wild_card_to_divisional PASSED [ 55%]
tests/test_playoff_service.py::test_advance_round_divisional_to_conference PASSED [ 55%]
tests/test_playoff_service.py::test_advance_round_conference_to_super_bowl PASSED [ 55%]
tests/test_playoff_service.py::test_matchup_creation_helper PASSED       [ 56%]
tests/test_probability_engine.py::test_compare_speed PASSED              [ 56%]
tests/test_probability_engine.py::test_compare_strength PASSED           [ 56%]
tests/test_probability_engine.py::test_calculate_success_chance PASSED   [ 56%]
tests/test_probability_engine.py::test_resolve_outcome PASSED            [ 56%]
tests/test_probability_engine.py::test_calculate_variable_outcome PASSED [ 56%]
tests/test_random_utils.py::test_deterministic_behavior PASSED           [ 56%]
tests/test_random_utils.py::test_different_seeds PASSED                  [ 56%]
tests/test_random_utils.py::test_randint PASSED                          [ 56%]
tests/test_random_utils.py::test_choice PASSED                           [ 56%]
tests/test_random_utils.py::test_shuffle PASSED                          [ 57%]
tests/test_random_utils.py::test_gauss PASSED                            [ 57%]
tests/test_rb_tribes.py::TestRBTribeClassification::test_feast_or_famine_classification PASSED [ 57%]
tests/test_rb_tribes.py::TestRBTribeClassification::test_blue_collar_classification PASSED [ 57%]
tests/test_rb_tribes.py::TestRBTribeClassification::test_cautious_carrier_classification PASSED [ 57%]
tests/test_rb_tribes.py::TestRBTribeClassification::test_standard_classification PASSED [ 57%]
tests/test_rb_tribes.py::TestRBTribeClassification::test_missing_attributes_handled PASSED [ 57%]
tests/test_rb_tribes.py::TestTribeProfiles::test_feast_or_famine_high_variance PASSED [ 57%]
tests/test_rb_tribes.py::TestTribeProfiles::test_blue_collar_low_variance PASSED [ 57%]
tests/test_rb_tribes.py::TestTribeProfiles::test_cautious_carrier_ball_security PASSED [ 57%]
tests/test_rb_tribes.py::TestGetTribeModifiers::test_returns_all_modifiers PASSED [ 58%]
tests/test_retirement.py::test_process_retirements_old_player FAILED     [ 58%]
tests/test_retirement.py::test_process_retirements_young_player FAILED   [ 58%]
tests/test_retirement.py::test_hall_of_fame_induction FAILED             [ 58%]
tests/test_rpg_layers_integration.py::TestTraitEvolutionService::test_gunslinger_trait_awarded_on_4_tds PASSED [ 58%]
tests/test_rpg_layers_integration.py::TestTraitEvolutionService::test_no_trait_if_below_threshold PASSED [ 58%]
tests/test_rpg_layers_integration.py::TestTraitEvolutionService::test_trait_not_awarded_twice PASSED [ 58%]
tests/test_rpg_layers_integration.py::TestTraitEvolutionService::test_remove_trait PASSED [ 58%]
tests/test_rpg_layers_integration.py::TestStorylineEventService::test_hot_streak_detection PASSED [ 58%]
tests/test_rpg_layers_integration.py::TestStorylineEventService::test_cold_streak_detection PASSED [ 58%]
tests/test_rpg_layers_integration.py::TestStorylineEventService::test_storyline_intensity_increases PASSED [ 59%]
tests/test_rpg_layers_integration.py::TestStorylineEventService::test_breakout_player_detection PASSED [ 59%]
tests/test_rpg_omniscient.py::test_rpg_omniscient PASSED                 [ 59%]
tests/test_salary_cap_service.py::test_get_team_cap_breakdown PASSED     [ 59%]
tests/test_salary_cap_service.py::test_get_team_cap_breakdown_team_not_found PASSED [ 59%]
tests/test_season_summary.py::test_get_season_summary_no_season PASSED   [ 59%]
tests/test_season_summary.py::test_get_season_summary_structure PASSED   [ 59%]
tests/test_season_summary.py::test_get_season_summary_playoffs PASSED    [ 59%]
tests/test_season_summary.py::test_season_summary_completion_percentage PASSED [ 59%]
tests/test_season_summary.py::test_season_summary_standings_format PASSED [ 59%]
tests/test_season_summary.py::test_season_summary_league_leaders_integration PASSED [ 60%]
tests/test_society_omniscient.py::test_society_omniscient PASSED         [ 60%]
tests/test_special_plays.py::TestSpecialPlays::test_tush_push_modifiers_short_yardage PASSED [ 60%]
tests/test_special_plays.py::TestSpecialPlays::test_tush_push_modifiers_long_yardage PASSED [ 60%]
tests/test_special_plays.py::TestSpecialPlays::test_flea_flicker_risk PASSED [ 60%]
tests/test_special_plays.py::TestSpecialPlays::test_generic_play_no_modifiers PASSED [ 60%]
tests/test_special_plays.py::TestSpecialPlays::test_tush_push_execution_success PASSED [ 60%]
tests/test_stats_service.py::test_get_league_leaders_passing PASSED      [ 60%]
tests/test_stats_service.py::test_get_league_leaders_passing_tds PASSED  [ 60%]
tests/test_stats_service.py::test_get_league_leaders_rushing PASSED      [ 60%]
tests/test_stats_service.py::test_get_league_leaders_receiving PASSED    [ 61%]
tests/test_stats_service.py::test_get_league_leaders_limit PASSED        [ 61%]
tests/test_stats_service.py::test_get_league_leaders_empty_results PASSED [ 61%]
tests/test_stats_service.py::test_get_league_leaders_multiple_games PASSED [ 61%]
tests/test_stats_service.py::test_get_league_leaders_different_seasons PASSED [ 61%]
tests/test_stats_service.py::test_invalid_stat_type PASSED               [ 61%]
tests/test_stats_service.py::test_get_league_leaders_all_stat_types PASSED [ 61%]
tests/test_trade_api.py::TestTradeEvaluateEndpoint::test_evaluate_trade_success PASSED [ 61%]
tests/test_trade_api.py::TestTradeEvaluateEndpoint::test_evaluate_trade_missing_target_team PASSED [ 61%]
tests/test_trade_api.py::TestTradeEvaluateEndpoint::test_evaluate_trade_empty_request PASSED [ 61%]
tests/test_trade_api.py::TestTradeEvaluateEndpoint::test_evaluate_trade_invalid_player_id PASSED [ 62%]
tests/test_trade_api.py::TestTradeEvaluateEndpoint::test_evaluate_trade_player_wrong_team PASSED [ 62%]
tests/test_trade_api.py::TestTradeOfferEndpoint::test_submit_offer_success PASSED [ 62%]
tests/test_trade_api.py::TestTradePendingEndpoint::test_get_pending_offers_stub PASSED [ 62%]
tests/test_training_drills.py::TestDrillCatalog::test_have_minimum_50_drills PASSED [ 62%]
tests/test_training_drills.py::TestDrillCatalog::test_drill_pydantic_model_validation PASSED [ 62%]
tests/test_training_drills.py::TestDrillCatalog::test_drill_injury_risk_bounds PASSED [ 62%]
tests/test_training_drills.py::TestDrillCatalog::test_qb_drills_exist PASSED [ 62%]
tests/test_training_drills.py::TestDrillCatalog::test_rb_drills_exist PASSED [ 62%]
tests/test_training_drills.py::TestDrillCatalog::test_wr_drills_exist PASSED [ 62%]
tests/test_training_drills.py::TestDrillCatalog::test_ol_drills_exist PASSED [ 62%]
tests/test_training_drills.py::TestDrillCatalog::test_dl_drills_exist PASSED [ 63%]
tests/test_training_drills.py::TestDrillCatalog::test_db_drills_exist PASSED [ 63%]
tests/test_training_drills.py::TestDrillCatalog::test_lb_drills_exist PASSED [ 63%]
tests/test_training_drills.py::TestDrillCatalog::test_st_drills_exist PASSED [ 63%]
tests/test_training_drills.py::TestDrillCatalog::test_position_drill_map_coverage PASSED [ 63%]
tests/test_training_drills.py::TestDrillCatalog::test_get_drills_for_position PASSED [ 63%]
tests/test_training_drills.py::TestDrillCatalog::test_get_drills_for_season PASSED [ 63%]
tests/test_training_drills.py::TestDrillCatalog::test_get_drills_by_category PASSED [ 63%]
tests/test_training_drills.py::TestCoachingPhilosophy::test_all_four_styles_exist PASSED [ 63%]
tests/test_training_drills.py::TestCoachingPhilosophy::test_volume_style_properties PASSED [ 63%]
tests/test_training_drills.py::TestCoachingPhilosophy::test_intensity_style_properties PASSED [ 64%]
tests/test_training_drills.py::TestCoachingPhilosophy::test_smart_style_properties PASSED [ 64%]
tests/test_training_drills.py::TestCoachingPhilosophy::test_old_school_style_properties PASSED [ 64%]
tests/test_training_drills.py::TestCoachingPhilosophy::test_get_coaching_style PASSED [ 64%]
tests/test_training_drills.py::TestCoachingPhilosophy::test_calculate_training_modifiers_young_player PASSED [ 64%]
tests/test_training_drills.py::TestCoachingPhilosophy::test_calculate_training_modifiers_veteran PASSED [ 64%]
tests/test_training_drills.py::TestCoachingPhilosophy::test_seasonal_intensity_cap PASSED [ 64%]
tests/test_training_drills.py::TestTrainingEngine::test_train_with_drill_basic PASSED [ 64%]
tests/test_training_drills.py::TestTrainingEngine::test_seasonal_periodization PASSED [ 64%]
tests/test_training_drills.py::TestTrainingEngine::test_weekly_load_management PASSED [ 64%]
tests/test_training_drills.py::TestTrainingEngine::test_injury_risk_increases_with_fatigue PASSED [ 65%]
tests/test_training_drills.py::TestTrainingEngine::test_xp_multiplier_from_drill PASSED [ 65%]
tests/test_training_drills.py::TestTrainingEngine::test_coaching_style_affects_training PASSED [ 65%]
tests/test_training_drills.py::TestTrainingEngine::test_recovery_with_coaching_style PASSED [ 65%]
tests/test_training_drills.py::TestTrainingEngine::test_training_recommendation PASSED [ 65%]
tests/test_trait_service.py::TestTraitCatalog::test_get_catalog_returns_dict PASSED [ 65%]
tests/test_trait_service.py::TestTraitCatalog::test_catalog_has_expected_traits PASSED [ 65%]
tests/test_trait_service.py::TestTraitCatalog::test_get_trait_definition_by_key PASSED [ 65%]
tests/test_trait_service.py::TestTraitCatalog::test_get_trait_by_name PASSED [ 65%]
tests/test_trait_service.py::TestTraitCatalog::test_unknown_trait_returns_none PASSED [ 65%]
tests/test_trait_service.py::TestTraitActivation::test_on_field_trait_always_activates PASSED [ 66%]
tests/test_trait_service.py::TestTraitActivation::test_clutch_trait_activates_in_clutch PASSED [ 66%]
tests/test_trait_service.py::TestTraitActivation::test_clutch_trait_inactive_outside_clutch PASSED [ 66%]
tests/test_trait_service.py::TestProbabilityEngineTraitIntegration::test_no_traits_returns_base_probability PASSED [ 66%]
tests/test_trait_service.py::TestProbabilityEngineTraitIntegration::test_trait_boost_increases_probability PASSED [ 66%]
tests/test_trait_service.py::TestProbabilityEngineTraitIntegration::test_pressure_immunity_adds_bonus PASSED [ 66%]
tests/test_trait_service.py::TestProbabilityEngineTraitIntegration::test_probability_capped_at_max PASSED [ 66%]
tests/test_trait_service.py::TestProbabilityEngineTraitIntegration::test_probability_floored_at_min PASSED [ 66%]
tests/test_trait_service.py::TestCrunchTimeDetection::test_4th_quarter_close_game_is_crunch_time PASSED [ 66%]
tests/test_trait_service.py::TestCrunchTimeDetection::test_overtime_is_crunch_time PASSED [ 66%]
tests/test_trait_service.py::TestCrunchTimeDetection::test_1st_quarter_is_not_crunch_time PASSED [ 67%]
tests/test_trait_service.py::TestCrunchTimeDetection::test_blowout_is_not_crunch_time PASSED [ 67%]
tests/test_use_based_progression.py::TestActionXPAwards::test_pass_completion_awards_xp PASSED [ 67%]
tests/test_use_based_progression.py::TestActionXPAwards::test_deep_pass_awards_more_xp PASSED [ 67%]
tests/test_use_based_progression.py::TestActionXPAwards::test_sack_awards_pass_rush_xp PASSED [ 67%]
tests/test_use_based_progression.py::TestActionXPAwards::test_interception_awards_coverage_xp PASSED [ 67%]
tests/test_use_based_progression.py::TestMultipliers::test_superstar_gets_1_5x_multiplier PASSED [ 67%]
tests/test_use_based_progression.py::TestMultipliers::test_young_player_learns_faster PASSED [ 67%]
tests/test_use_based_progression.py::TestMultipliers::test_prime_player_baseline PASSED [ 67%]
tests/test_use_based_progression.py::TestMultipliers::test_veteran_learns_slower PASSED [ 67%]
tests/test_use_based_progression.py::TestMultipliers::test_red_zone_context_bonus PASSED [ 68%]
tests/test_use_based_progression.py::TestMultipliers::test_goal_line_context_bonus PASSED [ 68%]
tests/test_use_based_progression.py::TestLevelUp::test_low_rating_levels_up_with_100_xp PASSED [ 68%]
tests/test_use_based_progression.py::TestLevelUp::test_mid_rating_needs_more_xp PASSED [ 68%]
tests/test_use_based_progression.py::TestLevelUp::test_high_rating_needs_much_more_xp PASSED [ 68%]
tests/test_use_based_progression.py::TestLevelUp::test_elite_rating_very_hard_to_improve PASSED [ 68%]
tests/test_use_based_progression.py::TestLevelUp::test_level_up_applies_when_threshold_reached PASSED [ 68%]
tests/test_use_based_progression.py::TestLevelUp::test_excess_xp_rolls_over PASSED [ 68%]
tests/test_use_based_progression.py::TestLevelUp::test_multiple_level_ups_at_once PASSED [ 68%]
tests/test_use_based_progression.py::TestLevelUp::test_cannot_exceed_99 PASSED [ 68%]
tests/test_use_based_progression.py::TestProgressionIntegration::test_full_game_progression_workflow PASSED [ 69%]
tests/test_weekly_wrapup_integration.py::TestNewsFeedService::test_process_sack_event PASSED [ 69%]
tests/test_weekly_wrapup_integration.py::TestNewsFeedService::test_process_touchdown_event PASSED [ 69%]
tests/test_weekly_wrapup_integration.py::TestNewsFeedService::test_get_news_filters_by_week PASSED [ 69%]
tests/test_weekly_wrapup_integration.py::TestWeeklyRecapService::test_generate_recap_creates_summary PASSED [ 69%]
tests/test_weekly_wrapup_integration.py::TestWeeklyRecapService::test_generate_recap_is_idempotent PASSED [ 69%]
tests/test_weekly_wrapup_integration.py::TestEventBusIntegration::test_eventbus_subscription PASSED [ 69%]
tests/test_xp_formulas.py::TestQBProgression::test_qb_elite_performance_xp PASSED [ 69%]
tests/test_xp_formulas.py::TestQBProgression::test_qb_turnover_penalty PASSED [ 69%]
tests/test_xp_formulas.py::TestQBProgression::test_qb_minimal_stats_gets_base_xp PASSED [ 69%]
tests/test_xp_formulas.py::TestRBProgression::test_rb_rushing_xp[100-1-170] PASSED [ 70%]
tests/test_xp_formulas.py::TestRBProgression::test_rb_rushing_xp[0-0-50] PASSED [ 70%]
tests/test_xp_formulas.py::TestRBProgression::test_rb_rushing_xp[200-2-290] PASSED [ 70%]
tests/test_xp_formulas.py::TestRBProgression::test_rb_receiving_bonus PASSED [ 70%]
tests/test_xp_formulas.py::TestRBProgression::test_rb_fumble_penalty PASSED [ 70%]
tests/test_xp_formulas.py::TestWRTEProgression::test_wr_te_reception_xp[WR] PASSED [ 70%]
tests/test_xp_formulas.py::TestWRTEProgression::test_wr_te_reception_xp[TE] PASSED [ 70%]
tests/test_xp_formulas.py::TestWRTEProgression::test_wr_drop_penalty PASSED [ 70%]
tests/test_xp_formulas.py::TestDefensiveProgression::test_lb_versatile_stats PASSED [ 70%]
tests/test_xp_formulas.py::TestDefensiveProgression::test_dl_sack_xp[DE] PASSED [ 70%]
tests/test_xp_formulas.py::TestDefensiveProgression::test_dl_sack_xp[DT] PASSED [ 71%]
tests/test_xp_formulas.py::TestDefensiveProgression::test_db_coverage_xp[CB] PASSED [ 71%]
tests/test_xp_formulas.py::TestDefensiveProgression::test_db_coverage_xp[S] PASSED [ 71%]
tests/test_xp_formulas.py::TestDefensiveProgression::test_cb_td_allowed_penalty PASSED [ 71%]
tests/test_xp_formulas.py::TestOLProgression::test_ol_blocking_xp[OT] PASSED [ 71%]
tests/test_xp_formulas.py::TestOLProgression::test_ol_blocking_xp[OG] PASSED [ 71%]
tests/test_xp_formulas.py::TestOLProgression::test_ol_blocking_xp[C] PASSED [ 71%]
tests/test_xp_formulas.py::TestOLProgression::test_ol_sack_allowed_penalty PASSED [ 71%]
tests/test_xp_formulas.py::TestSpecialTeamsProgression::test_kicker_base_xp_is_lower PASSED [ 71%]
tests/test_xp_formulas.py::TestSpecialTeamsProgression::test_kicker_field_goal_xp PASSED [ 71%]
tests/test_xp_formulas.py::TestSpecialTeamsProgression::test_kicker_miss_penalty PASSED [ 72%]
tests/test_xp_formulas.py::TestSpecialTeamsProgression::test_punter_base_xp_is_lower PASSED [ 72%]
tests/test_xp_formulas.py::TestSpecialTeamsProgression::test_punter_inside_20_xp PASSED [ 72%]
tests/test_xp_formulas.py::TestXPEdgeCases::test_xp_never_negative PASSED [ 72%]
tests/test_xp_formulas.py::TestXPEdgeCases::test_unknown_position_gets_base_xp PASSED [ 72%]
tests/test_xp_formulas.py::TestXPEdgeCases::test_xp_is_integer PASSED    [ 72%]
tests/unit/test_ability_service.py::TestAbilityService::test_get_catalog PASSED [ 72%]
tests/unit/test_ability_service.py::TestAbilityService::test_eligibility_level_requirement PASSED [ 72%]
tests/unit/test_ability_service.py::TestAbilityService::test_eligibility_position_requirement PASSED [ 72%]
tests/unit/test_ability_service.py::TestAbilityService::test_unlock_deducts_xp PASSED [ 72%]
tests/unit/test_ability_service.py::TestAbilityService::test_unlock_insufficient_xp_fails PASSED [ 73%]
tests/unit/test_ability_service.py::TestAbilityService::test_double_unlock_fails PASSED [ 73%]
tests/unit/test_ability_service.py::TestAbilityService::test_has_ability PASSED [ 73%]
tests/unit/test_ai_services.py::TestGeminiClient::test_singleton_pattern PASSED [ 73%]
tests/unit/test_ai_services.py::TestGeminiClient::test_not_available_without_api_key PASSED [ 73%]
tests/unit/test_ai_services.py::TestGeminiClient::test_generate_text_returns_none_without_client PASSED [ 73%]
tests/unit/test_ai_services.py::TestGeminiClient::test_generate_structured_returns_none_without_client PASSED [ 73%]
tests/unit/test_ai_services.py::TestScoutingAIService::test_generate_scouting_report_fallback PASSED [ 73%]
tests/unit/test_ai_services.py::TestScoutingAIService::test_generate_backstory_fallback PASSED [ 73%]
tests/unit/test_ai_services.py::TestScoutingAIService::test_report_caching PASSED [ 73%]
tests/unit/test_ai_services.py::TestScoutingAIService::test_report_cache_bypass PASSED [ 74%]
tests/unit/test_ai_services.py::TestScoutingAIService::test_backstory_caching PASSED [ 74%]
tests/unit/test_ai_services.py::TestScoutingAIService::test_clear_cache PASSED [ 74%]
tests/unit/test_ai_services.py::TestScoutingAIService::test_high_rated_player_gets_high_grade PASSED [ 74%]
tests/unit/test_ai_services.py::TestScoutingAIService::test_low_rated_player_gets_low_grade PASSED [ 74%]
tests/unit/test_ai_services.py::TestServiceSingleton::test_get_scouting_ai_service_singleton PASSED [ 74%]
tests/unit/test_app_factory.py::test_create_app_returns_fastapi_instance FAILED [ 74%]
tests/unit/test_app_factory.py::test_create_app_has_root_endpoint PASSED [ 74%]
tests/unit/test_app_factory.py::test_create_app_has_middleware PASSED    [ 74%]
tests/unit/test_app_factory.py::test_create_app_has_exception_handlers PASSED [ 74%]
tests/unit/test_app_factory.py::test_create_app_has_routes PASSED        [ 75%]
tests/unit/test_attribute_interaction.py::TestInteractionCatalog::test_catalog_is_populated PASSED [ 75%]
tests/unit/test_attribute_interaction.py::TestInteractionCatalog::test_all_interaction_types_covered PASSED [ 75%]
tests/unit/test_attribute_interaction.py::TestInteractionCatalog::test_key_interactions_exist PASSED [ 75%]
tests/unit/test_attribute_interaction.py::TestInteractionCatalog::test_interaction_definitions_complete PASSED [ 75%]
tests/unit/test_attribute_interaction.py::TestInteractionCatalog::test_narrative_templates_complete PASSED [ 75%]
tests/unit/test_attribute_interaction.py::TestOutcomeCalculations::test_dominant_win_large_differential PASSED [ 75%]
tests/unit/test_attribute_interaction.py::TestOutcomeCalculations::test_press_dominance_elite_cb PASSED [ 75%]
tests/unit/test_attribute_interaction.py::TestOutcomeCalculations::test_evenly_matched_neutral PASSED [ 75%]
tests/unit/test_attribute_interaction.py::TestOutcomeCalculations::test_differential_thresholds PASSED [ 75%]
tests/unit/test_attribute_interaction.py::TestSituationalModifiers::test_home_field_advantage PASSED [ 75%]
tests/unit/test_attribute_interaction.py::TestSituationalModifiers::test_weather_affects_release PASSED [ 76%]
tests/unit/test_attribute_interaction.py::TestSituationalModifiers::test_playoff_intensity PASSED [ 76%]
tests/unit/test_attribute_interaction.py::TestSituationalModifiers::test_multiple_modifiers_stack PASSED [ 76%]
tests/unit/test_attribute_interaction.py::TestExperienceModifiers::test_veteran_advantage PASSED [ 76%]
tests/unit/test_attribute_interaction.py::TestExperienceModifiers::test_experience_capped PASSED [ 76%]
tests/unit/test_attribute_interaction.py::TestNarrativeGeneration::test_narrative_includes_player_name PASSED [ 76%]
tests/unit/test_attribute_interaction.py::TestNarrativeGeneration::test_dominant_win_narrative_exciting PASSED [ 76%]
tests/unit/test_attribute_interaction.py::TestEffectCalculations::test_winner_gets_boost PASSED [ 76%]
tests/unit/test_attribute_interaction.py::TestEffectCalculations::test_loser_gets_penalty_on_loss PASSED [ 76%]
tests/unit/test_attribute_interaction.py::TestEffectCalculations::test_neutral_no_effects PASSED [ 76%]
tests/unit/test_attribute_interaction.py::TestEffectCalculations::test_effects_capped PASSED [ 77%]
tests/unit/test_attribute_interaction.py::TestRandomVariance::test_variance_applied_with_rng PASSED [ 77%]
tests/unit/test_attribute_interaction.py::TestRandomVariance::test_no_variance_without_rng PASSED [ 77%]
tests/unit/test_attribute_interaction.py::TestBatchProcessing::test_batch_calculate_multiple PASSED [ 77%]
tests/unit/test_attribute_interaction.py::TestBatchProcessing::test_batch_shares_context PASSED [ 77%]
tests/unit/test_attribute_interaction.py::TestUtilityMethods::test_get_all_interactions PASSED [ 77%]
tests/unit/test_attribute_interaction.py::TestUtilityMethods::test_get_interactions_for_pass_play PASSED [ 77%]
tests/unit/test_attribute_interaction.py::TestUtilityMethods::test_get_interactions_for_run_play PASSED [ 77%]
tests/unit/test_attribute_interaction.py::TestUtilityMethods::test_unknown_interaction_neutral PASSED [ 77%]
tests/unit/test_attribute_interaction.py::TestPlayIntegration::test_apply_to_play_aggregates PASSED [ 77%]
tests/unit/test_attribute_interaction.py::TestPlayIntegration::test_dominant_events_captured PASSED [ 78%]
tests/unit/test_attribute_interaction.py::TestResultSerialization::test_to_dict PASSED [ 78%]
tests/unit/test_attribute_interaction.py::TestResultSerialization::test_to_dict_values_rounded PASSED [ 78%]
tests/unit/test_audible_master.py::TestAudibleMaster::test_audible_master_reduces_clock_cost PASSED [ 78%]
tests/unit/test_audible_master.py::TestAudibleMaster::test_audible_standard_clock_cost PASSED [ 78%]
tests/unit/test_audible_master.py::TestAudibleMaster::test_audible_master_prevents_false_start PASSED [ 78%]
tests/unit/test_audible_master.py::TestAudibleMaster::test_standard_audible_has_false_start_risk PASSED [ 78%]
tests/unit/test_audible_master.py::TestAudibleMaster::test_standard_audible_success PASSED [ 78%]
tests/unit/test_chemistry_service.py::test_hash_generation PASSED        [ 78%]
tests/unit/test_clock_management.py::TestClockManagementAI::test_hurry_up_detection PASSED [ 78%]
tests/unit/test_clock_management.py::TestClockManagementAI::test_spike_decision PASSED [ 79%]
tests/unit/test_clock_management.py::TestClockManagementAI::test_strategy_selection PASSED [ 79%]
tests/unit/test_clock_management.py::TestClockManagementAI::test_urgency_level_critical PASSED [ 79%]
tests/unit/test_clock_management.py::TestClockManagementAI::test_urgency_level_high PASSED [ 79%]
tests/unit/test_clock_management.py::TestClockManagementAI::test_urgency_level_low_when_winning PASSED [ 79%]
tests/unit/test_clock_management.py::TestClockManagementAI::test_two_minute_drill_context PASSED [ 79%]
tests/unit/test_clock_management.py::TestClockManagementAI::test_play_adjustments_critical PASSED [ 79%]
tests/unit/test_clock_management.py::TestClockManagementAI::test_play_adjustments_normal PASSED [ 79%]
tests/unit/test_coach_hierarchy.py::TestCoachTierSystem::test_tier_calculation_legend PASSED [ 79%]
tests/unit/test_coach_hierarchy.py::TestCoachTierSystem::test_tier_calculation_elite PASSED [ 79%]
tests/unit/test_coach_hierarchy.py::TestCoachTierSystem::test_tier_calculation_veteran PASSED [ 80%]
tests/unit/test_coach_hierarchy.py::TestCoachTierSystem::test_tier_calculation_developing PASSED [ 80%]
tests/unit/test_coach_hierarchy.py::TestCoachTierSystem::test_tier_calculation_rookie PASSED [ 80%]
tests/unit/test_coach_hierarchy.py::TestCoachTierSystem::test_tier_multipliers PASSED [ 80%]
tests/unit/test_coach_hierarchy.py::TestSchemeExpertise::test_west_coast_qb_bonus PASSED [ 80%]
tests/unit/test_coach_hierarchy.py::TestSchemeExpertise::test_west_coast_wr_bonus PASSED [ 80%]
tests/unit/test_coach_hierarchy.py::TestSchemeExpertise::test_power_run_rb_bonus PASSED [ 80%]
tests/unit/test_coach_hierarchy.py::TestSchemeExpertise::test_four_three_de_bonus PASSED [ 80%]
tests/unit/test_coach_hierarchy.py::TestSchemeExpertise::test_no_scheme_match PASSED [ 80%]
tests/unit/test_coach_hierarchy.py::TestSchemeExpertise::test_unknown_scheme PASSED [ 80%]
tests/unit/test_coach_hierarchy.py::TestArchetypes::test_qb_guru_qb_bonus PASSED [ 81%]
tests/unit/test_coach_hierarchy.py::TestArchetypes::test_qb_guru_wr_secondary PASSED [ 81%]
tests/unit/test_coach_hierarchy.py::TestArchetypes::test_ol_master_bonus PASSED [ 81%]
tests/unit/test_coach_hierarchy.py::TestArchetypes::test_generalist_no_bonus PASSED [ 81%]
tests/unit/test_coach_hierarchy.py::TestDevelopmentCalculation::test_legend_qb_guru_west_coast_qb PASSED [ 81%]
tests/unit/test_coach_hierarchy.py::TestDevelopmentCalculation::test_rookie_generalist PASSED [ 81%]
tests/unit/test_coach_hierarchy.py::TestDevelopmentCalculation::test_elite_with_scheme_match PASSED [ 81%]
tests/unit/test_coach_hierarchy.py::TestDevelopmentCalculation::test_position_summary PASSED [ 81%]
tests/unit/test_coaching_ai.py::TestCoachingAIService::test_get_adjusted_aggression_trailing PASSED [ 81%]
tests/unit/test_coaching_ai.py::TestCoachingAIService::test_get_adjusted_aggression_leading_late PASSED [ 81%]
tests/unit/test_coaching_ai.py::TestCoachingAIService::test_should_go_for_it_4th_down_aggressive PASSED [ 82%]
tests/unit/test_coaching_ai.py::TestCoachingAIService::test_should_go_for_it_4th_long_conservative PASSED [ 82%]
tests/unit/test_coaching_ai.py::TestCoachingAIService::test_should_call_timeout_offense PASSED [ 82%]
tests/unit/test_coaching_ai.py::TestCoachingAIService::test_should_call_timeout_defense_winning PASSED [ 82%]
tests/unit/test_coaching_personality.py::TestPersonalityProfiles::test_conservative_low_aggression PASSED [ 82%]
tests/unit/test_coaching_personality.py::TestPersonalityProfiles::test_gambler_high_aggression PASSED [ 82%]
tests/unit/test_coaching_personality.py::TestPersonalityProfiles::test_balanced_middle_ground PASSED [ 82%]
tests/unit/test_coaching_personality.py::TestSituationalModifiers::test_home_field_boost PASSED [ 82%]
tests/unit/test_coaching_personality.py::TestSituationalModifiers::test_trailing_big_increases_aggression PASSED [ 82%]
tests/unit/test_coaching_personality.py::TestSituationalModifiers::test_leading_big_decreases_aggression PASSED [ 82%]
tests/unit/test_coaching_personality.py::TestSituationalModifiers::test_late_game_trailing PASSED [ 83%]
tests/unit/test_coaching_personality.py::TestPersonalityDetermination::test_high_aggression_is_gambler PASSED [ 83%]
tests/unit/test_coaching_personality.py::TestPersonalityDetermination::test_moderate_aggression_is_offensive_guru PASSED [ 83%]
tests/unit/test_coaching_personality.py::TestPersonalityDetermination::test_low_aggression_is_old_school PASSED [ 83%]
tests/unit/test_coaching_personality.py::TestPlayCallerIntegration::test_create_config_ceo PASSED [ 83%]
tests/unit/test_coaching_personality.py::TestPlayCallerIntegration::test_create_config_analytics_trailing PASSED [ 83%]
tests/unit/test_game_repository.py::TestGameRepository::test_aggregate_stats_passing PASSED [ 83%]
tests/unit/test_game_repository.py::TestGameRepository::test_aggregate_stats_rushing PASSED [ 83%]
tests/unit/test_game_repository.py::TestGameRepository::test_aggregate_stats_receiving PASSED [ 83%]
tests/unit/test_game_repository.py::TestGameRepository::test_aggregate_stats_empty_history PASSED [ 83%]
tests/unit/test_game_repository.py::TestGameRepository::test_save_game_progress PASSED [ 84%]
tests/unit/test_game_repository.py::TestGameRepository::test_save_game_progress_no_game_id PASSED [ 84%]
tests/unit/test_game_repository.py::TestGameRepository::test_finalize_game PASSED [ 84%]
tests/unit/test_game_repository.py::TestGameRepository::test_finalize_game_not_found PASSED [ 84%]
tests/unit/test_game_rules.py::TestGameRules::test_overtime_transition PASSED [ 84%]
tests/unit/test_game_rules.py::TestGameRules::test_regulation_end PASSED [ 84%]
tests/unit/test_game_rules.py::TestGameRules::test_two_point_conversion_wrapper PASSED [ 84%]
tests/unit/test_game_rules.py::TestGameRules::test_two_point_conversion_fallback PASSED [ 84%]
tests/unit/test_game_state_manager.py::TestGameStateManager::test_initial_state PASSED [ 84%]
tests/unit/test_game_state_manager.py::TestGameStateManager::test_time_left_seconds PASSED [ 84%]
tests/unit/test_game_state_manager.py::TestGameStateManager::test_update_clock PASSED [ 85%]
tests/unit/test_game_state_manager.py::TestGameStateManager::test_update_clock_minimum PASSED [ 85%]
tests/unit/test_game_state_manager.py::TestGameStateManager::test_advance_quarter PASSED [ 85%]
tests/unit/test_game_state_manager.py::TestGameStateManager::test_update_score_home PASSED [ 85%]
tests/unit/test_game_state_manager.py::TestGameStateManager::test_update_score_away PASSED [ 85%]
tests/unit/test_game_state_manager.py::TestGameStateManager::test_update_yard_line_home PASSED [ 85%]
tests/unit/test_game_state_manager.py::TestGameStateManager::test_update_yard_line_away PASSED [ 85%]
tests/unit/test_game_state_manager.py::TestGameStateManager::test_update_yard_line_bounds PASSED [ 85%]
tests/unit/test_game_state_manager.py::TestGameStateManager::test_update_downs_first_down PASSED [ 85%]
tests/unit/test_game_state_manager.py::TestGameStateManager::test_update_downs_no_first_down PASSED [ 85%]
tests/unit/test_game_state_manager.py::TestGameStateManager::test_handle_turnover PASSED [ 86%]
tests/unit/test_game_state_manager.py::TestGameStateManager::test_handle_touchdown PASSED [ 86%]
tests/unit/test_game_state_manager.py::TestGameStateManager::test_use_timeout_success PASSED [ 86%]
tests/unit/test_game_state_manager.py::TestGameStateManager::test_use_timeout_failure PASSED [ 86%]
tests/unit/test_game_state_manager.py::TestGameStateManager::test_get_score_diff PASSED [ 86%]
tests/unit/test_game_state_manager.py::TestGameStateManager::test_get_distance_to_goal PASSED [ 86%]
tests/unit/test_game_state_manager.py::TestGameStateManager::test_is_quarter_over PASSED [ 86%]
tests/unit/test_game_state_manager.py::TestGameStateManager::test_is_game_over FAILED [ 86%]
tests/unit/test_game_state_manager.py::TestGameStateManager::test_reset PASSED [ 86%]
tests/unit/test_game_state_manager.py::TestGameStateManager::test_to_dict PASSED [ 86%]
tests/unit/test_game_state_manager.py::TestGameStateManager::test_from_dict PASSED [ 87%]
tests/unit/test_injury_probability.py::TestComputePlayInjuryProbability::test_compute_base_probability PASSED [ 87%]
tests/unit/test_injury_probability.py::TestComputePlayInjuryProbability::test_sack_multiplier_increases_probability PASSED [ 87%]
tests/unit/test_injury_probability.py::TestComputePlayInjuryProbability::test_hip_drop_tackle_extreme_multiplier PASSED [ 87%]
tests/unit/test_injury_probability.py::TestComputePlayInjuryProbability::test_position_multipliers PASSED [ 87%]
tests/unit/test_injury_probability.py::TestComputePlayInjuryProbability::test_fatigue_increases_risk PASSED [ 87%]
tests/unit/test_injury_probability.py::TestComputePlayInjuryProbability::test_age_increases_risk PASSED [ 87%]
tests/unit/test_injury_probability.py::TestGenerateInjurySeverity::test_returns_value_in_range PASSED [ 87%]
tests/unit/test_injury_probability.py::TestPlayerHasRagknow::test_detects_ragknow_in_active_traits PASSED [ 87%]
tests/unit/test_injury_probability.py::TestPlayerHasRagknow::test_returns_false_when_no_ragknow PASSED [ 87%]
tests/unit/test_injury_probability.py::TestCalculateInjuredPerformancePenalty::test_ragknow_ignores_penalties PASSED [ 87%]
tests/unit/test_injury_probability.py::TestCalculateInjuredPerformancePenalty::test_severity_affects_penalties PASSED [ 88%]
tests/unit/test_injury_probability.py::TestApplyPlayingInjuredRisk::test_can_escalate PASSED [ 88%]
tests/unit/test_injury_probability.py::TestApplyPlayingInjuredRisk::test_severity_10_cannot_escalate PASSED [ 88%]
tests/unit/test_injury_system.py::TestInjurySystem::test_apply_injury_minor PASSED [ 88%]
tests/unit/test_injury_system.py::TestInjurySystem::test_apply_injury_severe PASSED [ 88%]
tests/unit/test_injury_system.py::TestInjurySystem::test_recovery_calculation_age_impact PASSED [ 88%]
tests/unit/test_injury_system.py::TestInjurySystem::test_recovery_calculation_durability_impact PASSED [ 88%]
tests/unit/test_injury_system.py::TestInjurySystem::test_process_recovery_step_normal PASSED [ 88%]
tests/unit/test_injury_system.py::TestInjurySystem::test_process_recovery_step_setback PASSED [ 88%]
tests/unit/test_injury_system.py::TestInjurySystem::test_clear_injury_with_degradation PASSED [ 88%]
tests/unit/test_injury_system.py::TestInjurySystem::test_training_staff_impact_on_risk PASSED [ 89%]
tests/unit/test_injury_system.py::TestInjurySystem::test_medical_rating_impact_on_recovery PASSED [ 89%]
tests/unit/test_injury_system.py::TestInjurySystem::test_medical_rating_impact_on_setback PASSED [ 89%]
tests/unit/test_nflverse_service.py::test_calculate_age PASSED           [ 89%]
tests/unit/test_nflverse_service.py::test_import_rosters PASSED          [ 89%]
tests/unit/test_nflverse_service.py::test_enrichment_logic PASSED        [ 89%]
tests/unit/test_qb_pocket_presence.py::TestQBPocketPresence::test_pocket_presence_reduces_sack_probability PASSED [ 89%]
tests/unit/test_qb_pocket_presence.py::TestQBPocketPresence::test_pocket_presence_scaling PASSED [ 89%]
tests/unit/test_qb_pocket_presence.py::TestQBPocketPresence::test_multiple_losses_with_pocket_presence PASSED [ 89%]
tests/unit/test_qb_pocket_presence.py::TestQBPocketPresence::test_pocket_presence_no_effect_on_pancake PASSED [ 89%]
tests/unit/test_qb_pocket_presence.py::TestQBPocketPresence::test_chemistry_bonus_reduces_sack_probability PASSED [ 90%]
tests/unit/test_qb_pocket_presence.py::TestQBPocketPresence::test_mobility_reduces_sack_probability PASSED [ 90%]
tests/unit/test_ragknow_trait.py::TestRagknowTraitDefinition::test_ragknow_exists_in_catalog PASSED [ 90%]
tests/unit/test_ragknow_trait.py::TestRagknowTraitDefinition::test_ragknow_is_legendary PASSED [ 90%]
tests/unit/test_ragknow_trait.py::TestRagknowTraitDefinition::test_ragknow_has_correct_effects PASSED [ 90%]
tests/unit/test_ragknow_trait.py::TestRagknowTraitDefinition::test_ragknow_has_league_cap PASSED [ 90%]
tests/unit/test_ragknow_trait.py::TestRagknowTraitDefinition::test_ragknow_requires_veteran_status PASSED [ 90%]
tests/unit/test_ragknow_trait.py::TestRagknowTraitDefinition::test_ragknow_available_to_all_positions PASSED [ 90%]
tests/unit/test_ragknow_trait.py::TestPlayerHasRagknow::test_player_without_ragknow PASSED [ 90%]
tests/unit/test_ragknow_trait.py::TestPlayerHasRagknow::test_player_with_ragknow_in_active_traits PASSED [ 90%]
tests/unit/test_ragknow_trait.py::TestPlayerHasRagknow::test_player_with_ragknow_in_traits_list PASSED [ 91%]
tests/unit/test_ragknow_trait.py::TestPlayerHasRagknow::test_player_with_ragknow_string_in_traits PASSED [ 91%]
tests/unit/test_ragknow_trait.py::TestRagknowIgnoresPenalties::test_ragknow_no_performance_penalties PASSED [ 91%]
tests/unit/test_ragknow_trait.py::TestRagknowIgnoresPenalties::test_normal_player_has_penalties PASSED [ 91%]
tests/unit/test_ragknow_trait.py::TestRagknowIgnoresPenalties::test_all_severity_levels_ignored PASSED [ 91%]
tests/unit/test_ragknow_trait.py::TestRagknowMaxPlayableSeverity::test_ragknow_can_play_through_severity_7 PASSED [ 91%]
tests/unit/test_ragknow_trait.py::TestRagknowMaxPlayableSeverity::test_ragknow_cannot_play_through_severity_8 PASSED [ 91%]
tests/unit/test_ragknow_trait.py::TestRagknowMaxPlayableSeverity::test_ragknow_bypasses_toughness_requirements PASSED [ 91%]
tests/unit/test_ragknow_trait.py::TestRagknowEscalationReduction::test_ragknow_reduces_escalation PASSED [ 91%]
tests/unit/test_ragknow_trait.py::TestRagknowRecoveryBonus::test_recovery_multiplier_value PASSED [ 91%]
tests/unit/test_ragknow_trait.py::TestRagknowRecoveryBonus::test_recovery_applied_correctly PASSED [ 92%]
tests/unit/test_ragknow_trait.py::TestToughnessBasedPlayThrough::test_low_toughness_minor_only PASSED [ 92%]
tests/unit/test_ragknow_trait.py::TestToughnessBasedPlayThrough::test_high_toughness_more_injuries PASSED [ 92%]
tests/unit/test_ragknow_trait.py::TestToughnessBasedPlayThrough::test_experience_increases_effective_toughness PASSED [ 92%]
tests/unit/test_ragknow_trait.py::TestTraitRaritySystem::test_legendary_traits_have_caps PASSED [ 92%]
tests/unit/test_ragknow_trait.py::TestTraitRaritySystem::test_rare_traits_exist PASSED [ 92%]
tests/unit/test_ragknow_trait.py::TestTraitRaritySystem::test_common_traits_no_cap PASSED [ 92%]
tests/unit/test_ratings_generator.py::test_scale_helper PASSED           [ 92%]
tests/unit/test_ratings_generator.py::test_inverse_scale_helper PASSED   [ 92%]
tests/unit/test_ratings_generator.py::test_generate_qb_ratings PASSED    [ 92%]
tests/unit/test_ratings_generator.py::test_generate_wr_ratings PASSED    [ 93%]
tests/unit/test_ratings_generator.py::test_generate_dl_edge_ratings PASSED [ 93%]
tests/unit/test_rpg_traits.py::TestRPGTraitEffects::test_green_dot_boosts_defense PASSED [ 93%]
tests/unit/test_rpg_traits.py::TestRPGTraitEffects::test_pick_artist_effects PASSED [ 93%]
tests/unit/test_rpg_traits.py::TestRPGTraitEffects::test_chip_block_effects PASSED [ 93%]
tests/unit/test_rpg_traits.py::TestRPGTraitEffects::test_possession_receiver_effects PASSED [ 93%]
tests/unit/test_rpg_traits.py::TestRPGTraitEffects::test_cleanup_boosts PASSED [ 93%]
tests/unit/test_sack_calculator.py::test_sack_probability_base PASSED    [ 93%]
tests/unit/test_sack_calculator.py::test_high_pocket_presence_reduces_sack PASSED [ 93%]
tests/unit/test_sack_calculator.py::test_chemistry_bonus_reduces_sack PASSED [ 93%]
tests/unit/test_sack_calculator.py::test_mobility_reduces_sack PASSED    [ 94%]
tests/unit/test_sack_calculator.py::test_resolve_outcome PASSED          [ 94%]
tests/unit/test_thanksgiving_features.py::TestThanksgivingFeatures::test_game_type_enum PASSED [ 94%]
tests/unit/test_thanksgiving_features.py::TestThanksgivingFeatures::test_thanksgiving_hosts_identified PASSED [ 94%]
tests/unit/test_thanksgiving_features.py::TestThanksgivingFeatures::test_thanksgiving_jersey_data PASSED [ 94%]
tests/unit/test_thanksgiving_features.py::TestThanksgivingFeatures::test_thanksgiving_boost PASSED [ 94%]
tests/unit/test_thanksgiving_features.py::TestThanksgivingFeatures::test_venue_effects_thanksgiving PASSED [ 94%]
tests/unit/test_thanksgiving_features.py::TestThanksgivingFeatures::test_venue_effects_regular PASSED [ 94%]
tests/unit/test_thanksgiving_features.py::TestThanksgivingFeatures::test_thanksgiving_atmosphere PASSED [ 94%]
tests/unit/test_the_closer_trait.py::TestTheCloserTrait::test_the_closer_exists_in_catalog PASSED [ 94%]
tests/unit/test_the_closer_trait.py::TestTheCloserTrait::test_crunch_time_4th_quarter_close_game PASSED [ 95%]
tests/unit/test_the_closer_trait.py::TestTheCloserTrait::test_crunch_time_not_active_early_game PASSED [ 95%]
tests/unit/test_the_closer_trait.py::TestTheCloserTrait::test_crunch_time_not_active_blowout PASSED [ 95%]
tests/unit/test_the_closer_trait.py::TestTheCloserTrait::test_crunch_time_not_active_too_much_time PASSED [ 95%]
tests/unit/test_the_closer_trait.py::TestTheCloserTrait::test_crunch_time_overtime_always_active PASSED [ 95%]
tests/unit/test_the_closer_trait.py::TestTheCloserTrait::test_trait_activation_with_crunch_time PASSED [ 95%]
tests/unit/test_the_closer_trait.py::TestTheCloserTrait::test_trait_does_not_activate_outside_crunch_time PASSED [ 95%]
tests/unit/test_the_closer_trait.py::TestTheCloserTrait::test_crunch_time_edge_case_exactly_5_minutes PASSED [ 95%]
tests/unit/test_the_closer_trait.py::TestTheCloserTrait::test_crunch_time_edge_case_exactly_8_points PASSED [ 95%]
tests/unit/test_the_closer_trait.py::TestTheCloserTrait::test_crunch_time_edge_case_9_points_excluded PASSED [ 95%]
tests/unit/test_trait_effects.py::TestTraitEffectResolver::test_apply_field_general_boost PASSED [ 96%]
tests/unit/test_trait_service.py::test_trait_catalog_contains_top_5 PASSED [ 96%]
tests/unit/test_trait_service.py::test_trait_definitions_have_required_fields PASSED [ 96%]
tests/unit/test_trait_service.py::test_field_general_eligibility PASSED  [ 96%]
tests/unit/test_trait_service.py::test_expanded_catalog_verification PASSED [ 96%]
tests/unit/test_trait_service.py::test_trait_effects_structure PASSED    [ 96%]
tests/unit/test_trait_service.py::test_tier_classification PASSED        [ 96%]
tests/unit/test_trait_service.py::test_position_requirements_valid PASSED [ 96%]
tests/unit/test_trait_service.py::test_activation_triggers_defined PASSED [ 96%]
tests/unit/test_trait_service.py::test_pick_artist_effects PASSED        [ 96%]
tests/unit/test_trait_service.py::test_green_dot_effects PASSED          [ 97%]
tests/unit/test_traits_integration.py::TestTraitEffectResolver::test_apply_field_general_boost_applies_awareness PASSED [ 97%]
tests/unit/test_traits_integration.py::TestTraitEffectResolver::test_apply_green_dot_effects_boosts_play_recognition PASSED [ 97%]
tests/unit/test_traits_integration.py::TestTraitEffectResolver::test_apply_green_dot_effects_no_captain PASSED [ 97%]
tests/unit/test_traits_integration.py::TestTraitEffectResolver::test_apply_chip_block_effects_when_blocking PASSED [ 97%]
tests/unit/test_traits_integration.py::TestTraitEffectResolver::test_apply_chip_block_effects_not_blocking PASSED [ 97%]
tests/unit/test_traits_integration.py::TestTraitEffectResolver::test_apply_pick_artist_effects_ball_in_air PASSED [ 97%]
tests/unit/test_traits_integration.py::TestTraitEffectResolver::test_apply_pick_artist_effects_ball_not_in_air PASSED [ 97%]
tests/unit/test_traits_integration.py::TestTraitEffectResolver::test_apply_possession_receiver_effects_critical_down PASSED [ 97%]
tests/unit/test_traits_integration.py::TestTraitEffectResolver::test_apply_possession_receiver_effects_early_down PASSED [ 97%]
tests/unit/test_traits_integration.py::TestTraitEffectResolver::test_cleanup_boosts_removes_temporary_attributes PASSED [ 98%]
tests/unit/test_traits_integration.py::TestTraitIntegration::test_multiple_traits_can_apply PASSED [ 98%]
tests/unit/test_weather_effects.py::test_passing_modifiers_clear_weather PASSED [ 98%]
tests/unit/test_weather_effects.py::test_passing_modifiers_heavy_wind PASSED [ 98%]
tests/unit/test_weather_effects.py::test_passing_modifiers_rain PASSED   [ 98%]
tests/unit/test_weather_effects.py::test_fumble_modifier_wet PASSED      [ 98%]
tests/unit/test_weather_effects.py::test_fatigue_modifier_heat PASSED    [ 98%]
tests/unit/test_weather_integration.py::TestWeatherIntegration::test_weather_effects_modifiers PASSED [ 98%]
tests/unit/test_weather_integration.py::TestWeatherIntegration::test_field_goal_weather_impact PASSED [ 98%]
tests/unit/test_weather_integration.py::TestWeatherIntegration::test_punt_weather_impact PASSED [ 98%]
tests/verify_play_calling.py::test_situation_1_conservative_punt PASSED  [ 99%]
tests/verify_play_calling.py::test_situation_2_aggressive_goal_line PASSED [ 99%]
tests/verify_play_calling.py::test_situation_3_field_goal_range PASSED   [ 99%]
tests/verify_play_calling.py::test_situation_4_passing_3rd_long PASSED   [ 99%]
tests/verify_play_calling.py::test_situation_5_running_short_yardage PASSED [ 99%]
tests/verify_play_calling.py::test_situation_6_advanced_coach_personality PASSED [ 99%]
tests/verify_play_calling.py::test_situation_7_situational_awareness PASSED [ 99%]
tests/verify_play_calling.py::test_situation_8_adaptive_strategy PASSED  [ 99%]
tests/verify_season_errors.py::test_generate_playoffs_invalid_season PASSED [ 99%]
tests/verify_season_errors.py::test_start_offseason_invalid_season PASSED [ 99%]
tests/verify_season_errors.py::test_get_team_salary_cap_invalid_team PASSED [100%]

==================================== ERRORS ====================================
___ ERROR at setup of TestPlayResolutionBenchmarks.test_pass_play_resolution ___
file /app/backend/tests/test_benchmarks.py, line 82
      def test_pass_play_resolution(self, benchmark, rng, sample_players, sample_teams):
E       fixture 'benchmark' not found
>       available fixtures: _class_scoped_runner, _debug_import_paths, _function_scoped_runner, _module_scoped_runner, _package_scoped_runner, _session_scoped_runner, anyio_backend, anyio_backend_name, anyio_backend_options, async_client, async_db_session, cache, capfd, capfdbinary, caplog, capsys, capsysbinary, capteesys, clear_tables, client, cov, db_session, doctest_namespace, event_loop, event_loop_policy, free_tcp_port, free_tcp_port_factory, free_udp_port, free_udp_port_factory, mock_db, monkeypatch, no_cover, override_session_local, pytestconfig, record_property, record_testsuite_property, record_xml_attribute, recwarn, rng, sample_players, sample_teams, setup_db, subtests, tmp_path, tmp_path_factory, tmpdir, tmpdir_factory, unused_tcp_port, unused_tcp_port_factory, unused_udp_port, unused_udp_port_factory
>       use 'pytest --fixtures [testpath]' for help on them.

/app/backend/tests/test_benchmarks.py:82
___ ERROR at setup of TestPlayResolutionBenchmarks.test_run_play_resolution ____
file /app/backend/tests/test_benchmarks.py, line 106
      def test_run_play_resolution(self, benchmark, rng, sample_players, sample_teams):
E       fixture 'benchmark' not found
>       available fixtures: _class_scoped_runner, _debug_import_paths, _function_scoped_runner, _module_scoped_runner, _package_scoped_runner, _session_scoped_runner, anyio_backend, anyio_backend_name, anyio_backend_options, async_client, async_db_session, cache, capfd, capfdbinary, caplog, capsys, capsysbinary, capteesys, clear_tables, client, cov, db_session, doctest_namespace, event_loop, event_loop_policy, free_tcp_port, free_tcp_port_factory, free_udp_port, free_udp_port_factory, mock_db, monkeypatch, no_cover, override_session_local, pytestconfig, record_property, record_testsuite_property, record_xml_attribute, recwarn, rng, sample_players, sample_teams, setup_db, subtests, tmp_path, tmp_path_factory, tmpdir, tmpdir_factory, unused_tcp_port, unused_tcp_port_factory, unused_udp_port, unused_udp_port_factory
>       use 'pytest --fixtures [testpath]' for help on them.

/app/backend/tests/test_benchmarks.py:106
_ ERROR at setup of TestProbabilityEngineBenchmarks.test_attribute_comparison __
file /app/backend/tests/test_benchmarks.py, line 133
      def test_attribute_comparison(self, benchmark):
E       fixture 'benchmark' not found
>       available fixtures: _class_scoped_runner, _debug_import_paths, _function_scoped_runner, _module_scoped_runner, _package_scoped_runner, _session_scoped_runner, anyio_backend, anyio_backend_name, anyio_backend_options, async_client, async_db_session, cache, capfd, capfdbinary, caplog, capsys, capsysbinary, capteesys, clear_tables, client, cov, db_session, doctest_namespace, event_loop, event_loop_policy, free_tcp_port, free_tcp_port_factory, free_udp_port, free_udp_port_factory, mock_db, monkeypatch, no_cover, override_session_local, pytestconfig, record_property, record_testsuite_property, record_xml_attribute, recwarn, rng, sample_players, sample_teams, setup_db, subtests, tmp_path, tmp_path_factory, tmpdir, tmpdir_factory, unused_tcp_port, unused_tcp_port_factory, unused_udp_port, unused_udp_port_factory
>       use 'pytest --fixtures [testpath]' for help on them.

/app/backend/tests/test_benchmarks.py:133
_ ERROR at setup of TestProbabilityEngineBenchmarks.test_tiered_outcome_resolution _
file /app/backend/tests/test_benchmarks.py, line 147
      def test_tiered_outcome_resolution(self, benchmark, rng):
E       fixture 'benchmark' not found
>       available fixtures: _class_scoped_runner, _debug_import_paths, _function_scoped_runner, _module_scoped_runner, _package_scoped_runner, _session_scoped_runner, anyio_backend, anyio_backend_name, anyio_backend_options, async_client, async_db_session, cache, capfd, capfdbinary, caplog, capsys, capsysbinary, capteesys, clear_tables, client, cov, db_session, doctest_namespace, event_loop, event_loop_policy, free_tcp_port, free_tcp_port_factory, free_udp_port, free_udp_port_factory, mock_db, monkeypatch, no_cover, override_session_local, pytestconfig, record_property, record_testsuite_property, record_xml_attribute, recwarn, rng, sample_players, sample_teams, setup_db, subtests, tmp_path, tmp_path_factory, tmpdir, tmpdir_factory, unused_tcp_port, unused_tcp_port_factory, unused_udp_port, unused_udp_port_factory
>       use 'pytest --fixtures [testpath]' for help on them.

/app/backend/tests/test_benchmarks.py:147
________ ERROR at setup of TestPlayCallerBenchmarks.test_play_selection ________
file /app/backend/tests/test_benchmarks.py, line 166
      def test_play_selection(self, benchmark, rng, sample_teams):
E       fixture 'benchmark' not found
>       available fixtures: _class_scoped_runner, _debug_import_paths, _function_scoped_runner, _module_scoped_runner, _package_scoped_runner, _session_scoped_runner, anyio_backend, anyio_backend_name, anyio_backend_options, async_client, async_db_session, cache, capfd, capfdbinary, caplog, capsys, capsysbinary, capteesys, clear_tables, client, cov, db_session, doctest_namespace, event_loop, event_loop_policy, free_tcp_port, free_tcp_port_factory, free_udp_port, free_udp_port_factory, mock_db, monkeypatch, no_cover, override_session_local, pytestconfig, record_property, record_testsuite_property, record_xml_attribute, recwarn, rng, sample_players, sample_teams, setup_db, subtests, tmp_path, tmp_path_factory, tmpdir, tmpdir_factory, unused_tcp_port, unused_tcp_port_factory, unused_udp_port, unused_udp_port_factory
>       use 'pytest --fixtures [testpath]' for help on them.

/app/backend/tests/test_benchmarks.py:166
_ ERROR at setup of TestSeasonSimulationBenchmarks.test_single_game_simulation _
file /app/backend/tests/test_benchmarks.py, line 193
      @pytest.mark.slow
      def test_single_game_simulation(self, benchmark, mock_db, sample_teams):
E       fixture 'benchmark' not found
>       available fixtures: _class_scoped_runner, _debug_import_paths, _function_scoped_runner, _module_scoped_runner, _package_scoped_runner, _session_scoped_runner, anyio_backend, anyio_backend_name, anyio_backend_options, async_client, async_db_session, cache, capfd, capfdbinary, caplog, capsys, capsysbinary, capteesys, clear_tables, client, cov, db_session, doctest_namespace, event_loop, event_loop_policy, free_tcp_port, free_tcp_port_factory, free_udp_port, free_udp_port_factory, mock_db, monkeypatch, no_cover, override_session_local, pytestconfig, record_property, record_testsuite_property, record_xml_attribute, recwarn, rng, sample_players, sample_teams, setup_db, subtests, tmp_path, tmp_path_factory, tmpdir, tmpdir_factory, unused_tcp_port, unused_tcp_port_factory, unused_udp_port, unused_udp_port_factory
>       use 'pytest --fixtures [testpath]' for help on them.

/app/backend/tests/test_benchmarks.py:193
=================================== FAILURES ===================================
___ TestAttributeInteractionIntegration.test_pass_play_applies_interactions ____
tests/integration/test_attribute_interaction_gameplay.py:115: in test_pass_play_applies_interactions
    result = resolver._resolve_pass_play(command)
             ^^^^^^^^^^^^^^^^^^^^^^^^^^^^^^^^^^^^
app/orchestrator/play_resolver.py:761: in _resolve_pass_play
    wr_physics = self._create_wr_physics(target)
                 ^^^^^^^^^^^^^^^^^^^^^^^^^^^^^^^
app/orchestrator/play_resolver.py:309: in _create_wr_physics
    return WideReceiverPhysics(
E   TypeError: WideReceiverPhysics.__init__() got an unexpected keyword argument 'ratings'
----------------------------- Captured stdout call -----------------------------
AttributeInteractionEngine initialized with 13 interactions
------------------------------ Captured log call -------------------------------
INFO     app.engine.attribute_interaction:attribute_interaction.py:113 AttributeInteractionEngine initialized with 13 interactions
_ TestAttributeInteractionIntegration.test_interaction_narratives_in_descriptions _
tests/integration/test_attribute_interaction_gameplay.py:189: in test_interaction_narratives_in_descriptions
    result = resolver._resolve_pass_play(command)
             ^^^^^^^^^^^^^^^^^^^^^^^^^^^^^^^^^^^^
app/orchestrator/play_resolver.py:761: in _resolve_pass_play
    wr_physics = self._create_wr_physics(target)
                 ^^^^^^^^^^^^^^^^^^^^^^^^^^^^^^^
app/orchestrator/play_resolver.py:309: in _create_wr_physics
    return WideReceiverPhysics(
E   TypeError: WideReceiverPhysics.__init__() got an unexpected keyword argument 'ratings'
----------------------------- Captured stdout call -----------------------------
AttributeInteractionEngine initialized with 13 interactions
------------------------------ Captured log call -------------------------------
INFO     app.engine.attribute_interaction:attribute_interaction.py:113 AttributeInteractionEngine initialized with 13 interactions
_ TestAttributeInteractionIntegration.test_interactions_affect_success_probability _
tests/integration/test_attribute_interaction_gameplay.py:256: in test_interactions_affect_success_probability
    result_good = resolver_with_good_matchup._resolve_pass_play(command_good)
                  ^^^^^^^^^^^^^^^^^^^^^^^^^^^^^^^^^^^^^^^^^^^^^^^^^^^^^^^^^^^
app/orchestrator/play_resolver.py:761: in _resolve_pass_play
    wr_physics = self._create_wr_physics(target)
                 ^^^^^^^^^^^^^^^^^^^^^^^^^^^^^^^
app/orchestrator/play_resolver.py:309: in _create_wr_physics
    return WideReceiverPhysics(
E   TypeError: WideReceiverPhysics.__init__() got an unexpected keyword argument 'ratings'
----------------------------- Captured stdout call -----------------------------
AttributeInteractionEngine initialized with 13 interactions
AttributeInteractionEngine initialized with 13 interactions
------------------------------ Captured log call -------------------------------
INFO     app.engine.attribute_interaction:attribute_interaction.py:113 AttributeInteractionEngine initialized with 13 interactions
INFO     app.engine.attribute_interaction:attribute_interaction.py:113 AttributeInteractionEngine initialized with 13 interactions
_ TestAttributeInteractionIntegration.test_weather_context_affects_interactions _
tests/integration/test_attribute_interaction_gameplay.py:314: in test_weather_context_affects_interactions
    result = resolver._resolve_pass_play(command)
             ^^^^^^^^^^^^^^^^^^^^^^^^^^^^^^^^^^^^
app/orchestrator/play_resolver.py:761: in _resolve_pass_play
    wr_physics = self._create_wr_physics(target)
                 ^^^^^^^^^^^^^^^^^^^^^^^^^^^^^^^
app/orchestrator/play_resolver.py:309: in _create_wr_physics
    return WideReceiverPhysics(
E   TypeError: WideReceiverPhysics.__init__() got an unexpected keyword argument 'ratings'
----------------------------- Captured stdout call -----------------------------
AttributeInteractionEngine initialized with 13 interactions
------------------------------ Captured log call -------------------------------
INFO     app.engine.attribute_interaction:attribute_interaction.py:113 AttributeInteractionEngine initialized with 13 interactions
__________________________ test_suggest_pick_endpoint __________________________
tests/integration/test_draft_assistant.py:62: in test_suggest_pick_endpoint
    assert response.status_code == 200, f"Response: {response.json()}"
E   AssertionError: Response: {'detail': 'Failed to generate draft suggestion'}
E   assert 500 == 200
E    +  where 500 = <Response [500 Internal Server Error]>.status_code
----------------------------- Captured stdout call -----------------------------
Request started
Draft suggestion error: Neither 'InstrumentedAttribute' object nor 'Comparator' object associated with Player.attributes has an attribute 'speed'
Traceback (most recent call last):
  File "/home/jules/.pyenv/versions/3.12.12/lib/python3.12/site-packages/sqlalchemy/orm/attributes.py", line 475, in __getattr__
    return getattr(self.comparator, key)
           ^^^^^^^^^^^^^^^^^^^^^^^^^^^^^
  File "/home/jules/.pyenv/versions/3.12.12/lib/python3.12/site-packages/sqlalchemy/util/langhelpers.py", line 1313, in __getattr__
    return self._fallback_getattr(key)
           ^^^^^^^^^^^^^^^^^^^^^^^^^^^
  File "/home/jules/.pyenv/versions/3.12.12/lib/python3.12/site-packages/sqlalchemy/util/langhelpers.py", line 1282, in _fallback_getattr
    raise AttributeError(key)
AttributeError: speed

The above exception was the direct cause of the following exception:

Traceback (most recent call last):
  File "/app/backend/app/api/endpoints/draft.py", line 65, in suggest_draft_pick
    suggestion = await assistant.suggest_pick(
                 ^^^^^^^^^^^^^^^^^^^^^^^^^^^^^
  File "/app/backend/app/services/draft_assistant.py", line 76, in suggest_pick
    Player.speed,
    ^^^^^^^^^^^^
  File "/home/jules/.pyenv/versions/3.12.12/lib/python3.12/site-packages/sqlalchemy/ext/hybrid.py", line 1139, in __get__
    return self._expr_comparator(owner)
           ^^^^^^^^^^^^^^^^^^^^^^^^^^^^
  File "/home/jules/.pyenv/versions/3.12.12/lib/python3.12/site-packages/sqlalchemy/ext/hybrid.py", line 1447, in expr_comparator
    comparator(owner),
    ^^^^^^^^^^^^^^^^^
  File "/home/jules/.pyenv/versions/3.12.12/lib/python3.12/site-packages/sqlalchemy/ext/hybrid.py", line 1416, in _expr
    return ExprComparator(cls, expr(cls), self)
                               ^^^^^^^^^
  File "/app/backend/app/models/player.py", line 78, in speed
    return self.attributes.speed if self.attributes else 50
           ^^^^^^^^^^^^^^^^^^^^^
  File "/home/jules/.pyenv/versions/3.12.12/lib/python3.12/site-packages/sqlalchemy/orm/attributes.py", line 477, in __getattr__
    raise AttributeError(
AttributeError: Neither 'InstrumentedAttribute' object nor 'Comparator' object associated with Player.attributes has an attribute 'speed'
Request completed
------------------------------ Captured log call -------------------------------
INFO     api.access:logging_middleware.py:18 Request started
ERROR    app.api.endpoints.draft:draft.py:83 Draft suggestion error: Neither 'InstrumentedAttribute' object nor 'Comparator' object associated with Player.attributes has an attribute 'speed'
Traceback (most recent call last):
  File "/home/jules/.pyenv/versions/3.12.12/lib/python3.12/site-packages/sqlalchemy/orm/attributes.py", line 475, in __getattr__
    return getattr(self.comparator, key)
           ^^^^^^^^^^^^^^^^^^^^^^^^^^^^^
  File "/home/jules/.pyenv/versions/3.12.12/lib/python3.12/site-packages/sqlalchemy/util/langhelpers.py", line 1313, in __getattr__
    return self._fallback_getattr(key)
           ^^^^^^^^^^^^^^^^^^^^^^^^^^^
  File "/home/jules/.pyenv/versions/3.12.12/lib/python3.12/site-packages/sqlalchemy/util/langhelpers.py", line 1282, in _fallback_getattr
    raise AttributeError(key)
AttributeError: speed

The above exception was the direct cause of the following exception:

Traceback (most recent call last):
  File "/app/backend/app/api/endpoints/draft.py", line 65, in suggest_draft_pick
    suggestion = await assistant.suggest_pick(
                 ^^^^^^^^^^^^^^^^^^^^^^^^^^^^^
  File "/app/backend/app/services/draft_assistant.py", line 76, in suggest_pick
    Player.speed,
    ^^^^^^^^^^^^
  File "/home/jules/.pyenv/versions/3.12.12/lib/python3.12/site-packages/sqlalchemy/ext/hybrid.py", line 1139, in __get__
    return self._expr_comparator(owner)
           ^^^^^^^^^^^^^^^^^^^^^^^^^^^^
  File "/home/jules/.pyenv/versions/3.12.12/lib/python3.12/site-packages/sqlalchemy/ext/hybrid.py", line 1447, in expr_comparator
    comparator(owner),
    ^^^^^^^^^^^^^^^^^
  File "/home/jules/.pyenv/versions/3.12.12/lib/python3.12/site-packages/sqlalchemy/ext/hybrid.py", line 1416, in _expr
    return ExprComparator(cls, expr(cls), self)
                               ^^^^^^^^^
  File "/app/backend/app/models/player.py", line 78, in speed
    return self.attributes.speed if self.attributes else 50
           ^^^^^^^^^^^^^^^^^^^^^
  File "/home/jules/.pyenv/versions/3.12.12/lib/python3.12/site-packages/sqlalchemy/orm/attributes.py", line 477, in __getattr__
    raise AttributeError(
AttributeError: Neither 'InstrumentedAttribute' object nor 'Comparator' object associated with Player.attributes has an attribute 'speed'
INFO     api.access:logging_middleware.py:33 Request completed
______________________ test_suggest_pick_mcp_integration _______________________
tests/integration/test_draft_assistant.py:96: in test_suggest_pick_mcp_integration
    assert response.status_code == 200, f"Response: {response.json()}"
E   AssertionError: Response: {'detail': 'Failed to generate draft suggestion'}
E   assert 500 == 200
E    +  where 500 = <Response [500 Internal Server Error]>.status_code
----------------------------- Captured stdout call -----------------------------
Request started
Draft suggestion error: Neither 'InstrumentedAttribute' object nor 'Comparator' object associated with Player.attributes has an attribute 'speed'
Traceback (most recent call last):
  File "/home/jules/.pyenv/versions/3.12.12/lib/python3.12/site-packages/sqlalchemy/orm/attributes.py", line 475, in __getattr__
    return getattr(self.comparator, key)
           ^^^^^^^^^^^^^^^^^^^^^^^^^^^^^
  File "/home/jules/.pyenv/versions/3.12.12/lib/python3.12/site-packages/sqlalchemy/util/langhelpers.py", line 1313, in __getattr__
    return self._fallback_getattr(key)
           ^^^^^^^^^^^^^^^^^^^^^^^^^^^
  File "/home/jules/.pyenv/versions/3.12.12/lib/python3.12/site-packages/sqlalchemy/util/langhelpers.py", line 1282, in _fallback_getattr
    raise AttributeError(key)
AttributeError: speed

The above exception was the direct cause of the following exception:

Traceback (most recent call last):
  File "/app/backend/app/api/endpoints/draft.py", line 65, in suggest_draft_pick
    suggestion = await assistant.suggest_pick(
                 ^^^^^^^^^^^^^^^^^^^^^^^^^^^^^
  File "/app/backend/app/services/draft_assistant.py", line 76, in suggest_pick
    Player.speed,
    ^^^^^^^^^^^^
  File "/home/jules/.pyenv/versions/3.12.12/lib/python3.12/site-packages/sqlalchemy/ext/hybrid.py", line 1139, in __get__
    return self._expr_comparator(owner)
           ^^^^^^^^^^^^^^^^^^^^^^^^^^^^
  File "/home/jules/.pyenv/versions/3.12.12/lib/python3.12/site-packages/sqlalchemy/ext/hybrid.py", line 1447, in expr_comparator
    comparator(owner),
    ^^^^^^^^^^^^^^^^^
  File "/home/jules/.pyenv/versions/3.12.12/lib/python3.12/site-packages/sqlalchemy/ext/hybrid.py", line 1416, in _expr
    return ExprComparator(cls, expr(cls), self)
                               ^^^^^^^^^
  File "/app/backend/app/models/player.py", line 78, in speed
    return self.attributes.speed if self.attributes else 50
           ^^^^^^^^^^^^^^^^^^^^^
  File "/home/jules/.pyenv/versions/3.12.12/lib/python3.12/site-packages/sqlalchemy/orm/attributes.py", line 477, in __getattr__
    raise AttributeError(
AttributeError: Neither 'InstrumentedAttribute' object nor 'Comparator' object associated with Player.attributes has an attribute 'speed'
Request completed
------------------------------ Captured log call -------------------------------
INFO     api.access:logging_middleware.py:18 Request started
ERROR    app.api.endpoints.draft:draft.py:83 Draft suggestion error: Neither 'InstrumentedAttribute' object nor 'Comparator' object associated with Player.attributes has an attribute 'speed'
Traceback (most recent call last):
  File "/home/jules/.pyenv/versions/3.12.12/lib/python3.12/site-packages/sqlalchemy/orm/attributes.py", line 475, in __getattr__
    return getattr(self.comparator, key)
           ^^^^^^^^^^^^^^^^^^^^^^^^^^^^^
  File "/home/jules/.pyenv/versions/3.12.12/lib/python3.12/site-packages/sqlalchemy/util/langhelpers.py", line 1313, in __getattr__
    return self._fallback_getattr(key)
           ^^^^^^^^^^^^^^^^^^^^^^^^^^^
  File "/home/jules/.pyenv/versions/3.12.12/lib/python3.12/site-packages/sqlalchemy/util/langhelpers.py", line 1282, in _fallback_getattr
    raise AttributeError(key)
AttributeError: speed

The above exception was the direct cause of the following exception:

Traceback (most recent call last):
  File "/app/backend/app/api/endpoints/draft.py", line 65, in suggest_draft_pick
    suggestion = await assistant.suggest_pick(
                 ^^^^^^^^^^^^^^^^^^^^^^^^^^^^^
  File "/app/backend/app/services/draft_assistant.py", line 76, in suggest_pick
    Player.speed,
    ^^^^^^^^^^^^
  File "/home/jules/.pyenv/versions/3.12.12/lib/python3.12/site-packages/sqlalchemy/ext/hybrid.py", line 1139, in __get__
    return self._expr_comparator(owner)
           ^^^^^^^^^^^^^^^^^^^^^^^^^^^^
  File "/home/jules/.pyenv/versions/3.12.12/lib/python3.12/site-packages/sqlalchemy/ext/hybrid.py", line 1447, in expr_comparator
    comparator(owner),
    ^^^^^^^^^^^^^^^^^
  File "/home/jules/.pyenv/versions/3.12.12/lib/python3.12/site-packages/sqlalchemy/ext/hybrid.py", line 1416, in _expr
    return ExprComparator(cls, expr(cls), self)
                               ^^^^^^^^^
  File "/app/backend/app/models/player.py", line 78, in speed
    return self.attributes.speed if self.attributes else 50
           ^^^^^^^^^^^^^^^^^^^^^
  File "/home/jules/.pyenv/versions/3.12.12/lib/python3.12/site-packages/sqlalchemy/orm/attributes.py", line 477, in __getattr__
    raise AttributeError(
AttributeError: Neither 'InstrumentedAttribute' object nor 'Comparator' object associated with Player.attributes has an attribute 'speed'
INFO     api.access:logging_middleware.py:33 Request completed
_______________________ test_draft_suggest_pick_endpoint _______________________
tests/integration/test_draft_suggestion_api.py:57: in test_draft_suggest_pick_endpoint
    assert response.status_code == 200
E   assert 500 == 200
E    +  where 500 = <Response [500 Internal Server Error]>.status_code
----------------------------- Captured stdout call -----------------------------
Request started
Draft suggestion error: Neither 'InstrumentedAttribute' object nor 'Comparator' object associated with Player.attributes has an attribute 'speed'
Traceback (most recent call last):
  File "/home/jules/.pyenv/versions/3.12.12/lib/python3.12/site-packages/sqlalchemy/orm/attributes.py", line 475, in __getattr__
    return getattr(self.comparator, key)
           ^^^^^^^^^^^^^^^^^^^^^^^^^^^^^
  File "/home/jules/.pyenv/versions/3.12.12/lib/python3.12/site-packages/sqlalchemy/util/langhelpers.py", line 1313, in __getattr__
    return self._fallback_getattr(key)
           ^^^^^^^^^^^^^^^^^^^^^^^^^^^
  File "/home/jules/.pyenv/versions/3.12.12/lib/python3.12/site-packages/sqlalchemy/util/langhelpers.py", line 1282, in _fallback_getattr
    raise AttributeError(key)
AttributeError: speed

The above exception was the direct cause of the following exception:

Traceback (most recent call last):
  File "/app/backend/app/api/endpoints/draft.py", line 65, in suggest_draft_pick
    suggestion = await assistant.suggest_pick(
                 ^^^^^^^^^^^^^^^^^^^^^^^^^^^^^
  File "/app/backend/app/services/draft_assistant.py", line 76, in suggest_pick
    Player.speed,
    ^^^^^^^^^^^^
  File "/home/jules/.pyenv/versions/3.12.12/lib/python3.12/site-packages/sqlalchemy/ext/hybrid.py", line 1139, in __get__
    return self._expr_comparator(owner)
           ^^^^^^^^^^^^^^^^^^^^^^^^^^^^
  File "/home/jules/.pyenv/versions/3.12.12/lib/python3.12/site-packages/sqlalchemy/ext/hybrid.py", line 1447, in expr_comparator
    comparator(owner),
    ^^^^^^^^^^^^^^^^^
  File "/home/jules/.pyenv/versions/3.12.12/lib/python3.12/site-packages/sqlalchemy/ext/hybrid.py", line 1416, in _expr
    return ExprComparator(cls, expr(cls), self)
                               ^^^^^^^^^
  File "/app/backend/app/models/player.py", line 78, in speed
    return self.attributes.speed if self.attributes else 50
           ^^^^^^^^^^^^^^^^^^^^^
  File "/home/jules/.pyenv/versions/3.12.12/lib/python3.12/site-packages/sqlalchemy/orm/attributes.py", line 477, in __getattr__
    raise AttributeError(
AttributeError: Neither 'InstrumentedAttribute' object nor 'Comparator' object associated with Player.attributes has an attribute 'speed'
Request completed
------------------------------ Captured log call -------------------------------
INFO     api.access:logging_middleware.py:18 Request started
ERROR    app.api.endpoints.draft:draft.py:83 Draft suggestion error: Neither 'InstrumentedAttribute' object nor 'Comparator' object associated with Player.attributes has an attribute 'speed'
Traceback (most recent call last):
  File "/home/jules/.pyenv/versions/3.12.12/lib/python3.12/site-packages/sqlalchemy/orm/attributes.py", line 475, in __getattr__
    return getattr(self.comparator, key)
           ^^^^^^^^^^^^^^^^^^^^^^^^^^^^^
  File "/home/jules/.pyenv/versions/3.12.12/lib/python3.12/site-packages/sqlalchemy/util/langhelpers.py", line 1313, in __getattr__
    return self._fallback_getattr(key)
           ^^^^^^^^^^^^^^^^^^^^^^^^^^^
  File "/home/jules/.pyenv/versions/3.12.12/lib/python3.12/site-packages/sqlalchemy/util/langhelpers.py", line 1282, in _fallback_getattr
    raise AttributeError(key)
AttributeError: speed

The above exception was the direct cause of the following exception:

Traceback (most recent call last):
  File "/app/backend/app/api/endpoints/draft.py", line 65, in suggest_draft_pick
    suggestion = await assistant.suggest_pick(
                 ^^^^^^^^^^^^^^^^^^^^^^^^^^^^^
  File "/app/backend/app/services/draft_assistant.py", line 76, in suggest_pick
    Player.speed,
    ^^^^^^^^^^^^
  File "/home/jules/.pyenv/versions/3.12.12/lib/python3.12/site-packages/sqlalchemy/ext/hybrid.py", line 1139, in __get__
    return self._expr_comparator(owner)
           ^^^^^^^^^^^^^^^^^^^^^^^^^^^^
  File "/home/jules/.pyenv/versions/3.12.12/lib/python3.12/site-packages/sqlalchemy/ext/hybrid.py", line 1447, in expr_comparator
    comparator(owner),
    ^^^^^^^^^^^^^^^^^
  File "/home/jules/.pyenv/versions/3.12.12/lib/python3.12/site-packages/sqlalchemy/ext/hybrid.py", line 1416, in _expr
    return ExprComparator(cls, expr(cls), self)
                               ^^^^^^^^^
  File "/app/backend/app/models/player.py", line 78, in speed
    return self.attributes.speed if self.attributes else 50
           ^^^^^^^^^^^^^^^^^^^^^
  File "/home/jules/.pyenv/versions/3.12.12/lib/python3.12/site-packages/sqlalchemy/orm/attributes.py", line 477, in __getattr__
    raise AttributeError(
AttributeError: Neither 'InstrumentedAttribute' object nor 'Comparator' object associated with Player.attributes has an attribute 'speed'
INFO     api.access:logging_middleware.py:33 Request completed
___________________ test_draft_assistant_roster_gap_analysis ___________________
tests/integration/test_draft_suggestion_api.py:116: in test_draft_assistant_roster_gap_analysis
    assert response.status_code == 200
E   assert 500 == 200
E    +  where 500 = <Response [500 Internal Server Error]>.status_code
----------------------------- Captured stdout call -----------------------------
Request started
Draft suggestion error: Neither 'InstrumentedAttribute' object nor 'Comparator' object associated with Player.attributes has an attribute 'speed'
Traceback (most recent call last):
  File "/home/jules/.pyenv/versions/3.12.12/lib/python3.12/site-packages/sqlalchemy/orm/attributes.py", line 475, in __getattr__
    return getattr(self.comparator, key)
           ^^^^^^^^^^^^^^^^^^^^^^^^^^^^^
  File "/home/jules/.pyenv/versions/3.12.12/lib/python3.12/site-packages/sqlalchemy/util/langhelpers.py", line 1313, in __getattr__
    return self._fallback_getattr(key)
           ^^^^^^^^^^^^^^^^^^^^^^^^^^^
  File "/home/jules/.pyenv/versions/3.12.12/lib/python3.12/site-packages/sqlalchemy/util/langhelpers.py", line 1282, in _fallback_getattr
    raise AttributeError(key)
AttributeError: speed

The above exception was the direct cause of the following exception:

Traceback (most recent call last):
  File "/app/backend/app/api/endpoints/draft.py", line 65, in suggest_draft_pick
    suggestion = await assistant.suggest_pick(
                 ^^^^^^^^^^^^^^^^^^^^^^^^^^^^^
  File "/app/backend/app/services/draft_assistant.py", line 76, in suggest_pick
    Player.speed,
    ^^^^^^^^^^^^
  File "/home/jules/.pyenv/versions/3.12.12/lib/python3.12/site-packages/sqlalchemy/ext/hybrid.py", line 1139, in __get__
    return self._expr_comparator(owner)
           ^^^^^^^^^^^^^^^^^^^^^^^^^^^^
  File "/home/jules/.pyenv/versions/3.12.12/lib/python3.12/site-packages/sqlalchemy/ext/hybrid.py", line 1447, in expr_comparator
    comparator(owner),
    ^^^^^^^^^^^^^^^^^
  File "/home/jules/.pyenv/versions/3.12.12/lib/python3.12/site-packages/sqlalchemy/ext/hybrid.py", line 1416, in _expr
    return ExprComparator(cls, expr(cls), self)
                               ^^^^^^^^^
  File "/app/backend/app/models/player.py", line 78, in speed
    return self.attributes.speed if self.attributes else 50
           ^^^^^^^^^^^^^^^^^^^^^
  File "/home/jules/.pyenv/versions/3.12.12/lib/python3.12/site-packages/sqlalchemy/orm/attributes.py", line 477, in __getattr__
    raise AttributeError(
AttributeError: Neither 'InstrumentedAttribute' object nor 'Comparator' object associated with Player.attributes has an attribute 'speed'
Request completed
------------------------------ Captured log call -------------------------------
INFO     api.access:logging_middleware.py:18 Request started
ERROR    app.api.endpoints.draft:draft.py:83 Draft suggestion error: Neither 'InstrumentedAttribute' object nor 'Comparator' object associated with Player.attributes has an attribute 'speed'
Traceback (most recent call last):
  File "/home/jules/.pyenv/versions/3.12.12/lib/python3.12/site-packages/sqlalchemy/orm/attributes.py", line 475, in __getattr__
    return getattr(self.comparator, key)
           ^^^^^^^^^^^^^^^^^^^^^^^^^^^^^
  File "/home/jules/.pyenv/versions/3.12.12/lib/python3.12/site-packages/sqlalchemy/util/langhelpers.py", line 1313, in __getattr__
    return self._fallback_getattr(key)
           ^^^^^^^^^^^^^^^^^^^^^^^^^^^
  File "/home/jules/.pyenv/versions/3.12.12/lib/python3.12/site-packages/sqlalchemy/util/langhelpers.py", line 1282, in _fallback_getattr
    raise AttributeError(key)
AttributeError: speed

The above exception was the direct cause of the following exception:

Traceback (most recent call last):
  File "/app/backend/app/api/endpoints/draft.py", line 65, in suggest_draft_pick
    suggestion = await assistant.suggest_pick(
                 ^^^^^^^^^^^^^^^^^^^^^^^^^^^^^
  File "/app/backend/app/services/draft_assistant.py", line 76, in suggest_pick
    Player.speed,
    ^^^^^^^^^^^^
  File "/home/jules/.pyenv/versions/3.12.12/lib/python3.12/site-packages/sqlalchemy/ext/hybrid.py", line 1139, in __get__
    return self._expr_comparator(owner)
           ^^^^^^^^^^^^^^^^^^^^^^^^^^^^
  File "/home/jules/.pyenv/versions/3.12.12/lib/python3.12/site-packages/sqlalchemy/ext/hybrid.py", line 1447, in expr_comparator
    comparator(owner),
    ^^^^^^^^^^^^^^^^^
  File "/home/jules/.pyenv/versions/3.12.12/lib/python3.12/site-packages/sqlalchemy/ext/hybrid.py", line 1416, in _expr
    return ExprComparator(cls, expr(cls), self)
                               ^^^^^^^^^
  File "/app/backend/app/models/player.py", line 78, in speed
    return self.attributes.speed if self.attributes else 50
           ^^^^^^^^^^^^^^^^^^^^^
  File "/home/jules/.pyenv/versions/3.12.12/lib/python3.12/site-packages/sqlalchemy/orm/attributes.py", line 477, in __getattr__
    raise AttributeError(
AttributeError: Neither 'InstrumentedAttribute' object nor 'Comparator' object associated with Player.attributes has an attribute 'speed'
INFO     api.access:logging_middleware.py:33 Request completed
______________________ test_draft_value_score_calculation ______________________
tests/integration/test_draft_suggestion_api.py:170: in test_draft_value_score_calculation
    assert response.status_code == 200
E   assert 500 == 200
E    +  where 500 = <Response [500 Internal Server Error]>.status_code
----------------------------- Captured stdout call -----------------------------
Request started
Draft suggestion error: Neither 'InstrumentedAttribute' object nor 'Comparator' object associated with Player.attributes has an attribute 'speed'
Traceback (most recent call last):
  File "/home/jules/.pyenv/versions/3.12.12/lib/python3.12/site-packages/sqlalchemy/orm/attributes.py", line 475, in __getattr__
    return getattr(self.comparator, key)
           ^^^^^^^^^^^^^^^^^^^^^^^^^^^^^
  File "/home/jules/.pyenv/versions/3.12.12/lib/python3.12/site-packages/sqlalchemy/util/langhelpers.py", line 1313, in __getattr__
    return self._fallback_getattr(key)
           ^^^^^^^^^^^^^^^^^^^^^^^^^^^
  File "/home/jules/.pyenv/versions/3.12.12/lib/python3.12/site-packages/sqlalchemy/util/langhelpers.py", line 1282, in _fallback_getattr
    raise AttributeError(key)
AttributeError: speed

The above exception was the direct cause of the following exception:

Traceback (most recent call last):
  File "/app/backend/app/api/endpoints/draft.py", line 65, in suggest_draft_pick
    suggestion = await assistant.suggest_pick(
                 ^^^^^^^^^^^^^^^^^^^^^^^^^^^^^
  File "/app/backend/app/services/draft_assistant.py", line 76, in suggest_pick
    Player.speed,
    ^^^^^^^^^^^^
  File "/home/jules/.pyenv/versions/3.12.12/lib/python3.12/site-packages/sqlalchemy/ext/hybrid.py", line 1139, in __get__
    return self._expr_comparator(owner)
           ^^^^^^^^^^^^^^^^^^^^^^^^^^^^
  File "/home/jules/.pyenv/versions/3.12.12/lib/python3.12/site-packages/sqlalchemy/ext/hybrid.py", line 1447, in expr_comparator
    comparator(owner),
    ^^^^^^^^^^^^^^^^^
  File "/home/jules/.pyenv/versions/3.12.12/lib/python3.12/site-packages/sqlalchemy/ext/hybrid.py", line 1416, in _expr
    return ExprComparator(cls, expr(cls), self)
                               ^^^^^^^^^
  File "/app/backend/app/models/player.py", line 78, in speed
    return self.attributes.speed if self.attributes else 50
           ^^^^^^^^^^^^^^^^^^^^^
  File "/home/jules/.pyenv/versions/3.12.12/lib/python3.12/site-packages/sqlalchemy/orm/attributes.py", line 477, in __getattr__
    raise AttributeError(
AttributeError: Neither 'InstrumentedAttribute' object nor 'Comparator' object associated with Player.attributes has an attribute 'speed'
Request completed
------------------------------ Captured log call -------------------------------
INFO     api.access:logging_middleware.py:18 Request started
ERROR    app.api.endpoints.draft:draft.py:83 Draft suggestion error: Neither 'InstrumentedAttribute' object nor 'Comparator' object associated with Player.attributes has an attribute 'speed'
Traceback (most recent call last):
  File "/home/jules/.pyenv/versions/3.12.12/lib/python3.12/site-packages/sqlalchemy/orm/attributes.py", line 475, in __getattr__
    return getattr(self.comparator, key)
           ^^^^^^^^^^^^^^^^^^^^^^^^^^^^^
  File "/home/jules/.pyenv/versions/3.12.12/lib/python3.12/site-packages/sqlalchemy/util/langhelpers.py", line 1313, in __getattr__
    return self._fallback_getattr(key)
           ^^^^^^^^^^^^^^^^^^^^^^^^^^^
  File "/home/jules/.pyenv/versions/3.12.12/lib/python3.12/site-packages/sqlalchemy/util/langhelpers.py", line 1282, in _fallback_getattr
    raise AttributeError(key)
AttributeError: speed

The above exception was the direct cause of the following exception:

Traceback (most recent call last):
  File "/app/backend/app/api/endpoints/draft.py", line 65, in suggest_draft_pick
    suggestion = await assistant.suggest_pick(
                 ^^^^^^^^^^^^^^^^^^^^^^^^^^^^^
  File "/app/backend/app/services/draft_assistant.py", line 76, in suggest_pick
    Player.speed,
    ^^^^^^^^^^^^
  File "/home/jules/.pyenv/versions/3.12.12/lib/python3.12/site-packages/sqlalchemy/ext/hybrid.py", line 1139, in __get__
    return self._expr_comparator(owner)
           ^^^^^^^^^^^^^^^^^^^^^^^^^^^^
  File "/home/jules/.pyenv/versions/3.12.12/lib/python3.12/site-packages/sqlalchemy/ext/hybrid.py", line 1447, in expr_comparator
    comparator(owner),
    ^^^^^^^^^^^^^^^^^
  File "/home/jules/.pyenv/versions/3.12.12/lib/python3.12/site-packages/sqlalchemy/ext/hybrid.py", line 1416, in _expr
    return ExprComparator(cls, expr(cls), self)
                               ^^^^^^^^^
  File "/app/backend/app/models/player.py", line 78, in speed
    return self.attributes.speed if self.attributes else 50
           ^^^^^^^^^^^^^^^^^^^^^
  File "/home/jules/.pyenv/versions/3.12.12/lib/python3.12/site-packages/sqlalchemy/orm/attributes.py", line 477, in __getattr__
    raise AttributeError(
AttributeError: Neither 'InstrumentedAttribute' object nor 'Comparator' object associated with Player.attributes has an attribute 'speed'
INFO     api.access:logging_middleware.py:33 Request completed
_____________________ test_draft_assistant_error_handling ______________________
tests/integration/test_draft_suggestion_api.py:226: in test_draft_assistant_error_handling
    assert response2.status_code == 400
E   assert 500 == 400
E    +  where 500 = <Response [500 Internal Server Error]>.status_code
----------------------------- Captured stdout call -----------------------------
Request started
Draft suggestion validation error: Team 999 not found
Request completed
Request started
Draft suggestion error: Neither 'InstrumentedAttribute' object nor 'Comparator' object associated with Player.attributes has an attribute 'speed'
Traceback (most recent call last):
  File "/home/jules/.pyenv/versions/3.12.12/lib/python3.12/site-packages/sqlalchemy/orm/attributes.py", line 475, in __getattr__
    return getattr(self.comparator, key)
           ^^^^^^^^^^^^^^^^^^^^^^^^^^^^^
  File "/home/jules/.pyenv/versions/3.12.12/lib/python3.12/site-packages/sqlalchemy/util/langhelpers.py", line 1313, in __getattr__
    return self._fallback_getattr(key)
           ^^^^^^^^^^^^^^^^^^^^^^^^^^^
  File "/home/jules/.pyenv/versions/3.12.12/lib/python3.12/site-packages/sqlalchemy/util/langhelpers.py", line 1282, in _fallback_getattr
    raise AttributeError(key)
AttributeError: speed

The above exception was the direct cause of the following exception:

Traceback (most recent call last):
  File "/app/backend/app/api/endpoints/draft.py", line 65, in suggest_draft_pick
    suggestion = await assistant.suggest_pick(
                 ^^^^^^^^^^^^^^^^^^^^^^^^^^^^^
  File "/app/backend/app/services/draft_assistant.py", line 76, in suggest_pick
    Player.speed,
    ^^^^^^^^^^^^
  File "/home/jules/.pyenv/versions/3.12.12/lib/python3.12/site-packages/sqlalchemy/ext/hybrid.py", line 1139, in __get__
    return self._expr_comparator(owner)
           ^^^^^^^^^^^^^^^^^^^^^^^^^^^^
  File "/home/jules/.pyenv/versions/3.12.12/lib/python3.12/site-packages/sqlalchemy/ext/hybrid.py", line 1447, in expr_comparator
    comparator(owner),
    ^^^^^^^^^^^^^^^^^
  File "/home/jules/.pyenv/versions/3.12.12/lib/python3.12/site-packages/sqlalchemy/ext/hybrid.py", line 1416, in _expr
    return ExprComparator(cls, expr(cls), self)
                               ^^^^^^^^^
  File "/app/backend/app/models/player.py", line 78, in speed
    return self.attributes.speed if self.attributes else 50
           ^^^^^^^^^^^^^^^^^^^^^
  File "/home/jules/.pyenv/versions/3.12.12/lib/python3.12/site-packages/sqlalchemy/orm/attributes.py", line 477, in __getattr__
    raise AttributeError(
AttributeError: Neither 'InstrumentedAttribute' object nor 'Comparator' object associated with Player.attributes has an attribute 'speed'
Request completed
------------------------------ Captured log call -------------------------------
INFO     api.access:logging_middleware.py:18 Request started
WARNING  app.api.endpoints.draft:draft.py:80 Draft suggestion validation error: Team 999 not found
INFO     api.access:logging_middleware.py:33 Request completed
INFO     api.access:logging_middleware.py:18 Request started
ERROR    app.api.endpoints.draft:draft.py:83 Draft suggestion error: Neither 'InstrumentedAttribute' object nor 'Comparator' object associated with Player.attributes has an attribute 'speed'
Traceback (most recent call last):
  File "/home/jules/.pyenv/versions/3.12.12/lib/python3.12/site-packages/sqlalchemy/orm/attributes.py", line 475, in __getattr__
    return getattr(self.comparator, key)
           ^^^^^^^^^^^^^^^^^^^^^^^^^^^^^
  File "/home/jules/.pyenv/versions/3.12.12/lib/python3.12/site-packages/sqlalchemy/util/langhelpers.py", line 1313, in __getattr__
    return self._fallback_getattr(key)
           ^^^^^^^^^^^^^^^^^^^^^^^^^^^
  File "/home/jules/.pyenv/versions/3.12.12/lib/python3.12/site-packages/sqlalchemy/util/langhelpers.py", line 1282, in _fallback_getattr
    raise AttributeError(key)
AttributeError: speed

The above exception was the direct cause of the following exception:

Traceback (most recent call last):
  File "/app/backend/app/api/endpoints/draft.py", line 65, in suggest_draft_pick
    suggestion = await assistant.suggest_pick(
                 ^^^^^^^^^^^^^^^^^^^^^^^^^^^^^
  File "/app/backend/app/services/draft_assistant.py", line 76, in suggest_pick
    Player.speed,
    ^^^^^^^^^^^^
  File "/home/jules/.pyenv/versions/3.12.12/lib/python3.12/site-packages/sqlalchemy/ext/hybrid.py", line 1139, in __get__
    return self._expr_comparator(owner)
           ^^^^^^^^^^^^^^^^^^^^^^^^^^^^
  File "/home/jules/.pyenv/versions/3.12.12/lib/python3.12/site-packages/sqlalchemy/ext/hybrid.py", line 1447, in expr_comparator
    comparator(owner),
    ^^^^^^^^^^^^^^^^^
  File "/home/jules/.pyenv/versions/3.12.12/lib/python3.12/site-packages/sqlalchemy/ext/hybrid.py", line 1416, in _expr
    return ExprComparator(cls, expr(cls), self)
                               ^^^^^^^^^
  File "/app/backend/app/models/player.py", line 78, in speed
    return self.attributes.speed if self.attributes else 50
           ^^^^^^^^^^^^^^^^^^^^^
  File "/home/jules/.pyenv/versions/3.12.12/lib/python3.12/site-packages/sqlalchemy/orm/attributes.py", line 477, in __getattr__
    raise AttributeError(
AttributeError: Neither 'InstrumentedAttribute' object nor 'Comparator' object associated with Player.attributes has an attribute 'speed'
INFO     api.access:logging_middleware.py:33 Request completed
________________________ test_alternative_picks_quality ________________________
tests/integration/test_draft_suggestion_api.py:259: in test_alternative_picks_quality
    assert response.status_code == 200
E   assert 500 == 200
E    +  where 500 = <Response [500 Internal Server Error]>.status_code
----------------------------- Captured stdout call -----------------------------
Request started
Draft suggestion error: Neither 'InstrumentedAttribute' object nor 'Comparator' object associated with Player.attributes has an attribute 'speed'
Traceback (most recent call last):
  File "/home/jules/.pyenv/versions/3.12.12/lib/python3.12/site-packages/sqlalchemy/orm/attributes.py", line 475, in __getattr__
    return getattr(self.comparator, key)
           ^^^^^^^^^^^^^^^^^^^^^^^^^^^^^
  File "/home/jules/.pyenv/versions/3.12.12/lib/python3.12/site-packages/sqlalchemy/util/langhelpers.py", line 1313, in __getattr__
    return self._fallback_getattr(key)
           ^^^^^^^^^^^^^^^^^^^^^^^^^^^
  File "/home/jules/.pyenv/versions/3.12.12/lib/python3.12/site-packages/sqlalchemy/util/langhelpers.py", line 1282, in _fallback_getattr
    raise AttributeError(key)
AttributeError: speed

The above exception was the direct cause of the following exception:

Traceback (most recent call last):
  File "/app/backend/app/api/endpoints/draft.py", line 65, in suggest_draft_pick
    suggestion = await assistant.suggest_pick(
                 ^^^^^^^^^^^^^^^^^^^^^^^^^^^^^
  File "/app/backend/app/services/draft_assistant.py", line 76, in suggest_pick
    Player.speed,
    ^^^^^^^^^^^^
  File "/home/jules/.pyenv/versions/3.12.12/lib/python3.12/site-packages/sqlalchemy/ext/hybrid.py", line 1139, in __get__
    return self._expr_comparator(owner)
           ^^^^^^^^^^^^^^^^^^^^^^^^^^^^
  File "/home/jules/.pyenv/versions/3.12.12/lib/python3.12/site-packages/sqlalchemy/ext/hybrid.py", line 1447, in expr_comparator
    comparator(owner),
    ^^^^^^^^^^^^^^^^^
  File "/home/jules/.pyenv/versions/3.12.12/lib/python3.12/site-packages/sqlalchemy/ext/hybrid.py", line 1416, in _expr
    return ExprComparator(cls, expr(cls), self)
                               ^^^^^^^^^
  File "/app/backend/app/models/player.py", line 78, in speed
    return self.attributes.speed if self.attributes else 50
           ^^^^^^^^^^^^^^^^^^^^^
  File "/home/jules/.pyenv/versions/3.12.12/lib/python3.12/site-packages/sqlalchemy/orm/attributes.py", line 477, in __getattr__
    raise AttributeError(
AttributeError: Neither 'InstrumentedAttribute' object nor 'Comparator' object associated with Player.attributes has an attribute 'speed'
Request completed
------------------------------ Captured log call -------------------------------
INFO     api.access:logging_middleware.py:18 Request started
ERROR    app.api.endpoints.draft:draft.py:83 Draft suggestion error: Neither 'InstrumentedAttribute' object nor 'Comparator' object associated with Player.attributes has an attribute 'speed'
Traceback (most recent call last):
  File "/home/jules/.pyenv/versions/3.12.12/lib/python3.12/site-packages/sqlalchemy/orm/attributes.py", line 475, in __getattr__
    return getattr(self.comparator, key)
           ^^^^^^^^^^^^^^^^^^^^^^^^^^^^^
  File "/home/jules/.pyenv/versions/3.12.12/lib/python3.12/site-packages/sqlalchemy/util/langhelpers.py", line 1313, in __getattr__
    return self._fallback_getattr(key)
           ^^^^^^^^^^^^^^^^^^^^^^^^^^^
  File "/home/jules/.pyenv/versions/3.12.12/lib/python3.12/site-packages/sqlalchemy/util/langhelpers.py", line 1282, in _fallback_getattr
    raise AttributeError(key)
AttributeError: speed

The above exception was the direct cause of the following exception:

Traceback (most recent call last):
  File "/app/backend/app/api/endpoints/draft.py", line 65, in suggest_draft_pick
    suggestion = await assistant.suggest_pick(
                 ^^^^^^^^^^^^^^^^^^^^^^^^^^^^^
  File "/app/backend/app/services/draft_assistant.py", line 76, in suggest_pick
    Player.speed,
    ^^^^^^^^^^^^
  File "/home/jules/.pyenv/versions/3.12.12/lib/python3.12/site-packages/sqlalchemy/ext/hybrid.py", line 1139, in __get__
    return self._expr_comparator(owner)
           ^^^^^^^^^^^^^^^^^^^^^^^^^^^^
  File "/home/jules/.pyenv/versions/3.12.12/lib/python3.12/site-packages/sqlalchemy/ext/hybrid.py", line 1447, in expr_comparator
    comparator(owner),
    ^^^^^^^^^^^^^^^^^
  File "/home/jules/.pyenv/versions/3.12.12/lib/python3.12/site-packages/sqlalchemy/ext/hybrid.py", line 1416, in _expr
    return ExprComparator(cls, expr(cls), self)
                               ^^^^^^^^^
  File "/app/backend/app/models/player.py", line 78, in speed
    return self.attributes.speed if self.attributes else 50
           ^^^^^^^^^^^^^^^^^^^^^
  File "/home/jules/.pyenv/versions/3.12.12/lib/python3.12/site-packages/sqlalchemy/orm/attributes.py", line 477, in __getattr__
    raise AttributeError(
AttributeError: Neither 'InstrumentedAttribute' object nor 'Comparator' object associated with Player.attributes has an attribute 'speed'
INFO     api.access:logging_middleware.py:33 Request completed
_________ TestEnvironmentalEffects.test_rain_reduces_passing_accuracy __________
tests/integration/test_environmental_effects_integration.py:81: in test_rain_reduces_passing_accuracy
    assert abs(acc_mod - 0.9) < 0.01, f"Expected 0.9 accuracy, got {acc_mod}"
E   AssertionError: Expected 0.9 accuracy, got 0.88
E   assert 0.020000000000000018 < 0.01
E    +  where 0.020000000000000018 = abs((0.88 - 0.9))
___________ TestEnvironmentalEffects.test_high_wind_affects_passing ____________
tests/integration/test_environmental_effects_integration.py:97: in test_high_wind_affects_passing
    assert abs(acc_mod - 0.85) < 0.01, f"Expected 0.85 accuracy, got {acc_mod}"
E   AssertionError: Expected 0.85 accuracy, got 0.88
E   assert 0.030000000000000027 < 0.01
E    +  where 0.030000000000000027 = abs((0.88 - 0.85))
_______ TestEnvironmentalEffects.test_muddy_field_increases_fumbles_more _______
tests/integration/test_environmental_effects_integration.py:126: in test_muddy_field_increases_fumbles_more
    assert abs(fumble_mod - 1.3) < 0.01, f"Expected 1.3x fumbles, got {fumble_mod}"
E   AssertionError: Expected 1.3x fumbles, got 1.25
E   assert 0.050000000000000044 < 0.01
E    +  where 0.050000000000000044 = abs((1.25 - 1.3))
________ TestEnvironmentalEffects.test_weather_integration_in_pass_play ________
tests/integration/test_environmental_effects_integration.py:235: in test_weather_integration_in_pass_play
    result = resolver._resolve_pass_play(command)
             ^^^^^^^^^^^^^^^^^^^^^^^^^^^^^^^^^^^^
app/orchestrator/play_resolver.py:720: in _resolve_pass_play
    interaction_results = self._apply_pass_play_interactions(qb, target, defender, command)
                          ^^^^^^^^^^^^^^^^^^^^^^^^^^^^^^^^^^^^^^^^^^^^^^^^^^^^^^^^^^^^^^^^^
app/orchestrator/play_resolver.py:489: in _apply_pass_play_interactions
    return apply_interaction_to_play(
app/engine/attribute_interaction.py:797: in apply_interaction_to_play
    results = engine.batch_calculate_interactions(key_matchups, play_context)
              ^^^^^^^^^^^^^^^^^^^^^^^^^^^^^^^^^^^^^^^^^^^^^^^^^^^^^^^^^^^^^^^
app/engine/attribute_interaction.py:766: in batch_calculate_interactions
    result = self.calculate_interaction(
app/engine/attribute_interaction.py:575: in calculate_interaction
    outcome = self._differential_to_outcome(raw_differential)
              ^^^^^^^^^^^^^^^^^^^^^^^^^^^^^^^^^^^^^^^^^^^^^^^
app/engine/attribute_interaction.py:604: in _differential_to_outcome
    if differential >= 15:
       ^^^^^^^^^^^^^^^^^^
E   TypeError: '>=' not supported between instances of 'MagicMock' and 'int'
----------------------------- Captured stdout call -----------------------------
AttributeInteractionEngine initialized with 13 interactions
------------------------------ Captured log call -------------------------------
INFO     app.engine.attribute_interaction:attribute_interaction.py:113 AttributeInteractionEngine initialized with 13 interactions
________ TestEnvironmentalEffects.test_weather_integration_in_run_play _________
tests/integration/test_environmental_effects_integration.py:281: in test_weather_integration_in_run_play
    result = resolver_dry._resolve_run_play(command)
             ^^^^^^^^^^^^^^^^^^^^^^^^^^^^^^^^^^^^^^^
app/orchestrator/play_resolver.py:1180: in _resolve_run_play
    interaction_results = self._apply_run_play_interactions(rb, defender, command)
                          ^^^^^^^^^^^^^^^^^^^^^^^^^^^^^^^^^^^^^^^^^^^^^^^^^^^^^^^^
app/orchestrator/play_resolver.py:556: in _apply_run_play_interactions
    return apply_interaction_to_play(
app/engine/attribute_interaction.py:797: in apply_interaction_to_play
    results = engine.batch_calculate_interactions(key_matchups, play_context)
              ^^^^^^^^^^^^^^^^^^^^^^^^^^^^^^^^^^^^^^^^^^^^^^^^^^^^^^^^^^^^^^^
app/engine/attribute_interaction.py:766: in batch_calculate_interactions
    result = self.calculate_interaction(
app/engine/attribute_interaction.py:575: in calculate_interaction
    outcome = self._differential_to_outcome(raw_differential)
              ^^^^^^^^^^^^^^^^^^^^^^^^^^^^^^^^^^^^^^^^^^^^^^^
app/engine/attribute_interaction.py:604: in _differential_to_outcome
    if differential >= 15:
       ^^^^^^^^^^^^^^^^^^
E   TypeError: '>=' not supported between instances of 'MagicMock' and 'int'
----------------------------- Captured stdout call -----------------------------
AttributeInteractionEngine initialized with 13 interactions
------------------------------ Captured log call -------------------------------
INFO     app.engine.attribute_interaction:attribute_interaction.py:113 AttributeInteractionEngine initialized with 13 interactions
____________________________ test_mcp_server_health ____________________________
tests/integration/test_mcp_health.py:25: in test_mcp_server_health
    assert len(servers) > 0, "No servers configured in mcp_config.json"
E   AssertionError: No servers configured in mcp_config.json
E   assert 0 > 0
E    +  where 0 = len([])
----------------------------- Captured stdout call -----------------------------
Loading config from backend/mcp_config.json
MCP config file not found at backend/mcp_config.json
MCP config file not found at backend/mcp_config.json
------------------------------ Captured log call -------------------------------
WARNING  app.core.mcp_registry:mcp_registry.py:26 MCP config file not found at backend/mcp_config.json
____________________ test_ol_chemistry_bonus_after_5_games _____________________
/home/jules/.pyenv/versions/3.12.12/lib/python3.12/site-packages/sqlalchemy/engine/base.py:2125: in _exec_insertmany_context
    dialect.do_execute(
/home/jules/.pyenv/versions/3.12.12/lib/python3.12/site-packages/sqlalchemy/engine/default.py:952: in do_execute
    cursor.execute(statement, parameters)
/home/jules/.pyenv/versions/3.12.12/lib/python3.12/site-packages/sqlalchemy/dialects/sqlite/aiosqlite.py:182: in execute
    self._adapt_connection._handle_exception(error)
/home/jules/.pyenv/versions/3.12.12/lib/python3.12/site-packages/sqlalchemy/dialects/sqlite/aiosqlite.py:342: in _handle_exception
    raise error
/home/jules/.pyenv/versions/3.12.12/lib/python3.12/site-packages/sqlalchemy/dialects/sqlite/aiosqlite.py:164: in execute
    self.await_(_cursor.execute(operation, parameters))
/home/jules/.pyenv/versions/3.12.12/lib/python3.12/site-packages/sqlalchemy/util/_concurrency_py3k.py:132: in await_only
    return current.parent.switch(awaitable)  # type: ignore[no-any-return,attr-defined] # noqa: E501
           ^^^^^^^^^^^^^^^^^^^^^^^^^^^^^^^^
/home/jules/.pyenv/versions/3.12.12/lib/python3.12/site-packages/sqlalchemy/util/_concurrency_py3k.py:196: in greenlet_spawn
    value = await result
            ^^^^^^^^^^^^
/home/jules/.pyenv/versions/3.12.12/lib/python3.12/site-packages/aiosqlite/cursor.py:40: in execute
    await self._execute(self._cursor.execute, sql, parameters)
/home/jules/.pyenv/versions/3.12.12/lib/python3.12/site-packages/aiosqlite/cursor.py:32: in _execute
    return await self._conn._execute(fn, *args, **kwargs)
           ^^^^^^^^^^^^^^^^^^^^^^^^^^^^^^^^^^^^^^^^^^^^^^
/home/jules/.pyenv/versions/3.12.12/lib/python3.12/site-packages/aiosqlite/core.py:160: in _execute
    return await future
           ^^^^^^^^^^^^
/home/jules/.pyenv/versions/3.12.12/lib/python3.12/site-packages/aiosqlite/core.py:63: in _connection_worker_thread
    result = function()
             ^^^^^^^^^^
E   sqlite3.IntegrityError: NOT NULL constraint failed: player_game_starts.position_started

The above exception was the direct cause of the following exception:
tests/integration/test_ol_chemistry_integration.py:140: in test_ol_chemistry_bonus_after_5_games
    await create_game_with_starts(test_db, game_id=i, week=i, ol_player_ids=ol_player_ids)
tests/integration/test_ol_chemistry_integration.py:127: in create_game_with_starts
    await test_db.commit()
/home/jules/.pyenv/versions/3.12.12/lib/python3.12/site-packages/sqlalchemy/ext/asyncio/session.py:1000: in commit
    await greenlet_spawn(self.sync_session.commit)
/home/jules/.pyenv/versions/3.12.12/lib/python3.12/site-packages/sqlalchemy/util/_concurrency_py3k.py:203: in greenlet_spawn
    result = context.switch(value)
             ^^^^^^^^^^^^^^^^^^^^^
/home/jules/.pyenv/versions/3.12.12/lib/python3.12/site-packages/sqlalchemy/orm/session.py:2030: in commit
    trans.commit(_to_root=True)
<string>:2: in commit
    ???
/home/jules/.pyenv/versions/3.12.12/lib/python3.12/site-packages/sqlalchemy/orm/state_changes.py:137: in _go
    ret_value = fn(self, *arg, **kw)
                ^^^^^^^^^^^^^^^^^^^^
/home/jules/.pyenv/versions/3.12.12/lib/python3.12/site-packages/sqlalchemy/orm/session.py:1311: in commit
    self._prepare_impl()
<string>:2: in _prepare_impl
    ???
/home/jules/.pyenv/versions/3.12.12/lib/python3.12/site-packages/sqlalchemy/orm/state_changes.py:137: in _go
    ret_value = fn(self, *arg, **kw)
                ^^^^^^^^^^^^^^^^^^^^
/home/jules/.pyenv/versions/3.12.12/lib/python3.12/site-packages/sqlalchemy/orm/session.py:1286: in _prepare_impl
    self.session.flush()
/home/jules/.pyenv/versions/3.12.12/lib/python3.12/site-packages/sqlalchemy/orm/session.py:4331: in flush
    self._flush(objects)
/home/jules/.pyenv/versions/3.12.12/lib/python3.12/site-packages/sqlalchemy/orm/session.py:4466: in _flush
    with util.safe_reraise():
         ^^^^^^^^^^^^^^^^^^^
/home/jules/.pyenv/versions/3.12.12/lib/python3.12/site-packages/sqlalchemy/util/langhelpers.py:121: in __exit__
    raise exc_value.with_traceback(exc_tb)
/home/jules/.pyenv/versions/3.12.12/lib/python3.12/site-packages/sqlalchemy/orm/session.py:4427: in _flush
    flush_context.execute()
/home/jules/.pyenv/versions/3.12.12/lib/python3.12/site-packages/sqlalchemy/orm/unitofwork.py:466: in execute
    rec.execute(self)
/home/jules/.pyenv/versions/3.12.12/lib/python3.12/site-packages/sqlalchemy/orm/unitofwork.py:642: in execute
    util.preloaded.orm_persistence.save_obj(
/home/jules/.pyenv/versions/3.12.12/lib/python3.12/site-packages/sqlalchemy/orm/persistence.py:93: in save_obj
    _emit_insert_statements(
/home/jules/.pyenv/versions/3.12.12/lib/python3.12/site-packages/sqlalchemy/orm/persistence.py:1143: in _emit_insert_statements
    result = connection.execute(
/home/jules/.pyenv/versions/3.12.12/lib/python3.12/site-packages/sqlalchemy/engine/base.py:1419: in execute
    return meth(
/home/jules/.pyenv/versions/3.12.12/lib/python3.12/site-packages/sqlalchemy/sql/elements.py:527: in _execute_on_connection
    return connection._execute_clauseelement(
/home/jules/.pyenv/versions/3.12.12/lib/python3.12/site-packages/sqlalchemy/engine/base.py:1641: in _execute_clauseelement
    ret = self._execute_context(
/home/jules/.pyenv/versions/3.12.12/lib/python3.12/site-packages/sqlalchemy/engine/base.py:1844: in _execute_context
    return self._exec_insertmany_context(dialect, context)
           ^^^^^^^^^^^^^^^^^^^^^^^^^^^^^^^^^^^^^^^^^^^^^^^
/home/jules/.pyenv/versions/3.12.12/lib/python3.12/site-packages/sqlalchemy/engine/base.py:2133: in _exec_insertmany_context
    self._handle_dbapi_exception(
/home/jules/.pyenv/versions/3.12.12/lib/python3.12/site-packages/sqlalchemy/engine/base.py:2363: in _handle_dbapi_exception
    raise sqlalchemy_exception.with_traceback(exc_info[2]) from e
/home/jules/.pyenv/versions/3.12.12/lib/python3.12/site-packages/sqlalchemy/engine/base.py:2125: in _exec_insertmany_context
    dialect.do_execute(
/home/jules/.pyenv/versions/3.12.12/lib/python3.12/site-packages/sqlalchemy/engine/default.py:952: in do_execute
    cursor.execute(statement, parameters)
/home/jules/.pyenv/versions/3.12.12/lib/python3.12/site-packages/sqlalchemy/dialects/sqlite/aiosqlite.py:182: in execute
    self._adapt_connection._handle_exception(error)
/home/jules/.pyenv/versions/3.12.12/lib/python3.12/site-packages/sqlalchemy/dialects/sqlite/aiosqlite.py:342: in _handle_exception
    raise error
/home/jules/.pyenv/versions/3.12.12/lib/python3.12/site-packages/sqlalchemy/dialects/sqlite/aiosqlite.py:164: in execute
    self.await_(_cursor.execute(operation, parameters))
/home/jules/.pyenv/versions/3.12.12/lib/python3.12/site-packages/sqlalchemy/util/_concurrency_py3k.py:132: in await_only
    return current.parent.switch(awaitable)  # type: ignore[no-any-return,attr-defined] # noqa: E501
           ^^^^^^^^^^^^^^^^^^^^^^^^^^^^^^^^
/home/jules/.pyenv/versions/3.12.12/lib/python3.12/site-packages/sqlalchemy/util/_concurrency_py3k.py:196: in greenlet_spawn
    value = await result
            ^^^^^^^^^^^^
/home/jules/.pyenv/versions/3.12.12/lib/python3.12/site-packages/aiosqlite/cursor.py:40: in execute
    await self._execute(self._cursor.execute, sql, parameters)
/home/jules/.pyenv/versions/3.12.12/lib/python3.12/site-packages/aiosqlite/cursor.py:32: in _execute
    return await self._conn._execute(fn, *args, **kwargs)
           ^^^^^^^^^^^^^^^^^^^^^^^^^^^^^^^^^^^^^^^^^^^^^^
/home/jules/.pyenv/versions/3.12.12/lib/python3.12/site-packages/aiosqlite/core.py:160: in _execute
    return await future
           ^^^^^^^^^^^^
/home/jules/.pyenv/versions/3.12.12/lib/python3.12/site-packages/aiosqlite/core.py:63: in _connection_worker_thread
    result = function()
             ^^^^^^^^^^
E   sqlalchemy.exc.IntegrityError: (sqlite3.IntegrityError) NOT NULL constraint failed: player_game_starts.position_started
E   [SQL: INSERT INTO player_game_starts (player_id, game_id, team_id, season_id, week, position, created_at) VALUES (?, ?, ?, ?, ?, ?, ?) RETURNING id]
E   [parameters: (1, 1, 1, 1, 1, 'LT', '2026-03-08 19:43:40.818342')]
E   (Background on this error at: https://sqlalche.me/e/20/gkpj)
__________________ test_chemistry_resets_when_lineup_changes ___________________
/home/jules/.pyenv/versions/3.12.12/lib/python3.12/site-packages/sqlalchemy/engine/base.py:2125: in _exec_insertmany_context
    dialect.do_execute(
/home/jules/.pyenv/versions/3.12.12/lib/python3.12/site-packages/sqlalchemy/engine/default.py:952: in do_execute
    cursor.execute(statement, parameters)
/home/jules/.pyenv/versions/3.12.12/lib/python3.12/site-packages/sqlalchemy/dialects/sqlite/aiosqlite.py:182: in execute
    self._adapt_connection._handle_exception(error)
/home/jules/.pyenv/versions/3.12.12/lib/python3.12/site-packages/sqlalchemy/dialects/sqlite/aiosqlite.py:342: in _handle_exception
    raise error
/home/jules/.pyenv/versions/3.12.12/lib/python3.12/site-packages/sqlalchemy/dialects/sqlite/aiosqlite.py:164: in execute
    self.await_(_cursor.execute(operation, parameters))
/home/jules/.pyenv/versions/3.12.12/lib/python3.12/site-packages/sqlalchemy/util/_concurrency_py3k.py:132: in await_only
    return current.parent.switch(awaitable)  # type: ignore[no-any-return,attr-defined] # noqa: E501
           ^^^^^^^^^^^^^^^^^^^^^^^^^^^^^^^^
/home/jules/.pyenv/versions/3.12.12/lib/python3.12/site-packages/sqlalchemy/util/_concurrency_py3k.py:196: in greenlet_spawn
    value = await result
            ^^^^^^^^^^^^
/home/jules/.pyenv/versions/3.12.12/lib/python3.12/site-packages/aiosqlite/cursor.py:40: in execute
    await self._execute(self._cursor.execute, sql, parameters)
/home/jules/.pyenv/versions/3.12.12/lib/python3.12/site-packages/aiosqlite/cursor.py:32: in _execute
    return await self._conn._execute(fn, *args, **kwargs)
           ^^^^^^^^^^^^^^^^^^^^^^^^^^^^^^^^^^^^^^^^^^^^^^
/home/jules/.pyenv/versions/3.12.12/lib/python3.12/site-packages/aiosqlite/core.py:160: in _execute
    return await future
           ^^^^^^^^^^^^
/home/jules/.pyenv/versions/3.12.12/lib/python3.12/site-packages/aiosqlite/core.py:63: in _connection_worker_thread
    result = function()
             ^^^^^^^^^^
E   sqlite3.IntegrityError: NOT NULL constraint failed: player_game_starts.position_started

The above exception was the direct cause of the following exception:
tests/integration/test_ol_chemistry_integration.py:187: in test_chemistry_resets_when_lineup_changes
    await create_game_with_starts(test_db, game_id=i, week=i, ol_player_ids=original_ol)
tests/integration/test_ol_chemistry_integration.py:127: in create_game_with_starts
    await test_db.commit()
/home/jules/.pyenv/versions/3.12.12/lib/python3.12/site-packages/sqlalchemy/ext/asyncio/session.py:1000: in commit
    await greenlet_spawn(self.sync_session.commit)
/home/jules/.pyenv/versions/3.12.12/lib/python3.12/site-packages/sqlalchemy/util/_concurrency_py3k.py:203: in greenlet_spawn
    result = context.switch(value)
             ^^^^^^^^^^^^^^^^^^^^^
/home/jules/.pyenv/versions/3.12.12/lib/python3.12/site-packages/sqlalchemy/orm/session.py:2030: in commit
    trans.commit(_to_root=True)
<string>:2: in commit
    ???
/home/jules/.pyenv/versions/3.12.12/lib/python3.12/site-packages/sqlalchemy/orm/state_changes.py:137: in _go
    ret_value = fn(self, *arg, **kw)
                ^^^^^^^^^^^^^^^^^^^^
/home/jules/.pyenv/versions/3.12.12/lib/python3.12/site-packages/sqlalchemy/orm/session.py:1311: in commit
    self._prepare_impl()
<string>:2: in _prepare_impl
    ???
/home/jules/.pyenv/versions/3.12.12/lib/python3.12/site-packages/sqlalchemy/orm/state_changes.py:137: in _go
    ret_value = fn(self, *arg, **kw)
                ^^^^^^^^^^^^^^^^^^^^
/home/jules/.pyenv/versions/3.12.12/lib/python3.12/site-packages/sqlalchemy/orm/session.py:1286: in _prepare_impl
    self.session.flush()
/home/jules/.pyenv/versions/3.12.12/lib/python3.12/site-packages/sqlalchemy/orm/session.py:4331: in flush
    self._flush(objects)
/home/jules/.pyenv/versions/3.12.12/lib/python3.12/site-packages/sqlalchemy/orm/session.py:4466: in _flush
    with util.safe_reraise():
         ^^^^^^^^^^^^^^^^^^^
/home/jules/.pyenv/versions/3.12.12/lib/python3.12/site-packages/sqlalchemy/util/langhelpers.py:121: in __exit__
    raise exc_value.with_traceback(exc_tb)
/home/jules/.pyenv/versions/3.12.12/lib/python3.12/site-packages/sqlalchemy/orm/session.py:4427: in _flush
    flush_context.execute()
/home/jules/.pyenv/versions/3.12.12/lib/python3.12/site-packages/sqlalchemy/orm/unitofwork.py:466: in execute
    rec.execute(self)
/home/jules/.pyenv/versions/3.12.12/lib/python3.12/site-packages/sqlalchemy/orm/unitofwork.py:642: in execute
    util.preloaded.orm_persistence.save_obj(
/home/jules/.pyenv/versions/3.12.12/lib/python3.12/site-packages/sqlalchemy/orm/persistence.py:93: in save_obj
    _emit_insert_statements(
/home/jules/.pyenv/versions/3.12.12/lib/python3.12/site-packages/sqlalchemy/orm/persistence.py:1143: in _emit_insert_statements
    result = connection.execute(
/home/jules/.pyenv/versions/3.12.12/lib/python3.12/site-packages/sqlalchemy/engine/base.py:1419: in execute
    return meth(
/home/jules/.pyenv/versions/3.12.12/lib/python3.12/site-packages/sqlalchemy/sql/elements.py:527: in _execute_on_connection
    return connection._execute_clauseelement(
/home/jules/.pyenv/versions/3.12.12/lib/python3.12/site-packages/sqlalchemy/engine/base.py:1641: in _execute_clauseelement
    ret = self._execute_context(
/home/jules/.pyenv/versions/3.12.12/lib/python3.12/site-packages/sqlalchemy/engine/base.py:1844: in _execute_context
    return self._exec_insertmany_context(dialect, context)
           ^^^^^^^^^^^^^^^^^^^^^^^^^^^^^^^^^^^^^^^^^^^^^^^
/home/jules/.pyenv/versions/3.12.12/lib/python3.12/site-packages/sqlalchemy/engine/base.py:2133: in _exec_insertmany_context
    self._handle_dbapi_exception(
/home/jules/.pyenv/versions/3.12.12/lib/python3.12/site-packages/sqlalchemy/engine/base.py:2363: in _handle_dbapi_exception
    raise sqlalchemy_exception.with_traceback(exc_info[2]) from e
/home/jules/.pyenv/versions/3.12.12/lib/python3.12/site-packages/sqlalchemy/engine/base.py:2125: in _exec_insertmany_context
    dialect.do_execute(
/home/jules/.pyenv/versions/3.12.12/lib/python3.12/site-packages/sqlalchemy/engine/default.py:952: in do_execute
    cursor.execute(statement, parameters)
/home/jules/.pyenv/versions/3.12.12/lib/python3.12/site-packages/sqlalchemy/dialects/sqlite/aiosqlite.py:182: in execute
    self._adapt_connection._handle_exception(error)
/home/jules/.pyenv/versions/3.12.12/lib/python3.12/site-packages/sqlalchemy/dialects/sqlite/aiosqlite.py:342: in _handle_exception
    raise error
/home/jules/.pyenv/versions/3.12.12/lib/python3.12/site-packages/sqlalchemy/dialects/sqlite/aiosqlite.py:164: in execute
    self.await_(_cursor.execute(operation, parameters))
/home/jules/.pyenv/versions/3.12.12/lib/python3.12/site-packages/sqlalchemy/util/_concurrency_py3k.py:132: in await_only
    return current.parent.switch(awaitable)  # type: ignore[no-any-return,attr-defined] # noqa: E501
           ^^^^^^^^^^^^^^^^^^^^^^^^^^^^^^^^
/home/jules/.pyenv/versions/3.12.12/lib/python3.12/site-packages/sqlalchemy/util/_concurrency_py3k.py:196: in greenlet_spawn
    value = await result
            ^^^^^^^^^^^^
/home/jules/.pyenv/versions/3.12.12/lib/python3.12/site-packages/aiosqlite/cursor.py:40: in execute
    await self._execute(self._cursor.execute, sql, parameters)
/home/jules/.pyenv/versions/3.12.12/lib/python3.12/site-packages/aiosqlite/cursor.py:32: in _execute
    return await self._conn._execute(fn, *args, **kwargs)
           ^^^^^^^^^^^^^^^^^^^^^^^^^^^^^^^^^^^^^^^^^^^^^^
/home/jules/.pyenv/versions/3.12.12/lib/python3.12/site-packages/aiosqlite/core.py:160: in _execute
    return await future
           ^^^^^^^^^^^^
/home/jules/.pyenv/versions/3.12.12/lib/python3.12/site-packages/aiosqlite/core.py:63: in _connection_worker_thread
    result = function()
             ^^^^^^^^^^
E   sqlalchemy.exc.IntegrityError: (sqlite3.IntegrityError) NOT NULL constraint failed: player_game_starts.position_started
E   [SQL: INSERT INTO player_game_starts (player_id, game_id, team_id, season_id, week, position, created_at) VALUES (?, ?, ?, ?, ?, ?, ?) RETURNING id]
E   [parameters: (1, 1, 1, 1, 1, 'LT', '2026-03-08 19:43:43.525054')]
E   (Background on this error at: https://sqlalche.me/e/20/gkpj)
___________________ test_no_chemistry_with_less_than_5_games ___________________
/home/jules/.pyenv/versions/3.12.12/lib/python3.12/site-packages/sqlalchemy/engine/base.py:2125: in _exec_insertmany_context
    dialect.do_execute(
/home/jules/.pyenv/versions/3.12.12/lib/python3.12/site-packages/sqlalchemy/engine/default.py:952: in do_execute
    cursor.execute(statement, parameters)
/home/jules/.pyenv/versions/3.12.12/lib/python3.12/site-packages/sqlalchemy/dialects/sqlite/aiosqlite.py:182: in execute
    self._adapt_connection._handle_exception(error)
/home/jules/.pyenv/versions/3.12.12/lib/python3.12/site-packages/sqlalchemy/dialects/sqlite/aiosqlite.py:342: in _handle_exception
    raise error
/home/jules/.pyenv/versions/3.12.12/lib/python3.12/site-packages/sqlalchemy/dialects/sqlite/aiosqlite.py:164: in execute
    self.await_(_cursor.execute(operation, parameters))
/home/jules/.pyenv/versions/3.12.12/lib/python3.12/site-packages/sqlalchemy/util/_concurrency_py3k.py:132: in await_only
    return current.parent.switch(awaitable)  # type: ignore[no-any-return,attr-defined] # noqa: E501
           ^^^^^^^^^^^^^^^^^^^^^^^^^^^^^^^^
/home/jules/.pyenv/versions/3.12.12/lib/python3.12/site-packages/sqlalchemy/util/_concurrency_py3k.py:196: in greenlet_spawn
    value = await result
            ^^^^^^^^^^^^
/home/jules/.pyenv/versions/3.12.12/lib/python3.12/site-packages/aiosqlite/cursor.py:40: in execute
    await self._execute(self._cursor.execute, sql, parameters)
/home/jules/.pyenv/versions/3.12.12/lib/python3.12/site-packages/aiosqlite/cursor.py:32: in _execute
    return await self._conn._execute(fn, *args, **kwargs)
           ^^^^^^^^^^^^^^^^^^^^^^^^^^^^^^^^^^^^^^^^^^^^^^
/home/jules/.pyenv/versions/3.12.12/lib/python3.12/site-packages/aiosqlite/core.py:160: in _execute
    return await future
           ^^^^^^^^^^^^
/home/jules/.pyenv/versions/3.12.12/lib/python3.12/site-packages/aiosqlite/core.py:63: in _connection_worker_thread
    result = function()
             ^^^^^^^^^^
E   sqlite3.IntegrityError: NOT NULL constraint failed: player_game_starts.position_started

The above exception was the direct cause of the following exception:
tests/integration/test_ol_chemistry_integration.py:225: in test_no_chemistry_with_less_than_5_games
    await create_game_with_starts(test_db, game_id=i, week=i, ol_player_ids=ol_player_ids)
tests/integration/test_ol_chemistry_integration.py:127: in create_game_with_starts
    await test_db.commit()
/home/jules/.pyenv/versions/3.12.12/lib/python3.12/site-packages/sqlalchemy/ext/asyncio/session.py:1000: in commit
    await greenlet_spawn(self.sync_session.commit)
/home/jules/.pyenv/versions/3.12.12/lib/python3.12/site-packages/sqlalchemy/util/_concurrency_py3k.py:203: in greenlet_spawn
    result = context.switch(value)
             ^^^^^^^^^^^^^^^^^^^^^
/home/jules/.pyenv/versions/3.12.12/lib/python3.12/site-packages/sqlalchemy/orm/session.py:2030: in commit
    trans.commit(_to_root=True)
<string>:2: in commit
    ???
/home/jules/.pyenv/versions/3.12.12/lib/python3.12/site-packages/sqlalchemy/orm/state_changes.py:137: in _go
    ret_value = fn(self, *arg, **kw)
                ^^^^^^^^^^^^^^^^^^^^
/home/jules/.pyenv/versions/3.12.12/lib/python3.12/site-packages/sqlalchemy/orm/session.py:1311: in commit
    self._prepare_impl()
<string>:2: in _prepare_impl
    ???
/home/jules/.pyenv/versions/3.12.12/lib/python3.12/site-packages/sqlalchemy/orm/state_changes.py:137: in _go
    ret_value = fn(self, *arg, **kw)
                ^^^^^^^^^^^^^^^^^^^^
/home/jules/.pyenv/versions/3.12.12/lib/python3.12/site-packages/sqlalchemy/orm/session.py:1286: in _prepare_impl
    self.session.flush()
/home/jules/.pyenv/versions/3.12.12/lib/python3.12/site-packages/sqlalchemy/orm/session.py:4331: in flush
    self._flush(objects)
/home/jules/.pyenv/versions/3.12.12/lib/python3.12/site-packages/sqlalchemy/orm/session.py:4466: in _flush
    with util.safe_reraise():
         ^^^^^^^^^^^^^^^^^^^
/home/jules/.pyenv/versions/3.12.12/lib/python3.12/site-packages/sqlalchemy/util/langhelpers.py:121: in __exit__
    raise exc_value.with_traceback(exc_tb)
/home/jules/.pyenv/versions/3.12.12/lib/python3.12/site-packages/sqlalchemy/orm/session.py:4427: in _flush
    flush_context.execute()
/home/jules/.pyenv/versions/3.12.12/lib/python3.12/site-packages/sqlalchemy/orm/unitofwork.py:466: in execute
    rec.execute(self)
/home/jules/.pyenv/versions/3.12.12/lib/python3.12/site-packages/sqlalchemy/orm/unitofwork.py:642: in execute
    util.preloaded.orm_persistence.save_obj(
/home/jules/.pyenv/versions/3.12.12/lib/python3.12/site-packages/sqlalchemy/orm/persistence.py:93: in save_obj
    _emit_insert_statements(
/home/jules/.pyenv/versions/3.12.12/lib/python3.12/site-packages/sqlalchemy/orm/persistence.py:1143: in _emit_insert_statements
    result = connection.execute(
/home/jules/.pyenv/versions/3.12.12/lib/python3.12/site-packages/sqlalchemy/engine/base.py:1419: in execute
    return meth(
/home/jules/.pyenv/versions/3.12.12/lib/python3.12/site-packages/sqlalchemy/sql/elements.py:527: in _execute_on_connection
    return connection._execute_clauseelement(
/home/jules/.pyenv/versions/3.12.12/lib/python3.12/site-packages/sqlalchemy/engine/base.py:1641: in _execute_clauseelement
    ret = self._execute_context(
/home/jules/.pyenv/versions/3.12.12/lib/python3.12/site-packages/sqlalchemy/engine/base.py:1844: in _execute_context
    return self._exec_insertmany_context(dialect, context)
           ^^^^^^^^^^^^^^^^^^^^^^^^^^^^^^^^^^^^^^^^^^^^^^^
/home/jules/.pyenv/versions/3.12.12/lib/python3.12/site-packages/sqlalchemy/engine/base.py:2133: in _exec_insertmany_context
    self._handle_dbapi_exception(
/home/jules/.pyenv/versions/3.12.12/lib/python3.12/site-packages/sqlalchemy/engine/base.py:2363: in _handle_dbapi_exception
    raise sqlalchemy_exception.with_traceback(exc_info[2]) from e
/home/jules/.pyenv/versions/3.12.12/lib/python3.12/site-packages/sqlalchemy/engine/base.py:2125: in _exec_insertmany_context
    dialect.do_execute(
/home/jules/.pyenv/versions/3.12.12/lib/python3.12/site-packages/sqlalchemy/engine/default.py:952: in do_execute
    cursor.execute(statement, parameters)
/home/jules/.pyenv/versions/3.12.12/lib/python3.12/site-packages/sqlalchemy/dialects/sqlite/aiosqlite.py:182: in execute
    self._adapt_connection._handle_exception(error)
/home/jules/.pyenv/versions/3.12.12/lib/python3.12/site-packages/sqlalchemy/dialects/sqlite/aiosqlite.py:342: in _handle_exception
    raise error
/home/jules/.pyenv/versions/3.12.12/lib/python3.12/site-packages/sqlalchemy/dialects/sqlite/aiosqlite.py:164: in execute
    self.await_(_cursor.execute(operation, parameters))
/home/jules/.pyenv/versions/3.12.12/lib/python3.12/site-packages/sqlalchemy/util/_concurrency_py3k.py:132: in await_only
    return current.parent.switch(awaitable)  # type: ignore[no-any-return,attr-defined] # noqa: E501
           ^^^^^^^^^^^^^^^^^^^^^^^^^^^^^^^^
/home/jules/.pyenv/versions/3.12.12/lib/python3.12/site-packages/sqlalchemy/util/_concurrency_py3k.py:196: in greenlet_spawn
    value = await result
            ^^^^^^^^^^^^
/home/jules/.pyenv/versions/3.12.12/lib/python3.12/site-packages/aiosqlite/cursor.py:40: in execute
    await self._execute(self._cursor.execute, sql, parameters)
/home/jules/.pyenv/versions/3.12.12/lib/python3.12/site-packages/aiosqlite/cursor.py:32: in _execute
    return await self._conn._execute(fn, *args, **kwargs)
           ^^^^^^^^^^^^^^^^^^^^^^^^^^^^^^^^^^^^^^^^^^^^^^
/home/jules/.pyenv/versions/3.12.12/lib/python3.12/site-packages/aiosqlite/core.py:160: in _execute
    return await future
           ^^^^^^^^^^^^
/home/jules/.pyenv/versions/3.12.12/lib/python3.12/site-packages/aiosqlite/core.py:63: in _connection_worker_thread
    result = function()
             ^^^^^^^^^^
E   sqlalchemy.exc.IntegrityError: (sqlite3.IntegrityError) NOT NULL constraint failed: player_game_starts.position_started
E   [SQL: INSERT INTO player_game_starts (player_id, game_id, team_id, season_id, week, position, created_at) VALUES (?, ?, ?, ?, ?, ?, ?) RETURNING id]
E   [parameters: (1, 1, 1, 1, 1, 'LT', '2026-03-08 19:43:46.135134')]
E   (Background on this error at: https://sqlalche.me/e/20/gkpj)
______________________ test_orchestrator_integration_flow ______________________
tests/integration/test_orchestrator_integration.py:79: in test_orchestrator_integration_flow
    result = await orchestrator._execute_single_play()
             ^^^^^^^^^^^^^^^^^^^^^^^^^^^^^^^^^^^^^^^^^
app/orchestrator/simulation_orchestrator.py:636: in _execute_single_play
    result = self.play_resolver.resolve_play(command)
             ^^^^^^^^^^^^^^^^^^^^^^^^^^^^^^^^^^^^^^^^
app/orchestrator/play_resolver.py:127: in resolve_play
    result = self._resolve_run_play(command)
             ^^^^^^^^^^^^^^^^^^^^^^^^^^^^^^^
app/orchestrator/play_resolver.py:1212: in _resolve_run_play
    rb_physics = self._create_rb_physics(rb)
                 ^^^^^^^^^^^^^^^^^^^^^^^^^^^
app/orchestrator/play_resolver.py:333: in _create_rb_physics
    weight=float(getattr(rb, "weight", 210)),
           ^^^^^^^^^^^^^^^^^^^^^^^^^^^^^^^^^
E   TypeError: float() argument must be a string or a real number, not 'NoneType'
----------------------------- Captured stdout call -----------------------------
AttributeInteractionEngine initialized with 13 interactions
Hydrating match context
[2m2026-03-08T19:43:48.283598Z[0m [[32m[1minfo     [0m] [1mweather_modifiers_calculated  [0m [36menvironment[0m=[35mdevelopment[0m [36mmodifiers[0m=[35m{'passing': 0.0, 'rushing': 0.0, 'fumble': 0.0, 'fg_accuracy': 0.0}[0m [36mservice[0m=[35mnfl-sim-engine[0m [36mstadium_id[0m=[35m0[0m
[2m2026-03-08T19:43:48.283959Z[0m [[32m[1minfo     [0m] [1mmatch_context_initialized     [0m [36maway[0m=[35m2[0m [36menvironment[0m=[35mdevelopment[0m [36mhome[0m=[35m1[0m [36mservice[0m=[35mnfl-sim-engine[0m
Error executing pre-game services
Traceback (most recent call last):
  File "/app/backend/app/orchestrator/simulation_orchestrator.py", line 120, in start_new_game_session
    await pre_game_service.apply_trait_effects(self.match_context)
  File "/app/backend/app/services/pre_game_service.py", line 47, in apply_trait_effects
    await self._apply_team_traits(match_context.home_team_id, match_context.home_roster)
  File "/app/backend/app/services/pre_game_service.py", line 58, in _apply_team_traits
    trait_defs = await self.trait_service.get_player_traits(player_id)
                 ^^^^^^^^^^^^^^^^^^^^^^^^^^^^^^^^^^^^^^^^^^^^^^^^^^^^^
  File "/app/backend/app/services/trait_service.py", line 770, in get_player_traits
    ).all()
      ^^^
AttributeError: 'coroutine' object has no attribute 'all'
Match context hydrated
------------------------------ Captured log call -------------------------------
INFO     app.engine.attribute_interaction:attribute_interaction.py:113 AttributeInteractionEngine initialized with 13 interactions
INFO     app.orchestrator.simulation_orchestrator:simulation_orchestrator.py:102 Hydrating match context
ERROR    app.orchestrator.simulation_orchestrator:simulation_orchestrator.py:127 Error executing pre-game services
Traceback (most recent call last):
  File "/app/backend/app/orchestrator/simulation_orchestrator.py", line 120, in start_new_game_session
    await pre_game_service.apply_trait_effects(self.match_context)
  File "/app/backend/app/services/pre_game_service.py", line 47, in apply_trait_effects
    await self._apply_team_traits(match_context.home_team_id, match_context.home_roster)
  File "/app/backend/app/services/pre_game_service.py", line 58, in _apply_team_traits
    trait_defs = await self.trait_service.get_player_traits(player_id)
                 ^^^^^^^^^^^^^^^^^^^^^^^^^^^^^^^^^^^^^^^^^^^^^^^^^^^^^
  File "/app/backend/app/services/trait_service.py", line 770, in get_player_traits
    ).all()
      ^^^
AttributeError: 'coroutine' object has no attribute 'all'
INFO     app.orchestrator.simulation_orchestrator:simulation_orchestrator.py:135 Match context hydrated
________________ test_full_game_simulation_with_fatigue_mocked _________________
tests/integration/test_orchestrator_match_context.py:105: in test_full_game_simulation_with_fatigue_mocked
    await orchestrator._execute_single_play()
app/orchestrator/simulation_orchestrator.py:636: in _execute_single_play
    result = self.play_resolver.resolve_play(command)
             ^^^^^^^^^^^^^^^^^^^^^^^^^^^^^^^^^^^^^^^^
app/orchestrator/play_resolver.py:127: in resolve_play
    result = self._resolve_run_play(command)
             ^^^^^^^^^^^^^^^^^^^^^^^^^^^^^^^
app/orchestrator/play_resolver.py:1212: in _resolve_run_play
    rb_physics = self._create_rb_physics(rb)
                 ^^^^^^^^^^^^^^^^^^^^^^^^^^^
app/orchestrator/play_resolver.py:333: in _create_rb_physics
    weight=float(getattr(rb, "weight", 210)),
           ^^^^^^^^^^^^^^^^^^^^^^^^^^^^^^^^^
E   TypeError: float() argument must be a string or a real number, not 'NoneType'
----------------------------- Captured stdout call -----------------------------
AttributeInteractionEngine initialized with 13 interactions
Hydrating match context
[2m2026-03-08T19:43:48.622432Z[0m [[32m[1minfo     [0m] [1mweather_modifiers_calculated  [0m [36menvironment[0m=[35mdevelopment[0m [36mmodifiers[0m=[35m{'passing': 0.0, 'rushing': 0.0, 'fumble': 0.0, 'fg_accuracy': 0.0}[0m [36mservice[0m=[35mnfl-sim-engine[0m [36mstadium_id[0m=[35m0[0m
[2m2026-03-08T19:43:48.622676Z[0m [[32m[1minfo     [0m] [1mmatch_context_initialized     [0m [36maway[0m=[35m2[0m [36menvironment[0m=[35mdevelopment[0m [36mhome[0m=[35m1[0m [36mservice[0m=[35mnfl-sim-engine[0m
Error executing pre-game services
Traceback (most recent call last):
  File "/app/backend/app/orchestrator/simulation_orchestrator.py", line 120, in start_new_game_session
    await pre_game_service.apply_trait_effects(self.match_context)
  File "/app/backend/app/services/pre_game_service.py", line 47, in apply_trait_effects
    await self._apply_team_traits(match_context.home_team_id, match_context.home_roster)
  File "/app/backend/app/services/pre_game_service.py", line 58, in _apply_team_traits
    trait_defs = await self.trait_service.get_player_traits(player_id)
                 ^^^^^^^^^^^^^^^^^^^^^^^^^^^^^^^^^^^^^^^^^^^^^^^^^^^^^
  File "/app/backend/app/services/trait_service.py", line 770, in get_player_traits
    ).all()
      ^^^
AttributeError: 'coroutine' object has no attribute 'all'
Match context hydrated
------------------------------ Captured log call -------------------------------
INFO     app.engine.attribute_interaction:attribute_interaction.py:113 AttributeInteractionEngine initialized with 13 interactions
INFO     app.orchestrator.simulation_orchestrator:simulation_orchestrator.py:102 Hydrating match context
ERROR    app.orchestrator.simulation_orchestrator:simulation_orchestrator.py:127 Error executing pre-game services
Traceback (most recent call last):
  File "/app/backend/app/orchestrator/simulation_orchestrator.py", line 120, in start_new_game_session
    await pre_game_service.apply_trait_effects(self.match_context)
  File "/app/backend/app/services/pre_game_service.py", line 47, in apply_trait_effects
    await self._apply_team_traits(match_context.home_team_id, match_context.home_roster)
  File "/app/backend/app/services/pre_game_service.py", line 58, in _apply_team_traits
    trait_defs = await self.trait_service.get_player_traits(player_id)
                 ^^^^^^^^^^^^^^^^^^^^^^^^^^^^^^^^^^^^^^^^^^^^^^^^^^^^^
  File "/app/backend/app/services/trait_service.py", line 770, in get_player_traits
    ).all()
      ^^^
AttributeError: 'coroutine' object has no attribute 'all'
INFO     app.orchestrator.simulation_orchestrator:simulation_orchestrator.py:135 Match context hydrated
____________________ test_player_decomposition_integration _____________________
/home/jules/.pyenv/versions/3.12.12/lib/python3.12/site-packages/sqlalchemy/engine/base.py:1967: in _exec_single_context
    self.dialect.do_execute(
/home/jules/.pyenv/versions/3.12.12/lib/python3.12/site-packages/sqlalchemy/engine/default.py:952: in do_execute
    cursor.execute(statement, parameters)
E   sqlite3.IntegrityError: NOT NULL constraint failed: player_attributes.player_id

The above exception was the direct cause of the following exception:
tests/integration/test_player_decomposition.py:67: in test_player_decomposition_integration
    db.commit()
/home/jules/.pyenv/versions/3.12.12/lib/python3.12/site-packages/sqlalchemy/orm/session.py:2030: in commit
    trans.commit(_to_root=True)
<string>:2: in commit
    ???
/home/jules/.pyenv/versions/3.12.12/lib/python3.12/site-packages/sqlalchemy/orm/state_changes.py:137: in _go
    ret_value = fn(self, *arg, **kw)
                ^^^^^^^^^^^^^^^^^^^^
/home/jules/.pyenv/versions/3.12.12/lib/python3.12/site-packages/sqlalchemy/orm/session.py:1311: in commit
    self._prepare_impl()
<string>:2: in _prepare_impl
    ???
/home/jules/.pyenv/versions/3.12.12/lib/python3.12/site-packages/sqlalchemy/orm/state_changes.py:137: in _go
    ret_value = fn(self, *arg, **kw)
                ^^^^^^^^^^^^^^^^^^^^
/home/jules/.pyenv/versions/3.12.12/lib/python3.12/site-packages/sqlalchemy/orm/session.py:1286: in _prepare_impl
    self.session.flush()
/home/jules/.pyenv/versions/3.12.12/lib/python3.12/site-packages/sqlalchemy/orm/session.py:4331: in flush
    self._flush(objects)
/home/jules/.pyenv/versions/3.12.12/lib/python3.12/site-packages/sqlalchemy/orm/session.py:4466: in _flush
    with util.safe_reraise():
         ^^^^^^^^^^^^^^^^^^^
/home/jules/.pyenv/versions/3.12.12/lib/python3.12/site-packages/sqlalchemy/util/langhelpers.py:121: in __exit__
    raise exc_value.with_traceback(exc_tb)
/home/jules/.pyenv/versions/3.12.12/lib/python3.12/site-packages/sqlalchemy/orm/session.py:4427: in _flush
    flush_context.execute()
/home/jules/.pyenv/versions/3.12.12/lib/python3.12/site-packages/sqlalchemy/orm/unitofwork.py:466: in execute
    rec.execute(self)
/home/jules/.pyenv/versions/3.12.12/lib/python3.12/site-packages/sqlalchemy/orm/unitofwork.py:642: in execute
    util.preloaded.orm_persistence.save_obj(
/home/jules/.pyenv/versions/3.12.12/lib/python3.12/site-packages/sqlalchemy/orm/persistence.py:85: in save_obj
    _emit_update_statements(
/home/jules/.pyenv/versions/3.12.12/lib/python3.12/site-packages/sqlalchemy/orm/persistence.py:912: in _emit_update_statements
    c = connection.execute(
/home/jules/.pyenv/versions/3.12.12/lib/python3.12/site-packages/sqlalchemy/engine/base.py:1419: in execute
    return meth(
/home/jules/.pyenv/versions/3.12.12/lib/python3.12/site-packages/sqlalchemy/sql/elements.py:527: in _execute_on_connection
    return connection._execute_clauseelement(
/home/jules/.pyenv/versions/3.12.12/lib/python3.12/site-packages/sqlalchemy/engine/base.py:1641: in _execute_clauseelement
    ret = self._execute_context(
/home/jules/.pyenv/versions/3.12.12/lib/python3.12/site-packages/sqlalchemy/engine/base.py:1846: in _execute_context
    return self._exec_single_context(
/home/jules/.pyenv/versions/3.12.12/lib/python3.12/site-packages/sqlalchemy/engine/base.py:1986: in _exec_single_context
    self._handle_dbapi_exception(
/home/jules/.pyenv/versions/3.12.12/lib/python3.12/site-packages/sqlalchemy/engine/base.py:2363: in _handle_dbapi_exception
    raise sqlalchemy_exception.with_traceback(exc_info[2]) from e
/home/jules/.pyenv/versions/3.12.12/lib/python3.12/site-packages/sqlalchemy/engine/base.py:1967: in _exec_single_context
    self.dialect.do_execute(
/home/jules/.pyenv/versions/3.12.12/lib/python3.12/site-packages/sqlalchemy/engine/default.py:952: in do_execute
    cursor.execute(statement, parameters)
E   sqlalchemy.exc.IntegrityError: (sqlite3.IntegrityError) NOT NULL constraint failed: player_attributes.player_id
E   [SQL: UPDATE player_attributes SET player_id=? WHERE player_attributes.id = ?]
E   [parameters: (None, 3028)]
E   (Background on this error at: https://sqlalche.me/e/20/gkpj)
____________________ test_qb_pocket_presence_reduces_sacks _____________________
tests/integration/test_qb_pocket_presence_integration.py:72: in test_qb_pocket_presence_reduces_sacks
    result = resolver._resolve_pass_play(command)
             ^^^^^^^^^^^^^^^^^^^^^^^^^^^^^^^^^^^^
app/orchestrator/play_resolver.py:720: in _resolve_pass_play
    interaction_results = self._apply_pass_play_interactions(qb, target, defender, command)
                          ^^^^^^^^^^^^^^^^^^^^^^^^^^^^^^^^^^^^^^^^^^^^^^^^^^^^^^^^^^^^^^^^^
app/orchestrator/play_resolver.py:489: in _apply_pass_play_interactions
    return apply_interaction_to_play(
app/engine/attribute_interaction.py:797: in apply_interaction_to_play
    results = engine.batch_calculate_interactions(key_matchups, play_context)
              ^^^^^^^^^^^^^^^^^^^^^^^^^^^^^^^^^^^^^^^^^^^^^^^^^^^^^^^^^^^^^^^
app/engine/attribute_interaction.py:766: in batch_calculate_interactions
    result = self.calculate_interaction(
app/engine/attribute_interaction.py:575: in calculate_interaction
    outcome = self._differential_to_outcome(raw_differential)
              ^^^^^^^^^^^^^^^^^^^^^^^^^^^^^^^^^^^^^^^^^^^^^^^
app/engine/attribute_interaction.py:604: in _differential_to_outcome
    if differential >= 15:
       ^^^^^^^^^^^^^^^^^^
E   TypeError: '>=' not supported between instances of 'MagicMock' and 'int'
----------------------------- Captured stdout call -----------------------------
AttributeInteractionEngine initialized with 13 interactions
[2m2026-03-08T19:43:50.740034Z[0m [[31m[1merror    [0m] [1mFailed to calculate sack probability[0m [36menvironment[0m=[35mdevelopment[0m [36merror_category[0m=[35mSACK_CALC_ERROR[0m [36mservice[0m=[35mnfl-sim-engine[0m
[31m╭─[0m[31m────────────────────[0m[31m [0m[1;31mTraceback [0m[1;2;31m(most recent call last)[0m[31m [0m[31m─────────────────────[0m[31m─╮[0m
[31m│[0m [2m/app/backend/app/engine/[0m[1msack_calculator.py[0m:74 in calculate_sack_probability  [31m│[0m
[31m│[0m                                                                              [31m│[0m
[31m│[0m   [2m 71 [0m[2m│   │   │   [0mfinal_prob = initial_prob * ([94m1[0m - presence_factor) * ([94m1[0m - c [31m│[0m
[31m│[0m       ([94m1[0m - escape_factor)                                                    [31m│[0m
[31m│[0m   [2m 72 [0m[2m│   │   │   [0m                                                           [31m│[0m
[31m│[0m   [2m 73 [0m[2m│   │   │   [0m[2m# Clamp to reasonable bounds[0m                               [31m│[0m
[31m│[0m [31m❱ [0m 74 [2m│   │   │   [0mfinal_prob = [96mmax[0m([94m0.02[0m, [96mmin[0m([94m0.25[0m, final_prob))              [31m│[0m
[31m│[0m   [2m 75 [0m[2m│   │   │   [0m                                                           [31m│[0m
[31m│[0m   [2m 76 [0m[2m│   │   │   [0mlogger.debug(                                              [31m│[0m
[31m│[0m   [2m 77 [0m[2m│   │   │   │   [0m[33m"[0m[33msack_calc[0m[33m"[0m,                                           [31m│[0m
[31m│[0m                                                                              [31m│[0m
[31m│[0m [34m╭─[0m[34m────────────────────────────────[0m[34m locals [0m[34m────────────────────────────────[0m[34m─╮[0m [31m│[0m
[31m│[0m [34m│[0m   [3;33mchemistry_factor[0m[31m =[0m [1;36m0.0[0m                                                 [34m│[0m [31m│[0m
[31m│[0m [34m│[0m                  [3;33me[0m[31m =[0m [1;35mTypeError[0m[1m([0m[32m"'<' not supported between instances of [0m  [34m│[0m [31m│[0m
[31m│[0m [34m│[0m                      [32m'MagicMock' and 'float'"[0m[1m)[0m                           [34m│[0m [31m│[0m
[31m│[0m [34m│[0m      [3;33mescape_factor[0m[31m =[0m [1m<[0m[1;95mMagicMock[0m[39m [0m                                         [34m│[0m [31m│[0m
[31m│[0m [34m│[0m                      [33mname[0m[39m=[0m[32m'mock.acceleration.__radd__[0m[32m([0m[32m)[0m[32m.__add__[0m[32m([0m[32m)[0m[32m.__tru…[0m [34m│[0m [31m│[0m
[31m│[0m [34m│[0m                      [33mid[0m[39m=[0m[32m'140098581515104'[0m[1m>[0m                               [34m│[0m [31m│[0m
[31m│[0m [34m│[0m         [3;33mfinal_prob[0m[31m =[0m [1m<[0m[1;95mMagicMock[0m[39m [0m                                         [34m│[0m [31m│[0m
[31m│[0m [34m│[0m                      [33mname[0m[39m=[0m[32m'mock.acceleration.__radd__[0m[32m([0m[32m)[0m[32m.__add__[0m[32m([0m[32m)[0m[32m.__tru…[0m [34m│[0m [31m│[0m
[31m│[0m [34m│[0m                      [33mid[0m[39m=[0m[32m'140098581449232'[0m[1m>[0m                               [34m│[0m [31m│[0m
[31m│[0m [34m│[0m       [3;33minitial_prob[0m[31m =[0m [1;36m0.0845[0m                                              [34m│[0m [31m│[0m
[31m│[0m [34m│[0m     [3;33mmobility_score[0m[31m =[0m [1m<[0m[1;95mMagicMock[0m[39m [0m                                         [34m│[0m [31m│[0m
[31m│[0m [34m│[0m                      [33mname[0m[39m=[0m[32m'mock.acceleration.__radd__[0m[32m([0m[32m)[0m[32m.__add__[0m[32m([0m[32m)[0m[32m.__tru…[0m [34m│[0m [31m│[0m
[31m│[0m [34m│[0m                      [33mid[0m[39m=[0m[32m'140098581552672'[0m[1m>[0m                               [34m│[0m [31m│[0m
[31m│[0m [34m│[0m [3;33mol_chemistry_bonus[0m[31m =[0m [1;36m0[0m                                                   [34m│[0m [31m│[0m
[31m│[0m [34m│[0m    [3;33mpocket_presence[0m[31m =[0m [1;36m10[0m                                                  [34m│[0m [31m│[0m
[31m│[0m [34m│[0m    [3;33mpresence_factor[0m[31m =[0m [1;36m0.05[0m                                                [34m│[0m [31m│[0m
[31m│[0m [34m│[0m     [3;33mpressure_level[0m[31m =[0m [1;36m0.3[0m                                                 [34m│[0m [31m│[0m
[31m│[0m [34m│[0m                 [3;33mqb[0m[31m =[0m [1m<[0m[1;95mMagicMock[0m[39m [0m[33mspec[0m[39m=[0m[32m'Player'[0m[39m [0m[33mid[0m[39m=[0m[32m'140098586014592'[0m[1m>[0m      [34m│[0m [31m│[0m
[31m│[0m [34m│[0m           [3;33mqb_accel[0m[31m =[0m [1m<[0m[1;95mMagicMock[0m[39m [0m[33mname[0m[39m=[0m[32m'mock.acceleration'[0m[39m [0m                [34m│[0m [31m│[0m
[31m│[0m [34m│[0m                      [33mid[0m[39m=[0m[32m'140098586739776'[0m[1m>[0m                               [34m│[0m [31m│[0m
[31m│[0m [34m│[0m         [3;33mqb_agility[0m[31m =[0m [1m<[0m[1;95mMagicMock[0m[39m [0m[33mname[0m[39m=[0m[32m'mock.agility'[0m[39m [0m                     [34m│[0m [31m│[0m
[31m│[0m [34m│[0m                      [33mid[0m[39m=[0m[32m'140098586753504'[0m[1m>[0m                               [34m│[0m [31m│[0m
[31m│[0m [34m│[0m           [3;33mqb_speed[0m[31m =[0m [1;36m60[0m                                                  [34m│[0m [31m│[0m
[31m│[0m [34m╰──────────────────────────────────────────────────────────────────────────╯[0m [31m│[0m
[31m╰──────────────────────────────────────────────────────────────────────────────╯[0m
[1;91mTypeError: [0m[32m'<'[0m not supported between instances of [32m'MagicMock'[0m and [32m'float'[0m

------------------------------ Captured log call -------------------------------
INFO     app.engine.attribute_interaction:attribute_interaction.py:113 AttributeInteractionEngine initialized with 13 interactions
_________________________ test_evaluate_trade_endpoint _________________________
tests/integration/test_trade_evaluation.py:74: in test_evaluate_trade_endpoint
    assert data["decision"] == "ACCEPT"
E   AssertionError: assert 'REJECT' == 'ACCEPT'
E
E     - ACCEPT
E     + REJECT
----------------------------- Captured stdout call -----------------------------
Request started
Request completed
------------------------------ Captured log call -------------------------------
INFO     api.access:logging_middleware.py:18 Request started
INFO     api.access:logging_middleware.py:33 Request completed
_____________________ test_evaluate_trade_mcp_integration ______________________
tests/integration/test_trade_evaluation.py:116: in test_evaluate_trade_mcp_integration
    assert data["decision"] == "ACCEPT"
E   AssertionError: assert 'REJECT' == 'ACCEPT'
E
E     - ACCEPT
E     + REJECT
----------------------------- Captured stdout call -----------------------------
Request started
Request completed
------------------------------ Captured log call -------------------------------
INFO     api.access:logging_middleware.py:18 Request started
INFO     api.access:logging_middleware.py:33 Request completed
________________________ test_possession_receiver_bonus ________________________
tests/integration/test_trait_gameplay.py:109: in test_possession_receiver_bonus
    result = resolver._resolve_pass_play(command)
             ^^^^^^^^^^^^^^^^^^^^^^^^^^^^^^^^^^^^
app/orchestrator/play_resolver.py:720: in _resolve_pass_play
    interaction_results = self._apply_pass_play_interactions(qb, target, defender, command)
                          ^^^^^^^^^^^^^^^^^^^^^^^^^^^^^^^^^^^^^^^^^^^^^^^^^^^^^^^^^^^^^^^^^
app/orchestrator/play_resolver.py:489: in _apply_pass_play_interactions
    return apply_interaction_to_play(
app/engine/attribute_interaction.py:797: in apply_interaction_to_play
    results = engine.batch_calculate_interactions(key_matchups, play_context)
              ^^^^^^^^^^^^^^^^^^^^^^^^^^^^^^^^^^^^^^^^^^^^^^^^^^^^^^^^^^^^^^^
app/engine/attribute_interaction.py:766: in batch_calculate_interactions
    result = self.calculate_interaction(
app/engine/attribute_interaction.py:575: in calculate_interaction
    outcome = self._differential_to_outcome(raw_differential)
              ^^^^^^^^^^^^^^^^^^^^^^^^^^^^^^^^^^^^^^^^^^^^^^^
app/engine/attribute_interaction.py:604: in _differential_to_outcome
    if differential >= 15:
       ^^^^^^^^^^^^^^^^^^
E   TypeError: '>=' not supported between instances of 'MagicMock' and 'int'
----------------------------- Captured stdout call -----------------------------
AttributeInteractionEngine initialized with 13 interactions
------------------------------ Captured log call -------------------------------
INFO     app.engine.attribute_interaction:attribute_interaction.py:113 AttributeInteractionEngine initialized with 13 interactions
________________________ test_multiple_traits_on_player ________________________
tests/integration/test_trait_gameplay.py:191: in test_multiple_traits_on_player
    assert "contested_catch_bonus" in wr.trait_effects
E   AssertionError: assert 'contested_catch_bonus' in {}
E    +  where {} = <MagicMock spec='Player' id='140098580987152'>.trait_effects
_ TestTraitGameplayIntegration.test_possession_receiver_contested_catch_bonus __
tests/integration/test_trait_gameplay_integration.py:189: in test_possession_receiver_contested_catch_bonus
    result = resolver._resolve_pass_play(command)
             ^^^^^^^^^^^^^^^^^^^^^^^^^^^^^^^^^^^^
app/orchestrator/play_resolver.py:720: in _resolve_pass_play
    interaction_results = self._apply_pass_play_interactions(qb, target, defender, command)
                          ^^^^^^^^^^^^^^^^^^^^^^^^^^^^^^^^^^^^^^^^^^^^^^^^^^^^^^^^^^^^^^^^^
app/orchestrator/play_resolver.py:489: in _apply_pass_play_interactions
    return apply_interaction_to_play(
app/engine/attribute_interaction.py:797: in apply_interaction_to_play
    results = engine.batch_calculate_interactions(key_matchups, play_context)
              ^^^^^^^^^^^^^^^^^^^^^^^^^^^^^^^^^^^^^^^^^^^^^^^^^^^^^^^^^^^^^^^
app/engine/attribute_interaction.py:766: in batch_calculate_interactions
    result = self.calculate_interaction(
app/engine/attribute_interaction.py:575: in calculate_interaction
    outcome = self._differential_to_outcome(raw_differential)
              ^^^^^^^^^^^^^^^^^^^^^^^^^^^^^^^^^^^^^^^^^^^^^^^
app/engine/attribute_interaction.py:604: in _differential_to_outcome
    if differential >= 15:
       ^^^^^^^^^^^^^^^^^^
E   TypeError: '>=' not supported between instances of 'MagicMock' and 'int'
----------------------------- Captured stdout call -----------------------------
AttributeInteractionEngine initialized with 13 interactions
------------------------------ Captured log call -------------------------------
INFO     app.engine.attribute_interaction:attribute_interaction.py:113 AttributeInteractionEngine initialized with 13 interactions
_________ TestTraitGameplayIntegration.test_trait_catalog_completeness _________
tests/integration/test_trait_gameplay_integration.py:261: in test_trait_catalog_completeness
    assert has_key_effect, \
E   AssertionError: Possession Receiver missing key effects: ['contested_catch_bonus']
E   assert False
_________________________ test_create_and_assign_trait _________________________
tests/integration/test_traits.py:31: in test_create_and_assign_trait
    await db_session.commit()
E   TypeError: object NoneType can't be used in 'await' expression
____________________ test_advanced_coach_personality_system ____________________
tests/test_advanced_simulation_features.py:14: in test_advanced_coach_personality_system
    west_coast_caller = PlayCaller(aggression=0.6, run_pass_ratio=0.3)  # Pass-heavy
                        ^^^^^^^^^^^^^^^^^^^^^^^^^^^^^^^^^^^^^^^^^^^^^^
E   TypeError: PlayCaller.__init__() missing 1 required positional argument: 'rng'
____________ test_situational_awareness_with_environmental_factors _____________
tests/test_advanced_simulation_features.py:84: in test_situational_awareness_with_environmental_factors
    assert result.weather_impact > 0
           ^^^^^^^^^^^^^^^^^^^^^
E   AttributeError: 'RunPlayCommand' object has no attribute 'weather_impact'
----------------------------- Captured stdout call -----------------------------
AttributeInteractionEngine initialized with 13 interactions
------------------------------ Captured log call -------------------------------
INFO     app.engine.attribute_interaction:attribute_interaction.py:113 AttributeInteractionEngine initialized with 13 interactions
____________ test_advanced_play_resolution_with_statistical_realism ____________
tests/test_advanced_simulation_features.py:167: in test_advanced_play_resolution_with_statistical_realism
    assert hasattr(result, 'statistical_realism_score')
E   AssertionError: assert False
E    +  where False = hasattr(<app.orchestrator.play_commands.PassPlayCommand object at 0x7f6b3ec0acf0>, 'statistical_realism_score')
----------------------------- Captured stdout call -----------------------------
AttributeInteractionEngine initialized with 13 interactions
------------------------------ Captured log call -------------------------------
INFO     app.engine.attribute_interaction:attribute_interaction.py:113 AttributeInteractionEngine initialized with 13 interactions
_____________________ test_multi_season_progression_system _____________________
tests/test_advanced_simulation_features.py:193: in test_multi_season_progression_system
    assert 'new_phase' in progression_result
E   AssertionError: assert 'new_phase' in <MagicMock name='mock.progress_franchise()' id='140098572420256'>
----------------------------- Captured stdout call -----------------------------
AttributeInteractionEngine initialized with 13 interactions
------------------------------ Captured log call -------------------------------
INFO     app.engine.attribute_interaction:attribute_interaction.py:113 AttributeInteractionEngine initialized with 13 interactions
_______________________ test_social_interaction_features _______________________
tests/test_advanced_simulation_features.py:222: in test_social_interaction_features
    assert 'main_narrative' in media_coverage
E   AssertionError: assert 'main_narrative' in <MagicMock name='mock.generate_media_coverage()' id='140098591249024'>
----------------------------- Captured stdout call -----------------------------
AttributeInteractionEngine initialized with 13 interactions
------------------------------ Captured log call -------------------------------
INFO     app.engine.attribute_interaction:attribute_interaction.py:113 AttributeInteractionEngine initialized with 13 interactions
_____________________ test_broadcast_quality_presentation ______________________
tests/test_advanced_simulation_features.py:255: in test_broadcast_quality_presentation
    assert 'camera_sequence' in broadcast_feed
E   AssertionError: assert 'camera_sequence' in <MagicMock name='mock.generate_broadcast_feed()' id='140098591041408'>
----------------------------- Captured stdout call -----------------------------
AttributeInteractionEngine initialized with 13 interactions
------------------------------ Captured log call -------------------------------
INFO     app.engine.attribute_interaction:attribute_interaction.py:113 AttributeInteractionEngine initialized with 13 interactions
________________________ test_adaptive_challenge_system ________________________
tests/test_advanced_simulation_features.py:280: in test_adaptive_challenge_system
    assert 'tiered_challenges' in challenge_sequence
E   AssertionError: assert 'tiered_challenges' in <MagicMock name='mock.generate_challenge_sequence()' id='140098572249056'>
----------------------------- Captured stdout call -----------------------------
AttributeInteractionEngine initialized with 13 interactions
------------------------------ Captured log call -------------------------------
INFO     app.engine.attribute_interaction:attribute_interaction.py:113 AttributeInteractionEngine initialized with 13 interactions
________________________ test_legacy_achievement_system ________________________
tests/test_advanced_simulation_features.py:307: in test_legacy_achievement_system
    assert 'achievement_progress' in legacy_progress
E   AssertionError: assert 'achievement_progress' in <MagicMock name='mock.track_legacy_progress()' id='140098572678064'>
----------------------------- Captured stdout call -----------------------------
AttributeInteractionEngine initialized with 13 interactions
------------------------------ Captured log call -------------------------------
INFO     app.engine.attribute_interaction:attribute_interaction.py:113 AttributeInteractionEngine initialized with 13 interactions
____________________________ test_initialize_season ____________________________
tests/test_api_endpoints.py:27: in test_initialize_season
    assert response.status_code == 200
E   assert 500 == 200
E    +  where 500 = <Response [500 Internal Server Error]>.status_code
----------------------------- Captured stdout call -----------------------------
Request started
Initializing season 2030
Initializing new season for year 2030
Unexpected error in initialize_season
Traceback (most recent call last):
  File "/app/backend/app/core/error_decorators.py", line 33, in wrapper
    return await func(*args, **kwargs)
           ^^^^^^^^^^^^^^^^^^^^^^^^^^^
  File "/app/backend/app/api/endpoints/season.py", line 392, in initialize_season
    start_date = (today + timedelta(days=days_until_sunday)).replace(hour=13, minute=0, second=0, microsecond=0)
                          ^^^^^^^^^
NameError: name 'timedelta' is not defined
Request completed
Response: {"detail":{"error":"Internal Server Error","message":"An unexpected error occurred","request_id":"unknown","timestamp":"2026-03-08T19:44:01.484138+00:00"}}
----------------------------- Captured stderr call -----------------------------
DEBUG EXCEPTION: NameError: name 'timedelta' is not defined
------------------------------ Captured log call -------------------------------
INFO     api.access:logging_middleware.py:18 Request started
INFO     app.api.endpoints.season:season.py:291 Initializing season 2030
INFO     app.api.endpoints.season:season.py:322 Initializing new season for year 2030
ERROR    app.core.error_decorators:error_decorators.py:130 Unexpected error in initialize_season
Traceback (most recent call last):
  File "/app/backend/app/core/error_decorators.py", line 33, in wrapper
    return await func(*args, **kwargs)
           ^^^^^^^^^^^^^^^^^^^^^^^^^^^
  File "/app/backend/app/api/endpoints/season.py", line 392, in initialize_season
    start_date = (today + timedelta(days=days_until_sunday)).replace(hour=13, minute=0, second=0, microsecond=0)
                          ^^^^^^^^^
NameError: name 'timedelta' is not defined
INFO     api.access:logging_middleware.py:33 Request completed
_________ TestAdvancedRosterManagement.test_player_development_system __________
tests/test_comprehensive_feature_expansion.py:43: in test_player_development_system
    assert offseason_result['xp_gain'] > in_season_result['xp_gain']
           ^^^^^^^^^^^^^^^^^^^^^^^^^^^^^^^^^^^^^^^^^^^^^^^^^^^^^^^^^
E   TypeError: '>' not supported between instances of 'MagicMock' and 'MagicMock'
----------------------------- Captured stdout call -----------------------------
AttributeInteractionEngine initialized with 13 interactions
------------------------------ Captured log call -------------------------------
INFO     app.engine.attribute_interaction:attribute_interaction.py:113 AttributeInteractionEngine initialized with 13 interactions
_________ TestAdvancedRosterManagement.test_scouting_and_draft_system __________
tests/test_comprehensive_feature_expansion.py:66: in test_scouting_and_draft_system
    assert elite_report['accuracy_score'] > rookie_report['accuracy_score']
           ^^^^^^^^^^^^^^^^^^^^^^^^^^^^^^^^^^^^^^^^^^^^^^^^^^^^^^^^^^^^^^^^
E   TypeError: '>' not supported between instances of 'MagicMock' and 'MagicMock'
----------------------------- Captured stdout call -----------------------------
AttributeInteractionEngine initialized with 13 interactions
------------------------------ Captured log call -------------------------------
INFO     app.engine.attribute_interaction:attribute_interaction.py:113 AttributeInteractionEngine initialized with 13 interactions
____________ TestRealisticPlayByPlay.test_advanced_play_calling_ai _____________
tests/test_comprehensive_feature_expansion.py:74: in test_advanced_play_calling_ai
    bill_belichick = PlayCaller(aggression=0.6, run_pass_ratio=0.5)
                     ^^^^^^^^^^^^^^^^^^^^^^^^^^^^^^^^^^^^^^^^^^^^^^
E   TypeError: PlayCaller.__init__() missing 1 required positional argument: 'rng'
______________ TestRealisticPlayByPlay.test_dynamic_game_planning ______________
tests/test_comprehensive_feature_expansion.py:112: in test_dynamic_game_planning
    assert 'scripted_plays' in game_plan
E   AssertionError: assert 'scripted_plays' in <MagicMock name='mock.generate_game_plan()' id='140098572723328'>
----------------------------- Captured stdout call -----------------------------
AttributeInteractionEngine initialized with 13 interactions
------------------------------ Captured log call -------------------------------
INFO     app.engine.attribute_interaction:attribute_interaction.py:113 AttributeInteractionEngine initialized with 13 interactions
__________ TestLiveEnvironmentalEffects.test_advanced_weather_system ___________
tests/test_comprehensive_feature_expansion.py:136: in test_advanced_weather_system
    assert snow_impact['wind_impact'] > heat_wave_impact['wind_impact']
           ^^^^^^^^^^^^^^^^^^^^^^^^^^^^^^^^^^^^^^^^^^^^^^^^^^^^^^^^^^^^
E   TypeError: '>' not supported between instances of 'MagicMock' and 'MagicMock'
----------------------------- Captured stdout call -----------------------------
AttributeInteractionEngine initialized with 13 interactions
------------------------------ Captured log call -------------------------------
INFO     app.engine.attribute_interaction:attribute_interaction.py:113 AttributeInteractionEngine initialized with 13 interactions
___________ TestLiveEnvironmentalEffects.test_crowd_momentum_system ____________
tests/test_comprehensive_feature_expansion.py:158: in test_crowd_momentum_system
    assert home_td_momentum['momentum_factor'] > 1.0
           ^^^^^^^^^^^^^^^^^^^^^^^^^^^^^^^^^^^^^^^^^
E   TypeError: '>' not supported between instances of 'MagicMock' and 'float'
----------------------------- Captured stdout call -----------------------------
AttributeInteractionEngine initialized with 13 interactions
------------------------------ Captured log call -------------------------------
INFO     app.engine.attribute_interaction:attribute_interaction.py:113 AttributeInteractionEngine initialized with 13 interactions
____________ TestStatisticalRealism.test_historical_context_engine _____________
tests/test_comprehensive_feature_expansion.py:181: in test_historical_context_engine
    assert 'win_probability' in context
E   AssertionError: assert 'win_probability' in <MagicMock name='mock.provide_historical_context()' id='140098572591392'>
----------------------------- Captured stdout call -----------------------------
AttributeInteractionEngine initialized with 13 interactions
------------------------------ Captured log call -------------------------------
INFO     app.engine.attribute_interaction:attribute_interaction.py:113 AttributeInteractionEngine initialized with 13 interactions
____________ TestStatisticalRealism.test_advanced_analytics_system _____________
tests/test_comprehensive_feature_expansion.py:201: in test_advanced_analytics_system
    assert 'QBR' in metrics
E   AssertionError: assert 'QBR' in <MagicMock name='mock.calculate_advanced_metrics()' id='140098591036224'>
----------------------------- Captured stdout call -----------------------------
AttributeInteractionEngine initialized with 13 interactions
------------------------------ Captured log call -------------------------------
INFO     app.engine.attribute_interaction:attribute_interaction.py:113 AttributeInteractionEngine initialized with 13 interactions
_____________ TestFranchiseLongevity.test_multi_season_progression _____________
tests/test_comprehensive_feature_expansion.py:236: in test_multi_season_progression
    assert rebuilding_result['new_phase'] != dynasty_result['new_phase']
E   AssertionError: assert <MagicMock name='mock.progress_franchise().__getitem__()' id='140098587514912'> != <MagicMock name='mock.progress_franchise().__getitem__()' id='140098587514912'>
----------------------------- Captured stdout call -----------------------------
AttributeInteractionEngine initialized with 13 interactions
------------------------------ Captured log call -------------------------------
INFO     app.engine.attribute_interaction:attribute_interaction.py:113 AttributeInteractionEngine initialized with 13 interactions
____________ TestFranchiseLongevity.test_contract_management_system ____________
tests/test_comprehensive_feature_expansion.py:260: in test_contract_management_system
    assert rookie_contract['years'] < veteran_contract['years']
           ^^^^^^^^^^^^^^^^^^^^^^^^^^^^^^^^^^^^^^^^^^^^^^^^^^^^
E   TypeError: '<' not supported between instances of 'MagicMock' and 'MagicMock'
----------------------------- Captured stdout call -----------------------------
AttributeInteractionEngine initialized with 13 interactions
------------------------------ Captured log call -------------------------------
INFO     app.engine.attribute_interaction:attribute_interaction.py:113 AttributeInteractionEngine initialized with 13 interactions
______________ TestSocialInteraction.test_media_narrative_system _______________
tests/test_comprehensive_feature_expansion.py:293: in test_media_narrative_system
    assert underdog_coverage['story_arc_progress']['type'] == 'Underdog'
E   AssertionError: assert <MagicMock name='mock.generate_media_coverage().__getitem__().__getitem__()' id='140098587396048'> == 'Underdog'
----------------------------- Captured stdout call -----------------------------
AttributeInteractionEngine initialized with 13 interactions
------------------------------ Captured log call -------------------------------
INFO     app.engine.attribute_interaction:attribute_interaction.py:113 AttributeInteractionEngine initialized with 13 interactions
_______________ TestSocialInteraction.test_fan_engagement_system _______________
tests/test_comprehensive_feature_expansion.py:321: in test_fan_engagement_system
    assert exciting_game_reaction['engagement_metrics']['attendance'] > blowout_reaction['engagement_metrics']['attendance']
           ^^^^^^^^^^^^^^^^^^^^^^^^^^^^^^^^^^^^^^^^^^^^^^^^^^^^^^^^^^^^^^^^^^^^^^^^^^^^^^^^^^^^^^^^^^^^^^^^^^^^^^^^^^^^^^^^^
E   TypeError: '>' not supported between instances of 'MagicMock' and 'MagicMock'
----------------------------- Captured stdout call -----------------------------
AttributeInteractionEngine initialized with 13 interactions
------------------------------ Captured log call -------------------------------
INFO     app.engine.attribute_interaction:attribute_interaction.py:113 AttributeInteractionEngine initialized with 13 interactions
________ TestImmersivePresentation.test_broadcast_visualization_system _________
tests/test_comprehensive_feature_expansion.py:355: in test_broadcast_visualization_system
    assert primetime_broadcast['graphics_package']['style'] == 'cinematic'
E   AssertionError: assert <MagicMock name='mock.generate_broadcast_feed().__getitem__().__getitem__()' id='140098591114640'> == 'cinematic'
----------------------------- Captured stdout call -----------------------------
AttributeInteractionEngine initialized with 13 interactions
------------------------------ Captured log call -------------------------------
INFO     app.engine.attribute_interaction:attribute_interaction.py:113 AttributeInteractionEngine initialized with 13 interactions
________ TestImmersivePresentation.test_interactive_storytelling_engine ________
tests/test_comprehensive_feature_expansion.py:385: in test_interactive_storytelling_engine
    assert narrative_storyteller['story_arc']['type'] == 'dramatic'
E   AssertionError: assert <MagicMock name='mock.generate_story_content().__getitem__().__getitem__()' id='140098587637040'> == 'dramatic'
----------------------------- Captured stdout call -----------------------------
AttributeInteractionEngine initialized with 13 interactions
------------------------------ Captured log call -------------------------------
INFO     app.engine.attribute_interaction:attribute_interaction.py:113 AttributeInteractionEngine initialized with 13 interactions
_________ TestCompleteSystemIntegration.test_full_feature_integration __________
tests/test_comprehensive_feature_expansion.py:447: in test_full_feature_integration
    assert orchestrator.match_context is not None
E   assert None is not None
E    +  where None = <app.orchestrator.simulation_orchestrator.SimulationOrchestrator object at 0x7f6b3dc94e30>.match_context
----------------------------- Captured stdout call -----------------------------
AttributeInteractionEngine initialized with 13 interactions
------------------------------ Captured log call -------------------------------
INFO     app.engine.attribute_interaction:attribute_interaction.py:113 AttributeInteractionEngine initialized with 13 interactions
____________________________ test_get_special_teams ____________________________
tests/test_depth_chart.py:102: in test_get_special_teams
    assert "KR" in starters
E   AssertionError: assert 'KR' in {'K': <Player(name='None None', position='K', id=1)>, 'P': <Player(name='None None', position='P', id=2)>}
_______________________ test_suggest_draft_pick_success ________________________
/home/jules/.pyenv/versions/3.12.12/lib/python3.12/site-packages/sqlalchemy/engine/base.py:2125: in _exec_insertmany_context
    dialect.do_execute(
/home/jules/.pyenv/versions/3.12.12/lib/python3.12/site-packages/sqlalchemy/engine/default.py:952: in do_execute
    cursor.execute(statement, parameters)
/home/jules/.pyenv/versions/3.12.12/lib/python3.12/site-packages/sqlalchemy/dialects/sqlite/aiosqlite.py:182: in execute
    self._adapt_connection._handle_exception(error)
/home/jules/.pyenv/versions/3.12.12/lib/python3.12/site-packages/sqlalchemy/dialects/sqlite/aiosqlite.py:342: in _handle_exception
    raise error
/home/jules/.pyenv/versions/3.12.12/lib/python3.12/site-packages/sqlalchemy/dialects/sqlite/aiosqlite.py:164: in execute
    self.await_(_cursor.execute(operation, parameters))
/home/jules/.pyenv/versions/3.12.12/lib/python3.12/site-packages/sqlalchemy/util/_concurrency_py3k.py:132: in await_only
    return current.parent.switch(awaitable)  # type: ignore[no-any-return,attr-defined] # noqa: E501
           ^^^^^^^^^^^^^^^^^^^^^^^^^^^^^^^^
/home/jules/.pyenv/versions/3.12.12/lib/python3.12/site-packages/sqlalchemy/util/_concurrency_py3k.py:196: in greenlet_spawn
    value = await result
            ^^^^^^^^^^^^
/home/jules/.pyenv/versions/3.12.12/lib/python3.12/site-packages/aiosqlite/cursor.py:40: in execute
    await self._execute(self._cursor.execute, sql, parameters)
/home/jules/.pyenv/versions/3.12.12/lib/python3.12/site-packages/aiosqlite/cursor.py:32: in _execute
    return await self._conn._execute(fn, *args, **kwargs)
           ^^^^^^^^^^^^^^^^^^^^^^^^^^^^^^^^^^^^^^^^^^^^^^
/home/jules/.pyenv/versions/3.12.12/lib/python3.12/site-packages/aiosqlite/core.py:160: in _execute
    return await future
           ^^^^^^^^^^^^
/home/jules/.pyenv/versions/3.12.12/lib/python3.12/site-packages/aiosqlite/core.py:63: in _connection_worker_thread
    result = function()
             ^^^^^^^^^^
E   sqlite3.IntegrityError: NOT NULL constraint failed: player.height

The above exception was the direct cause of the following exception:
tests/test_draft_api.py:30: in test_suggest_draft_pick_success
    await async_db_session.commit()
/home/jules/.pyenv/versions/3.12.12/lib/python3.12/site-packages/sqlalchemy/ext/asyncio/session.py:1000: in commit
    await greenlet_spawn(self.sync_session.commit)
/home/jules/.pyenv/versions/3.12.12/lib/python3.12/site-packages/sqlalchemy/util/_concurrency_py3k.py:203: in greenlet_spawn
    result = context.switch(value)
             ^^^^^^^^^^^^^^^^^^^^^
/home/jules/.pyenv/versions/3.12.12/lib/python3.12/site-packages/sqlalchemy/orm/session.py:2030: in commit
    trans.commit(_to_root=True)
<string>:2: in commit
    ???
/home/jules/.pyenv/versions/3.12.12/lib/python3.12/site-packages/sqlalchemy/orm/state_changes.py:137: in _go
    ret_value = fn(self, *arg, **kw)
                ^^^^^^^^^^^^^^^^^^^^
/home/jules/.pyenv/versions/3.12.12/lib/python3.12/site-packages/sqlalchemy/orm/session.py:1311: in commit
    self._prepare_impl()
<string>:2: in _prepare_impl
    ???
/home/jules/.pyenv/versions/3.12.12/lib/python3.12/site-packages/sqlalchemy/orm/state_changes.py:137: in _go
    ret_value = fn(self, *arg, **kw)
                ^^^^^^^^^^^^^^^^^^^^
/home/jules/.pyenv/versions/3.12.12/lib/python3.12/site-packages/sqlalchemy/orm/session.py:1286: in _prepare_impl
    self.session.flush()
/home/jules/.pyenv/versions/3.12.12/lib/python3.12/site-packages/sqlalchemy/orm/session.py:4331: in flush
    self._flush(objects)
/home/jules/.pyenv/versions/3.12.12/lib/python3.12/site-packages/sqlalchemy/orm/session.py:4466: in _flush
    with util.safe_reraise():
         ^^^^^^^^^^^^^^^^^^^
/home/jules/.pyenv/versions/3.12.12/lib/python3.12/site-packages/sqlalchemy/util/langhelpers.py:121: in __exit__
    raise exc_value.with_traceback(exc_tb)
/home/jules/.pyenv/versions/3.12.12/lib/python3.12/site-packages/sqlalchemy/orm/session.py:4427: in _flush
    flush_context.execute()
/home/jules/.pyenv/versions/3.12.12/lib/python3.12/site-packages/sqlalchemy/orm/unitofwork.py:466: in execute
    rec.execute(self)
/home/jules/.pyenv/versions/3.12.12/lib/python3.12/site-packages/sqlalchemy/orm/unitofwork.py:642: in execute
    util.preloaded.orm_persistence.save_obj(
/home/jules/.pyenv/versions/3.12.12/lib/python3.12/site-packages/sqlalchemy/orm/persistence.py:93: in save_obj
    _emit_insert_statements(
/home/jules/.pyenv/versions/3.12.12/lib/python3.12/site-packages/sqlalchemy/orm/persistence.py:1143: in _emit_insert_statements
    result = connection.execute(
/home/jules/.pyenv/versions/3.12.12/lib/python3.12/site-packages/sqlalchemy/engine/base.py:1419: in execute
    return meth(
/home/jules/.pyenv/versions/3.12.12/lib/python3.12/site-packages/sqlalchemy/sql/elements.py:527: in _execute_on_connection
    return connection._execute_clauseelement(
/home/jules/.pyenv/versions/3.12.12/lib/python3.12/site-packages/sqlalchemy/engine/base.py:1641: in _execute_clauseelement
    ret = self._execute_context(
/home/jules/.pyenv/versions/3.12.12/lib/python3.12/site-packages/sqlalchemy/engine/base.py:1844: in _execute_context
    return self._exec_insertmany_context(dialect, context)
           ^^^^^^^^^^^^^^^^^^^^^^^^^^^^^^^^^^^^^^^^^^^^^^^
/home/jules/.pyenv/versions/3.12.12/lib/python3.12/site-packages/sqlalchemy/engine/base.py:2133: in _exec_insertmany_context
    self._handle_dbapi_exception(
/home/jules/.pyenv/versions/3.12.12/lib/python3.12/site-packages/sqlalchemy/engine/base.py:2363: in _handle_dbapi_exception
    raise sqlalchemy_exception.with_traceback(exc_info[2]) from e
/home/jules/.pyenv/versions/3.12.12/lib/python3.12/site-packages/sqlalchemy/engine/base.py:2125: in _exec_insertmany_context
    dialect.do_execute(
/home/jules/.pyenv/versions/3.12.12/lib/python3.12/site-packages/sqlalchemy/engine/default.py:952: in do_execute
    cursor.execute(statement, parameters)
/home/jules/.pyenv/versions/3.12.12/lib/python3.12/site-packages/sqlalchemy/dialects/sqlite/aiosqlite.py:182: in execute
    self._adapt_connection._handle_exception(error)
/home/jules/.pyenv/versions/3.12.12/lib/python3.12/site-packages/sqlalchemy/dialects/sqlite/aiosqlite.py:342: in _handle_exception
    raise error
/home/jules/.pyenv/versions/3.12.12/lib/python3.12/site-packages/sqlalchemy/dialects/sqlite/aiosqlite.py:164: in execute
    self.await_(_cursor.execute(operation, parameters))
/home/jules/.pyenv/versions/3.12.12/lib/python3.12/site-packages/sqlalchemy/util/_concurrency_py3k.py:132: in await_only
    return current.parent.switch(awaitable)  # type: ignore[no-any-return,attr-defined] # noqa: E501
           ^^^^^^^^^^^^^^^^^^^^^^^^^^^^^^^^
/home/jules/.pyenv/versions/3.12.12/lib/python3.12/site-packages/sqlalchemy/util/_concurrency_py3k.py:196: in greenlet_spawn
    value = await result
            ^^^^^^^^^^^^
/home/jules/.pyenv/versions/3.12.12/lib/python3.12/site-packages/aiosqlite/cursor.py:40: in execute
    await self._execute(self._cursor.execute, sql, parameters)
/home/jules/.pyenv/versions/3.12.12/lib/python3.12/site-packages/aiosqlite/cursor.py:32: in _execute
    return await self._conn._execute(fn, *args, **kwargs)
           ^^^^^^^^^^^^^^^^^^^^^^^^^^^^^^^^^^^^^^^^^^^^^^
/home/jules/.pyenv/versions/3.12.12/lib/python3.12/site-packages/aiosqlite/core.py:160: in _execute
    return await future
           ^^^^^^^^^^^^
/home/jules/.pyenv/versions/3.12.12/lib/python3.12/site-packages/aiosqlite/core.py:63: in _connection_worker_thread
    result = function()
             ^^^^^^^^^^
E   sqlalchemy.exc.IntegrityError: (sqlite3.IntegrityError) NOT NULL constraint failed: player.height
E   [SQL: INSERT INTO player (first_name, last_name, position, college, height, weight, age, experience, jersey_number, overall_rating, depth_chart_rank, team_id, image_url, nano_id) VALUES (?, ?, ?, ?, ?, ?, ?, ?, ?, ?, ?, ?, ?, ?) RETURNING id]
E   [parameters: ('John', 'Doe', 'QB', None, None, None, None, 0, 1, 85, 999, None, None, None)]
E   (Background on this error at: https://sqlalche.me/e/20/gkpj)
______________________ test_suggest_draft_pick_no_players ______________________
tests/test_draft_api.py:94: in test_suggest_draft_pick_no_players
    assert response.status_code == 400
E   assert 500 == 400
E    +  where 500 = <Response [500 Internal Server Error]>.status_code
----------------------------- Captured stdout call -----------------------------
Request started
Draft suggestion error: Neither 'InstrumentedAttribute' object nor 'Comparator' object associated with Player.attributes has an attribute 'speed'
Traceback (most recent call last):
  File "/home/jules/.pyenv/versions/3.12.12/lib/python3.12/site-packages/sqlalchemy/orm/attributes.py", line 475, in __getattr__
    return getattr(self.comparator, key)
           ^^^^^^^^^^^^^^^^^^^^^^^^^^^^^
  File "/home/jules/.pyenv/versions/3.12.12/lib/python3.12/site-packages/sqlalchemy/util/langhelpers.py", line 1313, in __getattr__
    return self._fallback_getattr(key)
           ^^^^^^^^^^^^^^^^^^^^^^^^^^^
  File "/home/jules/.pyenv/versions/3.12.12/lib/python3.12/site-packages/sqlalchemy/util/langhelpers.py", line 1282, in _fallback_getattr
    raise AttributeError(key)
AttributeError: speed

The above exception was the direct cause of the following exception:

Traceback (most recent call last):
  File "/app/backend/app/api/endpoints/draft.py", line 65, in suggest_draft_pick
    suggestion = await assistant.suggest_pick(
                 ^^^^^^^^^^^^^^^^^^^^^^^^^^^^^
  File "/app/backend/app/services/draft_assistant.py", line 76, in suggest_pick
    Player.speed,
    ^^^^^^^^^^^^
  File "/home/jules/.pyenv/versions/3.12.12/lib/python3.12/site-packages/sqlalchemy/ext/hybrid.py", line 1139, in __get__
    return self._expr_comparator(owner)
           ^^^^^^^^^^^^^^^^^^^^^^^^^^^^
  File "/home/jules/.pyenv/versions/3.12.12/lib/python3.12/site-packages/sqlalchemy/ext/hybrid.py", line 1447, in expr_comparator
    comparator(owner),
    ^^^^^^^^^^^^^^^^^
  File "/home/jules/.pyenv/versions/3.12.12/lib/python3.12/site-packages/sqlalchemy/ext/hybrid.py", line 1416, in _expr
    return ExprComparator(cls, expr(cls), self)
                               ^^^^^^^^^
  File "/app/backend/app/models/player.py", line 78, in speed
    return self.attributes.speed if self.attributes else 50
           ^^^^^^^^^^^^^^^^^^^^^
  File "/home/jules/.pyenv/versions/3.12.12/lib/python3.12/site-packages/sqlalchemy/orm/attributes.py", line 477, in __getattr__
    raise AttributeError(
AttributeError: Neither 'InstrumentedAttribute' object nor 'Comparator' object associated with Player.attributes has an attribute 'speed'
Request completed
------------------------------ Captured log call -------------------------------
INFO     api.access:logging_middleware.py:18 Request started
ERROR    app.api.endpoints.draft:draft.py:83 Draft suggestion error: Neither 'InstrumentedAttribute' object nor 'Comparator' object associated with Player.attributes has an attribute 'speed'
Traceback (most recent call last):
  File "/home/jules/.pyenv/versions/3.12.12/lib/python3.12/site-packages/sqlalchemy/orm/attributes.py", line 475, in __getattr__
    return getattr(self.comparator, key)
           ^^^^^^^^^^^^^^^^^^^^^^^^^^^^^
  File "/home/jules/.pyenv/versions/3.12.12/lib/python3.12/site-packages/sqlalchemy/util/langhelpers.py", line 1313, in __getattr__
    return self._fallback_getattr(key)
           ^^^^^^^^^^^^^^^^^^^^^^^^^^^
  File "/home/jules/.pyenv/versions/3.12.12/lib/python3.12/site-packages/sqlalchemy/util/langhelpers.py", line 1282, in _fallback_getattr
    raise AttributeError(key)
AttributeError: speed

The above exception was the direct cause of the following exception:

Traceback (most recent call last):
  File "/app/backend/app/api/endpoints/draft.py", line 65, in suggest_draft_pick
    suggestion = await assistant.suggest_pick(
                 ^^^^^^^^^^^^^^^^^^^^^^^^^^^^^
  File "/app/backend/app/services/draft_assistant.py", line 76, in suggest_pick
    Player.speed,
    ^^^^^^^^^^^^
  File "/home/jules/.pyenv/versions/3.12.12/lib/python3.12/site-packages/sqlalchemy/ext/hybrid.py", line 1139, in __get__
    return self._expr_comparator(owner)
           ^^^^^^^^^^^^^^^^^^^^^^^^^^^^
  File "/home/jules/.pyenv/versions/3.12.12/lib/python3.12/site-packages/sqlalchemy/ext/hybrid.py", line 1447, in expr_comparator
    comparator(owner),
    ^^^^^^^^^^^^^^^^^
  File "/home/jules/.pyenv/versions/3.12.12/lib/python3.12/site-packages/sqlalchemy/ext/hybrid.py", line 1416, in _expr
    return ExprComparator(cls, expr(cls), self)
                               ^^^^^^^^^
  File "/app/backend/app/models/player.py", line 78, in speed
    return self.attributes.speed if self.attributes else 50
           ^^^^^^^^^^^^^^^^^^^^^
  File "/home/jules/.pyenv/versions/3.12.12/lib/python3.12/site-packages/sqlalchemy/orm/attributes.py", line 477, in __getattr__
    raise AttributeError(
AttributeError: Neither 'InstrumentedAttribute' object nor 'Comparator' object associated with Player.attributes has an attribute 'speed'
INFO     api.access:logging_middleware.py:33 Request completed
_________________________ test_suggest_pick_no_players _________________________
/home/jules/.pyenv/versions/3.12.12/lib/python3.12/site-packages/sqlalchemy/orm/attributes.py:475: in __getattr__
    return getattr(self.comparator, key)
           ^^^^^^^^^^^^^^^^^^^^^^^^^^^^^
/home/jules/.pyenv/versions/3.12.12/lib/python3.12/site-packages/sqlalchemy/util/langhelpers.py:1313: in __getattr__
    return self._fallback_getattr(key)
           ^^^^^^^^^^^^^^^^^^^^^^^^^^^
/home/jules/.pyenv/versions/3.12.12/lib/python3.12/site-packages/sqlalchemy/util/langhelpers.py:1282: in _fallback_getattr
    raise AttributeError(key)
E   AttributeError: speed

The above exception was the direct cause of the following exception:
tests/test_draft_assistant.py:48: in test_suggest_pick_no_players
    await draft_assistant.suggest_pick(
app/services/draft_assistant.py:76: in suggest_pick
    Player.speed,
    ^^^^^^^^^^^^
/home/jules/.pyenv/versions/3.12.12/lib/python3.12/site-packages/sqlalchemy/ext/hybrid.py:1139: in __get__
    return self._expr_comparator(owner)
           ^^^^^^^^^^^^^^^^^^^^^^^^^^^^
/home/jules/.pyenv/versions/3.12.12/lib/python3.12/site-packages/sqlalchemy/ext/hybrid.py:1447: in expr_comparator
    comparator(owner),
    ^^^^^^^^^^^^^^^^^
/home/jules/.pyenv/versions/3.12.12/lib/python3.12/site-packages/sqlalchemy/ext/hybrid.py:1416: in _expr
    return ExprComparator(cls, expr(cls), self)
                               ^^^^^^^^^
app/models/player.py:78: in speed
    return self.attributes.speed if self.attributes else 50
           ^^^^^^^^^^^^^^^^^^^^^
/home/jules/.pyenv/versions/3.12.12/lib/python3.12/site-packages/sqlalchemy/orm/attributes.py:477: in __getattr__
    raise AttributeError(
E   AttributeError: Neither 'InstrumentedAttribute' object nor 'Comparator' object associated with Player.attributes has an attribute 'speed'
__________________________ test_suggest_pick_success ___________________________
/home/jules/.pyenv/versions/3.12.12/lib/python3.12/site-packages/sqlalchemy/orm/attributes.py:475: in __getattr__
    return getattr(self.comparator, key)
           ^^^^^^^^^^^^^^^^^^^^^^^^^^^^^
/home/jules/.pyenv/versions/3.12.12/lib/python3.12/site-packages/sqlalchemy/util/langhelpers.py:1313: in __getattr__
    return self._fallback_getattr(key)
           ^^^^^^^^^^^^^^^^^^^^^^^^^^^
/home/jules/.pyenv/versions/3.12.12/lib/python3.12/site-packages/sqlalchemy/util/langhelpers.py:1282: in _fallback_getattr
    raise AttributeError(key)
E   AttributeError: speed

The above exception was the direct cause of the following exception:
tests/test_draft_assistant.py:91: in test_suggest_pick_success
    suggestion = await draft_assistant.suggest_pick(
app/services/draft_assistant.py:76: in suggest_pick
    Player.speed,
    ^^^^^^^^^^^^
/home/jules/.pyenv/versions/3.12.12/lib/python3.12/site-packages/sqlalchemy/ext/hybrid.py:1139: in __get__
    return self._expr_comparator(owner)
           ^^^^^^^^^^^^^^^^^^^^^^^^^^^^
/home/jules/.pyenv/versions/3.12.12/lib/python3.12/site-packages/sqlalchemy/ext/hybrid.py:1447: in expr_comparator
    comparator(owner),
    ^^^^^^^^^^^^^^^^^
/home/jules/.pyenv/versions/3.12.12/lib/python3.12/site-packages/sqlalchemy/ext/hybrid.py:1416: in _expr
    return ExprComparator(cls, expr(cls), self)
                               ^^^^^^^^^
app/models/player.py:78: in speed
    return self.attributes.speed if self.attributes else 50
           ^^^^^^^^^^^^^^^^^^^^^
/home/jules/.pyenv/versions/3.12.12/lib/python3.12/site-packages/sqlalchemy/orm/attributes.py:477: in __getattr__
    raise AttributeError(
E   AttributeError: Neither 'InstrumentedAttribute' object nor 'Comparator' object associated with Player.attributes has an attribute 'speed'
__________________________ test_suggest_pick_with_mcp __________________________
/home/jules/.pyenv/versions/3.12.12/lib/python3.12/site-packages/sqlalchemy/orm/attributes.py:475: in __getattr__
    return getattr(self.comparator, key)
           ^^^^^^^^^^^^^^^^^^^^^^^^^^^^^
/home/jules/.pyenv/versions/3.12.12/lib/python3.12/site-packages/sqlalchemy/util/langhelpers.py:1313: in __getattr__
    return self._fallback_getattr(key)
           ^^^^^^^^^^^^^^^^^^^^^^^^^^^
/home/jules/.pyenv/versions/3.12.12/lib/python3.12/site-packages/sqlalchemy/util/langhelpers.py:1282: in _fallback_getattr
    raise AttributeError(key)
E   AttributeError: speed

The above exception was the direct cause of the following exception:
tests/test_draft_assistant.py:135: in test_suggest_pick_with_mcp
    suggestion = await draft_assistant.suggest_pick(
app/services/draft_assistant.py:76: in suggest_pick
    Player.speed,
    ^^^^^^^^^^^^
/home/jules/.pyenv/versions/3.12.12/lib/python3.12/site-packages/sqlalchemy/ext/hybrid.py:1139: in __get__
    return self._expr_comparator(owner)
           ^^^^^^^^^^^^^^^^^^^^^^^^^^^^
/home/jules/.pyenv/versions/3.12.12/lib/python3.12/site-packages/sqlalchemy/ext/hybrid.py:1447: in expr_comparator
    comparator(owner),
    ^^^^^^^^^^^^^^^^^
/home/jules/.pyenv/versions/3.12.12/lib/python3.12/site-packages/sqlalchemy/ext/hybrid.py:1416: in _expr
    return ExprComparator(cls, expr(cls), self)
                               ^^^^^^^^^
app/models/player.py:78: in speed
    return self.attributes.speed if self.attributes else 50
           ^^^^^^^^^^^^^^^^^^^^^
/home/jules/.pyenv/versions/3.12.12/lib/python3.12/site-packages/sqlalchemy/orm/attributes.py:477: in __getattr__
    raise AttributeError(
E   AttributeError: Neither 'InstrumentedAttribute' object nor 'Comparator' object associated with Player.attributes has an attribute 'speed'
____________________________ test_draft_logic_needs ____________________________
/home/jules/.pyenv/versions/3.12.12/lib/python3.12/site-packages/sqlalchemy/orm/attributes.py:475: in __getattr__
    return getattr(self.comparator, key)
           ^^^^^^^^^^^^^^^^^^^^^^^^^^^^^
/home/jules/.pyenv/versions/3.12.12/lib/python3.12/site-packages/sqlalchemy/util/langhelpers.py:1313: in __getattr__
    return self._fallback_getattr(key)
           ^^^^^^^^^^^^^^^^^^^^^^^^^^^
/home/jules/.pyenv/versions/3.12.12/lib/python3.12/site-packages/sqlalchemy/util/langhelpers.py:1282: in _fallback_getattr
    raise AttributeError(key)
E   AttributeError: is_rookie

The above exception was the direct cause of the following exception:
tests/test_draft_logic.py:90: in test_draft_logic_needs
    service.simulate_draft(season_id=1)
app/services/offseason_service.py:400: in simulate_draft
    result = self.simulate_next_pick(season_id)
             ^^^^^^^^^^^^^^^^^^^^^^^^^^^^^^^^^^
app/services/offseason_service.py:341: in simulate_next_pick
    Player.is_rookie == True,
    ^^^^^^^^^^^^^^^^
/home/jules/.pyenv/versions/3.12.12/lib/python3.12/site-packages/sqlalchemy/ext/hybrid.py:1139: in __get__
    return self._expr_comparator(owner)
           ^^^^^^^^^^^^^^^^^^^^^^^^^^^^
/home/jules/.pyenv/versions/3.12.12/lib/python3.12/site-packages/sqlalchemy/ext/hybrid.py:1447: in expr_comparator
    comparator(owner),
    ^^^^^^^^^^^^^^^^^
/home/jules/.pyenv/versions/3.12.12/lib/python3.12/site-packages/sqlalchemy/ext/hybrid.py:1416: in _expr
    return ExprComparator(cls, expr(cls), self)
                               ^^^^^^^^^
app/models/player.py:635: in is_rookie
    return self.contract.is_rookie if self.contract else False
           ^^^^^^^^^^^^^^^^^^^^^^^
/home/jules/.pyenv/versions/3.12.12/lib/python3.12/site-packages/sqlalchemy/orm/attributes.py:477: in __getattr__
    raise AttributeError(
E   AttributeError: Neither 'InstrumentedAttribute' object nor 'Comparator' object associated with Player.contract has an attribute 'is_rookie'
_____________________________ test_draft_logic_bpa _____________________________
/home/jules/.pyenv/versions/3.12.12/lib/python3.12/site-packages/sqlalchemy/orm/attributes.py:475: in __getattr__
    return getattr(self.comparator, key)
           ^^^^^^^^^^^^^^^^^^^^^^^^^^^^^
/home/jules/.pyenv/versions/3.12.12/lib/python3.12/site-packages/sqlalchemy/util/langhelpers.py:1313: in __getattr__
    return self._fallback_getattr(key)
           ^^^^^^^^^^^^^^^^^^^^^^^^^^^
/home/jules/.pyenv/versions/3.12.12/lib/python3.12/site-packages/sqlalchemy/util/langhelpers.py:1282: in _fallback_getattr
    raise AttributeError(key)
E   AttributeError: is_rookie

The above exception was the direct cause of the following exception:
tests/test_draft_logic.py:140: in test_draft_logic_bpa
    service.simulate_draft(season_id=1)
app/services/offseason_service.py:400: in simulate_draft
    result = self.simulate_next_pick(season_id)
             ^^^^^^^^^^^^^^^^^^^^^^^^^^^^^^^^^^
app/services/offseason_service.py:341: in simulate_next_pick
    Player.is_rookie == True,
    ^^^^^^^^^^^^^^^^
/home/jules/.pyenv/versions/3.12.12/lib/python3.12/site-packages/sqlalchemy/ext/hybrid.py:1139: in __get__
    return self._expr_comparator(owner)
           ^^^^^^^^^^^^^^^^^^^^^^^^^^^^
/home/jules/.pyenv/versions/3.12.12/lib/python3.12/site-packages/sqlalchemy/ext/hybrid.py:1447: in expr_comparator
    comparator(owner),
    ^^^^^^^^^^^^^^^^^
/home/jules/.pyenv/versions/3.12.12/lib/python3.12/site-packages/sqlalchemy/ext/hybrid.py:1416: in _expr
    return ExprComparator(cls, expr(cls), self)
                               ^^^^^^^^^
app/models/player.py:635: in is_rookie
    return self.contract.is_rookie if self.contract else False
           ^^^^^^^^^^^^^^^^^^^^^^^
/home/jules/.pyenv/versions/3.12.12/lib/python3.12/site-packages/sqlalchemy/orm/attributes.py:477: in __getattr__
    raise AttributeError(
E   AttributeError: Neither 'InstrumentedAttribute' object nor 'Comparator' object associated with Player.contract has an attribute 'is_rookie'
________________________________ test_blocking _________________________________
tests/test_engines.py:21: in test_blocking
    res = BlockingEngine.resolve_pass_block(ol_rating=80, dl_rating=75, ol_technique="KickStep")
          ^^^^^^^^^^^^^^^^^^^^^^^^^^^^^^^^^^^^^^^^^^^^^^^^^^^^^^^^^^^^^^^^^^^^^^^^^^^^^^^^^^^^^^
E   TypeError: BlockingEngine.resolve_pass_block() missing 1 required positional argument: 'rng'
----------------------------- Captured stdout call -----------------------------

Testing Blocking Engine...
______________________________ test_special_teams ______________________________
tests/test_engines.py:35: in test_special_teams
    kick = SpecialTeamsEngine.calculate_kick(power=90, accuracy=95, kick_type="FieldGoal")
           ^^^^^^^^^^^^^^^^^^^^^^^^^^^^^^^^^^^^^^^^^^^^^^^^^^^^^^^^^^^^^^^^^^^^^^^^^^^^^^^
E   TypeError: SpecialTeamsEngine.calculate_kick() missing 1 required positional argument: 'rng'
----------------------------- Captured stdout call -----------------------------

Testing Special Teams...
_________________ TestQuarterbackStat.test_qb_stat_validation __________________
tests/test_expanded_stats.py:143: in test_qb_stat_validation
    with pytest.raises(ValidationError):
         ^^^^^^^^^^^^^^^^^^^^^^^^^^^^^^
E   Failed: DID NOT RAISE <class 'pydantic_core._pydantic_core.ValidationError'>
_________________ TestRunningBackStat.test_rb_stat_validation __________________
tests/test_expanded_stats.py:196: in test_rb_stat_validation
    with pytest.raises(ValidationError):
         ^^^^^^^^^^^^^^^^^^^^^^^^^^^^^^
E   Failed: DID NOT RAISE <class 'pydantic_core._pydantic_core.ValidationError'>
________________ TestLeagueLeaders.test_league_leaders_creation ________________
tests/test_expanded_stats.py:295: in test_league_leaders_creation
    leaders = LeagueLeaders(
E   pydantic_core._pydantic_core.ValidationError: 4 validation errors for LeagueLeaders
E   passer_rating
E     Field required [type=missing, input_value={'passing_yards': [Player...], 'fantasy_points': []}, input_type=dict]
E       For further information visit https://errors.pydantic.dev/2.12/v/missing
E   completion_percentage
E     Field required [type=missing, input_value={'passing_yards': [Player...], 'fantasy_points': []}, input_type=dict]
E       For further information visit https://errors.pydantic.dev/2.12/v/missing
E   adjusted_net_yards_per_attempt
E     Field required [type=missing, input_value={'passing_yards': [Player...], 'fantasy_points': []}, input_type=dict]
E       For further information visit https://errors.pydantic.dev/2.12/v/missing
E   yards_per_carry
E     Field required [type=missing, input_value={'passing_yards': [Player...], 'fantasy_points': []}, input_type=dict]
E       For further information visit https://errors.pydantic.dev/2.12/v/missing
________________________ test_match_context_integration ________________________
tests/test_match_context_integration.py:36: in test_match_context_integration
    ctx = MatchContext(home_team_id=1, away_team_id=2, session=mock_session, weather_config={"temperature": 20, "condition": "Snow"})
          ^^^^^^^^^^^^^^^^^^^^^^^^^^^^^^^^^^^^^^^^^^^^^^^^^^^^^^^^^^^^^^^^^^^^^^^^^^^^^^^^^^^^^^^^^^^^^^^^^^^^^^^^^^^^^^^^^^^^^^^^^^^
E   TypeError: MatchContext.__init__() got an unexpected keyword argument 'session'
______________________ test_match_context_initialization _______________________
tests/test_match_context_unit.py:28: in test_match_context_initialization
    ctx = MatchContext(home_team_id=101, away_team_id=102, session=mock_session)
          ^^^^^^^^^^^^^^^^^^^^^^^^^^^^^^^^^^^^^^^^^^^^^^^^^^^^^^^^^^^^^^^^^^^^^^
E   TypeError: MatchContext.__init__() got an unexpected keyword argument 'session'
___________________________ test_get_fielded_players ___________________________
tests/test_match_context_unit.py:57: in test_get_fielded_players
    ctx = MatchContext(home_team_id=101, away_team_id=102, session=mock_session)
          ^^^^^^^^^^^^^^^^^^^^^^^^^^^^^^^^^^^^^^^^^^^^^^^^^^^^^^^^^^^^^^^^^^^^^^
E   TypeError: MatchContext.__init__() got an unexpected keyword argument 'session'
____________________________ test_load_roster_error ____________________________
tests/test_match_context_unit.py:74: in test_load_roster_error
    MatchContext(home_team_id=101, away_team_id=102, session=mock_session)
E   TypeError: MatchContext.__init__() got an unexpected keyword argument 'session'
______________________________ test_create_player ______________________________
/home/jules/.pyenv/versions/3.12.12/lib/python3.12/site-packages/sqlalchemy/engine/base.py:1967: in _exec_single_context
    self.dialect.do_execute(
/home/jules/.pyenv/versions/3.12.12/lib/python3.12/site-packages/sqlalchemy/engine/default.py:952: in do_execute
    cursor.execute(statement, parameters)
E   sqlite3.IntegrityError: NOT NULL constraint failed: player.height

The above exception was the direct cause of the following exception:
tests/test_models.py:44: in test_create_player
    db_session.commit()
/home/jules/.pyenv/versions/3.12.12/lib/python3.12/site-packages/sqlalchemy/orm/session.py:2030: in commit
    trans.commit(_to_root=True)
<string>:2: in commit
    ???
/home/jules/.pyenv/versions/3.12.12/lib/python3.12/site-packages/sqlalchemy/orm/state_changes.py:137: in _go
    ret_value = fn(self, *arg, **kw)
                ^^^^^^^^^^^^^^^^^^^^
/home/jules/.pyenv/versions/3.12.12/lib/python3.12/site-packages/sqlalchemy/orm/session.py:1311: in commit
    self._prepare_impl()
<string>:2: in _prepare_impl
    ???
/home/jules/.pyenv/versions/3.12.12/lib/python3.12/site-packages/sqlalchemy/orm/state_changes.py:137: in _go
    ret_value = fn(self, *arg, **kw)
                ^^^^^^^^^^^^^^^^^^^^
/home/jules/.pyenv/versions/3.12.12/lib/python3.12/site-packages/sqlalchemy/orm/session.py:1286: in _prepare_impl
    self.session.flush()
/home/jules/.pyenv/versions/3.12.12/lib/python3.12/site-packages/sqlalchemy/orm/session.py:4331: in flush
    self._flush(objects)
/home/jules/.pyenv/versions/3.12.12/lib/python3.12/site-packages/sqlalchemy/orm/session.py:4466: in _flush
    with util.safe_reraise():
         ^^^^^^^^^^^^^^^^^^^
/home/jules/.pyenv/versions/3.12.12/lib/python3.12/site-packages/sqlalchemy/util/langhelpers.py:121: in __exit__
    raise exc_value.with_traceback(exc_tb)
/home/jules/.pyenv/versions/3.12.12/lib/python3.12/site-packages/sqlalchemy/orm/session.py:4427: in _flush
    flush_context.execute()
/home/jules/.pyenv/versions/3.12.12/lib/python3.12/site-packages/sqlalchemy/orm/unitofwork.py:466: in execute
    rec.execute(self)
/home/jules/.pyenv/versions/3.12.12/lib/python3.12/site-packages/sqlalchemy/orm/unitofwork.py:642: in execute
    util.preloaded.orm_persistence.save_obj(
/home/jules/.pyenv/versions/3.12.12/lib/python3.12/site-packages/sqlalchemy/orm/persistence.py:93: in save_obj
    _emit_insert_statements(
/home/jules/.pyenv/versions/3.12.12/lib/python3.12/site-packages/sqlalchemy/orm/persistence.py:1233: in _emit_insert_statements
    result = connection.execute(
/home/jules/.pyenv/versions/3.12.12/lib/python3.12/site-packages/sqlalchemy/engine/base.py:1419: in execute
    return meth(
/home/jules/.pyenv/versions/3.12.12/lib/python3.12/site-packages/sqlalchemy/sql/elements.py:527: in _execute_on_connection
    return connection._execute_clauseelement(
/home/jules/.pyenv/versions/3.12.12/lib/python3.12/site-packages/sqlalchemy/engine/base.py:1641: in _execute_clauseelement
    ret = self._execute_context(
/home/jules/.pyenv/versions/3.12.12/lib/python3.12/site-packages/sqlalchemy/engine/base.py:1846: in _execute_context
    return self._exec_single_context(
/home/jules/.pyenv/versions/3.12.12/lib/python3.12/site-packages/sqlalchemy/engine/base.py:1986: in _exec_single_context
    self._handle_dbapi_exception(
/home/jules/.pyenv/versions/3.12.12/lib/python3.12/site-packages/sqlalchemy/engine/base.py:2363: in _handle_dbapi_exception
    raise sqlalchemy_exception.with_traceback(exc_info[2]) from e
/home/jules/.pyenv/versions/3.12.12/lib/python3.12/site-packages/sqlalchemy/engine/base.py:1967: in _exec_single_context
    self.dialect.do_execute(
/home/jules/.pyenv/versions/3.12.12/lib/python3.12/site-packages/sqlalchemy/engine/default.py:952: in do_execute
    cursor.execute(statement, parameters)
E   sqlalchemy.exc.IntegrityError: (sqlite3.IntegrityError) NOT NULL constraint failed: player.height
E   [SQL: INSERT INTO player (first_name, last_name, position, college, height, weight, age, experience, jersey_number, overall_rating, depth_chart_rank, team_id, image_url, nano_id) VALUES (?, ?, ?, ?, ?, ?, ?, ?, ?, ?, ?, ?, ?, ?)]
E   [parameters: ('John', 'Doe', <Position.QB: 'QB'>, None, None, None, None, 0, 0, 85, 999, 1, None, None)]
E   (Background on this error at: https://sqlalche.me/e/20/gkpj)
_____________________ test_simulate_draft_fills_all_picks ______________________
/home/jules/.pyenv/versions/3.12.12/lib/python3.12/site-packages/sqlalchemy/orm/attributes.py:475: in __getattr__
    return getattr(self.comparator, key)
           ^^^^^^^^^^^^^^^^^^^^^^^^^^^^^
/home/jules/.pyenv/versions/3.12.12/lib/python3.12/site-packages/sqlalchemy/util/langhelpers.py:1313: in __getattr__
    return self._fallback_getattr(key)
           ^^^^^^^^^^^^^^^^^^^^^^^^^^^
/home/jules/.pyenv/versions/3.12.12/lib/python3.12/site-packages/sqlalchemy/util/langhelpers.py:1282: in _fallback_getattr
    raise AttributeError(key)
E   AttributeError: is_rookie

The above exception was the direct cause of the following exception:
tests/test_offseason_service.py:321: in test_simulate_draft_fills_all_picks
    service.simulate_draft(season_id)
app/services/offseason_service.py:400: in simulate_draft
    result = self.simulate_next_pick(season_id)
             ^^^^^^^^^^^^^^^^^^^^^^^^^^^^^^^^^^
app/services/offseason_service.py:341: in simulate_next_pick
    Player.is_rookie == True,
    ^^^^^^^^^^^^^^^^
/home/jules/.pyenv/versions/3.12.12/lib/python3.12/site-packages/sqlalchemy/ext/hybrid.py:1139: in __get__
    return self._expr_comparator(owner)
           ^^^^^^^^^^^^^^^^^^^^^^^^^^^^
/home/jules/.pyenv/versions/3.12.12/lib/python3.12/site-packages/sqlalchemy/ext/hybrid.py:1447: in expr_comparator
    comparator(owner),
    ^^^^^^^^^^^^^^^^^
/home/jules/.pyenv/versions/3.12.12/lib/python3.12/site-packages/sqlalchemy/ext/hybrid.py:1416: in _expr
    return ExprComparator(cls, expr(cls), self)
                               ^^^^^^^^^
app/models/player.py:635: in is_rookie
    return self.contract.is_rookie if self.contract else False
           ^^^^^^^^^^^^^^^^^^^^^^^
/home/jules/.pyenv/versions/3.12.12/lib/python3.12/site-packages/sqlalchemy/orm/attributes.py:477: in __getattr__
    raise AttributeError(
E   AttributeError: Neither 'InstrumentedAttribute' object nor 'Comparator' object associated with Player.contract has an attribute 'is_rookie'
___________________ test_simulate_draft_respects_team_needs ____________________
/home/jules/.pyenv/versions/3.12.12/lib/python3.12/site-packages/sqlalchemy/orm/attributes.py:475: in __getattr__
    return getattr(self.comparator, key)
           ^^^^^^^^^^^^^^^^^^^^^^^^^^^^^
/home/jules/.pyenv/versions/3.12.12/lib/python3.12/site-packages/sqlalchemy/util/langhelpers.py:1313: in __getattr__
    return self._fallback_getattr(key)
           ^^^^^^^^^^^^^^^^^^^^^^^^^^^
/home/jules/.pyenv/versions/3.12.12/lib/python3.12/site-packages/sqlalchemy/util/langhelpers.py:1282: in _fallback_getattr
    raise AttributeError(key)
E   AttributeError: is_rookie

The above exception was the direct cause of the following exception:
tests/test_offseason_service.py:369: in test_simulate_draft_respects_team_needs
    service.simulate_draft(season_id)
app/services/offseason_service.py:400: in simulate_draft
    result = self.simulate_next_pick(season_id)
             ^^^^^^^^^^^^^^^^^^^^^^^^^^^^^^^^^^
app/services/offseason_service.py:341: in simulate_next_pick
    Player.is_rookie == True,
    ^^^^^^^^^^^^^^^^
/home/jules/.pyenv/versions/3.12.12/lib/python3.12/site-packages/sqlalchemy/ext/hybrid.py:1139: in __get__
    return self._expr_comparator(owner)
           ^^^^^^^^^^^^^^^^^^^^^^^^^^^^
/home/jules/.pyenv/versions/3.12.12/lib/python3.12/site-packages/sqlalchemy/ext/hybrid.py:1447: in expr_comparator
    comparator(owner),
    ^^^^^^^^^^^^^^^^^
/home/jules/.pyenv/versions/3.12.12/lib/python3.12/site-packages/sqlalchemy/ext/hybrid.py:1416: in _expr
    return ExprComparator(cls, expr(cls), self)
                               ^^^^^^^^^
app/models/player.py:635: in is_rookie
    return self.contract.is_rookie if self.contract else False
           ^^^^^^^^^^^^^^^^^^^^^^^
/home/jules/.pyenv/versions/3.12.12/lib/python3.12/site-packages/sqlalchemy/orm/attributes.py:477: in __getattr__
    raise AttributeError(
E   AttributeError: Neither 'InstrumentedAttribute' object nor 'Comparator' object associated with Player.contract has an attribute 'is_rookie'
___________________ test_start_offseason_executes_all_steps ____________________
/home/jules/.pyenv/versions/3.12.12/lib/python3.12/site-packages/sqlalchemy/orm/attributes.py:475: in __getattr__
    return getattr(self.comparator, key)
           ^^^^^^^^^^^^^^^^^^^^^^^^^^^^^
/home/jules/.pyenv/versions/3.12.12/lib/python3.12/site-packages/sqlalchemy/util/langhelpers.py:1313: in __getattr__
    return self._fallback_getattr(key)
           ^^^^^^^^^^^^^^^^^^^^^^^^^^^
/home/jules/.pyenv/versions/3.12.12/lib/python3.12/site-packages/sqlalchemy/util/langhelpers.py:1282: in _fallback_getattr
    raise AttributeError(key)
E   AttributeError: is_retired

The above exception was the direct cause of the following exception:
tests/test_offseason_service.py:480: in test_start_offseason_executes_all_steps
    result = await service.start_offseason(season_id)
             ^^^^^^^^^^^^^^^^^^^^^^^^^^^^^^^^^^^^^^^^
app/services/offseason_service.py:56: in start_offseason
    raise e
app/services/offseason_service.py:37: in start_offseason
    self.process_retirements(season_id)
app/services/offseason_service.py:443: in process_retirements
    Player.is_retired == False,
    ^^^^^^^^^^^^^^^^^
/home/jules/.pyenv/versions/3.12.12/lib/python3.12/site-packages/sqlalchemy/ext/hybrid.py:1139: in __get__
    return self._expr_comparator(owner)
           ^^^^^^^^^^^^^^^^^^^^^^^^^^^^
/home/jules/.pyenv/versions/3.12.12/lib/python3.12/site-packages/sqlalchemy/ext/hybrid.py:1447: in expr_comparator
    comparator(owner),
    ^^^^^^^^^^^^^^^^^
/home/jules/.pyenv/versions/3.12.12/lib/python3.12/site-packages/sqlalchemy/ext/hybrid.py:1416: in _expr
    return ExprComparator(cls, expr(cls), self)
                               ^^^^^^^^^
app/models/player.py:642: in is_retired
    return self.contract.is_retired if self.contract else False
           ^^^^^^^^^^^^^^^^^^^^^^^^
/home/jules/.pyenv/versions/3.12.12/lib/python3.12/site-packages/sqlalchemy/orm/attributes.py:477: in __getattr__
    raise AttributeError(
E   AttributeError: Neither 'InstrumentedAttribute' object nor 'Comparator' object associated with Player.contract has an attribute 'is_retired'
----------------------------- Captured stdout call -----------------------------
Error starting offseason: Neither 'InstrumentedAttribute' object nor 'Comparator' object associated with Player.contract has an attribute 'is_retired'
_________________ TestProgressionEngine.test_apply_xp_level_up _________________
tests/test_phase7_training.py:125: in test_apply_xp_level_up
    assert levels == 1
E   assert 2 == 1
__________________ TestCombineSimulation.test_strength_bench ___________________
tests/test_phase8_scouting.py:114: in test_strength_bench
    assert res_strong.bench_reps > res_weak.bench_reps
           ^^^^^^^^^^^^^^^^^^^^^
E   AttributeError: 'CombineResults' object has no attribute 'bench_reps'
_______________________ test_player_development_service ________________________
/home/jules/.pyenv/versions/3.12.12/lib/python3.12/site-packages/sqlalchemy/engine/base.py:1967: in _exec_single_context
    self.dialect.do_execute(
/home/jules/.pyenv/versions/3.12.12/lib/python3.12/site-packages/sqlalchemy/engine/default.py:952: in do_execute
    cursor.execute(statement, parameters)
E   sqlite3.IntegrityError: NOT NULL constraint failed: player.height

The above exception was the direct cause of the following exception:
tests/test_player_development.py:40: in test_player_development_service
    db.commit()
/home/jules/.pyenv/versions/3.12.12/lib/python3.12/site-packages/sqlalchemy/orm/session.py:2030: in commit
    trans.commit(_to_root=True)
<string>:2: in commit
    ???
/home/jules/.pyenv/versions/3.12.12/lib/python3.12/site-packages/sqlalchemy/orm/state_changes.py:137: in _go
    ret_value = fn(self, *arg, **kw)
                ^^^^^^^^^^^^^^^^^^^^
/home/jules/.pyenv/versions/3.12.12/lib/python3.12/site-packages/sqlalchemy/orm/session.py:1311: in commit
    self._prepare_impl()
<string>:2: in _prepare_impl
    ???
/home/jules/.pyenv/versions/3.12.12/lib/python3.12/site-packages/sqlalchemy/orm/state_changes.py:137: in _go
    ret_value = fn(self, *arg, **kw)
                ^^^^^^^^^^^^^^^^^^^^
/home/jules/.pyenv/versions/3.12.12/lib/python3.12/site-packages/sqlalchemy/orm/session.py:1286: in _prepare_impl
    self.session.flush()
/home/jules/.pyenv/versions/3.12.12/lib/python3.12/site-packages/sqlalchemy/orm/session.py:4331: in flush
    self._flush(objects)
/home/jules/.pyenv/versions/3.12.12/lib/python3.12/site-packages/sqlalchemy/orm/session.py:4466: in _flush
    with util.safe_reraise():
         ^^^^^^^^^^^^^^^^^^^
/home/jules/.pyenv/versions/3.12.12/lib/python3.12/site-packages/sqlalchemy/util/langhelpers.py:121: in __exit__
    raise exc_value.with_traceback(exc_tb)
/home/jules/.pyenv/versions/3.12.12/lib/python3.12/site-packages/sqlalchemy/orm/session.py:4427: in _flush
    flush_context.execute()
/home/jules/.pyenv/versions/3.12.12/lib/python3.12/site-packages/sqlalchemy/orm/unitofwork.py:466: in execute
    rec.execute(self)
/home/jules/.pyenv/versions/3.12.12/lib/python3.12/site-packages/sqlalchemy/orm/unitofwork.py:642: in execute
    util.preloaded.orm_persistence.save_obj(
/home/jules/.pyenv/versions/3.12.12/lib/python3.12/site-packages/sqlalchemy/orm/persistence.py:93: in save_obj
    _emit_insert_statements(
/home/jules/.pyenv/versions/3.12.12/lib/python3.12/site-packages/sqlalchemy/orm/persistence.py:1233: in _emit_insert_statements
    result = connection.execute(
/home/jules/.pyenv/versions/3.12.12/lib/python3.12/site-packages/sqlalchemy/engine/base.py:1419: in execute
    return meth(
/home/jules/.pyenv/versions/3.12.12/lib/python3.12/site-packages/sqlalchemy/sql/elements.py:527: in _execute_on_connection
    return connection._execute_clauseelement(
/home/jules/.pyenv/versions/3.12.12/lib/python3.12/site-packages/sqlalchemy/engine/base.py:1641: in _execute_clauseelement
    ret = self._execute_context(
/home/jules/.pyenv/versions/3.12.12/lib/python3.12/site-packages/sqlalchemy/engine/base.py:1846: in _execute_context
    return self._exec_single_context(
/home/jules/.pyenv/versions/3.12.12/lib/python3.12/site-packages/sqlalchemy/engine/base.py:1986: in _exec_single_context
    self._handle_dbapi_exception(
/home/jules/.pyenv/versions/3.12.12/lib/python3.12/site-packages/sqlalchemy/engine/base.py:2363: in _handle_dbapi_exception
    raise sqlalchemy_exception.with_traceback(exc_info[2]) from e
/home/jules/.pyenv/versions/3.12.12/lib/python3.12/site-packages/sqlalchemy/engine/base.py:1967: in _exec_single_context
    self.dialect.do_execute(
/home/jules/.pyenv/versions/3.12.12/lib/python3.12/site-packages/sqlalchemy/engine/default.py:952: in do_execute
    cursor.execute(statement, parameters)
E   sqlalchemy.exc.IntegrityError: (sqlite3.IntegrityError) NOT NULL constraint failed: player.height
E   [SQL: INSERT INTO player (first_name, last_name, position, college, height, weight, age, experience, jersey_number, overall_rating, depth_chart_rank, team_id, image_url, nano_id) VALUES (?, ?, ?, ?, ?, ?, ?, ?, ?, ?, ?, ?, ?, ?)]
E   [parameters: ('Test', 'Player', 'QB', None, None, None, 22, 1, 0, 70, 999, 1, None, None)]
E   (Background on this error at: https://sqlalche.me/e/20/gkpj)
_____________________ test_process_retirements_old_player ______________________
/home/jules/.pyenv/versions/3.12.12/lib/python3.12/site-packages/sqlalchemy/orm/attributes.py:475: in __getattr__
    return getattr(self.comparator, key)
           ^^^^^^^^^^^^^^^^^^^^^^^^^^^^^
/home/jules/.pyenv/versions/3.12.12/lib/python3.12/site-packages/sqlalchemy/util/langhelpers.py:1313: in __getattr__
    return self._fallback_getattr(key)
           ^^^^^^^^^^^^^^^^^^^^^^^^^^^
/home/jules/.pyenv/versions/3.12.12/lib/python3.12/site-packages/sqlalchemy/util/langhelpers.py:1282: in _fallback_getattr
    raise AttributeError(key)
E   AttributeError: is_retired

The above exception was the direct cause of the following exception:
tests/test_retirement.py:45: in test_process_retirements_old_player
    service.process_retirements(1)
app/services/offseason_service.py:443: in process_retirements
    Player.is_retired == False,
    ^^^^^^^^^^^^^^^^^
/home/jules/.pyenv/versions/3.12.12/lib/python3.12/site-packages/sqlalchemy/ext/hybrid.py:1139: in __get__
    return self._expr_comparator(owner)
           ^^^^^^^^^^^^^^^^^^^^^^^^^^^^
/home/jules/.pyenv/versions/3.12.12/lib/python3.12/site-packages/sqlalchemy/ext/hybrid.py:1447: in expr_comparator
    comparator(owner),
    ^^^^^^^^^^^^^^^^^
/home/jules/.pyenv/versions/3.12.12/lib/python3.12/site-packages/sqlalchemy/ext/hybrid.py:1416: in _expr
    return ExprComparator(cls, expr(cls), self)
                               ^^^^^^^^^
app/models/player.py:642: in is_retired
    return self.contract.is_retired if self.contract else False
           ^^^^^^^^^^^^^^^^^^^^^^^^
/home/jules/.pyenv/versions/3.12.12/lib/python3.12/site-packages/sqlalchemy/orm/attributes.py:477: in __getattr__
    raise AttributeError(
E   AttributeError: Neither 'InstrumentedAttribute' object nor 'Comparator' object associated with Player.contract has an attribute 'is_retired'
____________________ test_process_retirements_young_player _____________________
/home/jules/.pyenv/versions/3.12.12/lib/python3.12/site-packages/sqlalchemy/orm/attributes.py:475: in __getattr__
    return getattr(self.comparator, key)
           ^^^^^^^^^^^^^^^^^^^^^^^^^^^^^
/home/jules/.pyenv/versions/3.12.12/lib/python3.12/site-packages/sqlalchemy/util/langhelpers.py:1313: in __getattr__
    return self._fallback_getattr(key)
           ^^^^^^^^^^^^^^^^^^^^^^^^^^^
/home/jules/.pyenv/versions/3.12.12/lib/python3.12/site-packages/sqlalchemy/util/langhelpers.py:1282: in _fallback_getattr
    raise AttributeError(key)
E   AttributeError: is_retired

The above exception was the direct cause of the following exception:
tests/test_retirement.py:62: in test_process_retirements_young_player
    service.process_retirements(1)
app/services/offseason_service.py:443: in process_retirements
    Player.is_retired == False,
    ^^^^^^^^^^^^^^^^^
/home/jules/.pyenv/versions/3.12.12/lib/python3.12/site-packages/sqlalchemy/ext/hybrid.py:1139: in __get__
    return self._expr_comparator(owner)
           ^^^^^^^^^^^^^^^^^^^^^^^^^^^^
/home/jules/.pyenv/versions/3.12.12/lib/python3.12/site-packages/sqlalchemy/ext/hybrid.py:1447: in expr_comparator
    comparator(owner),
    ^^^^^^^^^^^^^^^^^
/home/jules/.pyenv/versions/3.12.12/lib/python3.12/site-packages/sqlalchemy/ext/hybrid.py:1416: in _expr
    return ExprComparator(cls, expr(cls), self)
                               ^^^^^^^^^
app/models/player.py:642: in is_retired
    return self.contract.is_retired if self.contract else False
           ^^^^^^^^^^^^^^^^^^^^^^^^
/home/jules/.pyenv/versions/3.12.12/lib/python3.12/site-packages/sqlalchemy/orm/attributes.py:477: in __getattr__
    raise AttributeError(
E   AttributeError: Neither 'InstrumentedAttribute' object nor 'Comparator' object associated with Player.contract has an attribute 'is_retired'
_________________________ test_hall_of_fame_induction __________________________
/home/jules/.pyenv/versions/3.12.12/lib/python3.12/site-packages/sqlalchemy/orm/attributes.py:475: in __getattr__
    return getattr(self.comparator, key)
           ^^^^^^^^^^^^^^^^^^^^^^^^^^^^^
/home/jules/.pyenv/versions/3.12.12/lib/python3.12/site-packages/sqlalchemy/util/langhelpers.py:1313: in __getattr__
    return self._fallback_getattr(key)
           ^^^^^^^^^^^^^^^^^^^^^^^^^^^
/home/jules/.pyenv/versions/3.12.12/lib/python3.12/site-packages/sqlalchemy/util/langhelpers.py:1282: in _fallback_getattr
    raise AttributeError(key)
E   AttributeError: is_retired

The above exception was the direct cause of the following exception:
tests/test_retirement.py:85: in test_hall_of_fame_induction
    service.process_retirements(1)
app/services/offseason_service.py:443: in process_retirements
    Player.is_retired == False,
    ^^^^^^^^^^^^^^^^^
/home/jules/.pyenv/versions/3.12.12/lib/python3.12/site-packages/sqlalchemy/ext/hybrid.py:1139: in __get__
    return self._expr_comparator(owner)
           ^^^^^^^^^^^^^^^^^^^^^^^^^^^^
/home/jules/.pyenv/versions/3.12.12/lib/python3.12/site-packages/sqlalchemy/ext/hybrid.py:1447: in expr_comparator
    comparator(owner),
    ^^^^^^^^^^^^^^^^^
/home/jules/.pyenv/versions/3.12.12/lib/python3.12/site-packages/sqlalchemy/ext/hybrid.py:1416: in _expr
    return ExprComparator(cls, expr(cls), self)
                               ^^^^^^^^^
app/models/player.py:642: in is_retired
    return self.contract.is_retired if self.contract else False
           ^^^^^^^^^^^^^^^^^^^^^^^^
/home/jules/.pyenv/versions/3.12.12/lib/python3.12/site-packages/sqlalchemy/orm/attributes.py:477: in __getattr__
    raise AttributeError(
E   AttributeError: Neither 'InstrumentedAttribute' object nor 'Comparator' object associated with Player.contract has an attribute 'is_retired'
___________________ test_create_app_returns_fastapi_instance ___________________
tests/unit/test_app_factory.py:17: in test_create_app_returns_fastapi_instance
    assert app.title == "Stellar Sagan NFL Simulation Engine"
E   AssertionError: assert 'Stellar Saga...lation Engine' == 'Stellar Saga...lation Engine'
E
E     - Stellar Sagan NFL Simulation Engine
E     + Stellar Sagan - NFL Simulation Engine
E     ?               ++
----------------------------- Captured stdout call -----------------------------
Application initialized successfully
------------------------------ Captured log call -------------------------------
INFO     app.core.app_factory:app_factory.py:86 Application initialized successfully
____________________ TestGameStateManager.test_is_game_over ____________________
tests/unit/test_game_state_manager.py:192: in test_is_game_over
    assert state.is_game_over() is True
E   AssertionError: assert False is True
E    +  where False = is_game_over()
E    +    where is_game_over = GameStateManager(quarter=4, time_left='00:00', home_score=0, away_score=0, possession='home', down=1, distance=10, yard_line=25, home_timeouts=3, away_timeouts=3, last_clock_strategy='NORMAL', ot_possessions=0, first_possession_score_type=None).is_game_over
=============================== warnings summary ===============================
app/schemas/weather.py:4
  /app/backend/app/schemas/weather.py:4: PydanticDeprecatedSince20: Support for class-based `config` is deprecated, use ConfigDict instead. Deprecated in Pydantic V2.0 to be removed in V3.0. See Pydantic V2 Migration Guide at https://errors.pydantic.dev/2.12/migration/
    class GameWeatherSchema(BaseModel):

app/api/endpoints/settings.py:15
  /app/backend/app/api/endpoints/settings.py:15: PydanticDeprecatedSince20: Support for class-based `config` is deprecated, use ConfigDict instead. Deprecated in Pydantic V2.0 to be removed in V3.0. See Pydantic V2 Migration Guide at https://errors.pydantic.dev/2.12/migration/
    class SettingsResponse(BaseModel):

app/api/endpoints/news.py:355
  /app/backend/app/api/endpoints/news.py:355: PydanticDeprecatedSince20: Support for class-based `config` is deprecated, use ConfigDict instead. Deprecated in Pydantic V2.0 to be removed in V3.0. See Pydantic V2 Migration Guide at https://errors.pydantic.dev/2.12/migration/
    class LivingNewsItem(BaseModel):

app/api/endpoints/news.py:382
  /app/backend/app/api/endpoints/news.py:382: PydanticDeprecatedSince20: Support for class-based `config` is deprecated, use ConfigDict instead. Deprecated in Pydantic V2.0 to be removed in V3.0. See Pydantic V2 Migration Guide at https://errors.pydantic.dev/2.12/migration/
    class WeeklyRecapResponse(BaseModel):

app/api/endpoints/playbook.py:36
  /app/backend/app/api/endpoints/playbook.py:36: PydanticDeprecatedSince20: Support for class-based `config` is deprecated, use ConfigDict instead. Deprecated in Pydantic V2.0 to be removed in V3.0. See Pydantic V2 Migration Guide at https://errors.pydantic.dev/2.12/migration/
    class FamiliarityResponse(BaseModel):

app/services/training/drills.py:45
  /app/backend/app/services/training/drills.py:45: PydanticDeprecatedSince20: Support for class-based `config` is deprecated, use ConfigDict instead. Deprecated in Pydantic V2.0 to be removed in V3.0. See Pydantic V2 Migration Guide at https://errors.pydantic.dev/2.12/migration/
    class Drill(BaseModel):

app/services/training/coaching_philosophy.py:34
  /app/backend/app/services/training/coaching_philosophy.py:34: PydanticDeprecatedSince20: Support for class-based `config` is deprecated, use ConfigDict instead. Deprecated in Pydantic V2.0 to be removed in V3.0. See Pydantic V2 Migration Guide at https://errors.pydantic.dev/2.12/migration/
    class CoachingStyle(BaseModel):

tests/integration/test_ol_chemistry_integration.py::test_ol_chemistry_bonus_after_5_games
tests/integration/test_ol_chemistry_integration.py::test_chemistry_resets_when_lineup_changes
tests/integration/test_ol_chemistry_integration.py::test_no_chemistry_with_less_than_5_games
  /app/backend/tests/integration/test_ol_chemistry_integration.py:109: DeprecationWarning: datetime.datetime.utcnow() is deprecated and scheduled for removal in a future version. Use timezone-aware objects to represent datetimes in UTC: datetime.datetime.now(datetime.UTC).
    date=datetime.utcnow(),

tests/integration/test_ol_chemistry_integration.py: 15 warnings
tests/integration/test_queries.py: 1 warning
tests/test_models.py: 1 warning
tests/test_rpg_layers_integration.py: 51 warnings
tests/test_stats_service.py: 12 warnings
tests/test_trade_api.py: 2 warnings
tests/test_weekly_wrapup_integration.py: 16 warnings
  /home/jules/.pyenv/versions/3.12.12/lib/python3.12/site-packages/sqlalchemy/sql/schema.py:3624: DeprecationWarning: datetime.datetime.utcnow() is deprecated and scheduled for removal in a future version. Use timezone-aware objects to represent datetimes in UTC: datetime.datetime.now(datetime.UTC).
    return util.wrap_callable(lambda ctx: fn(), fn)  # type: ignore

tests/integration/test_orchestrator_integration.py::test_orchestrator_integration_flow
tests/integration/test_orchestrator_match_context.py::test_full_game_simulation_with_fatigue_mocked
  /app/backend/app/orchestrator/simulation_orchestrator.py:90: RuntimeWarning: coroutine 'AsyncMockMixin._execute_mock_call' was never awaited
    self.db_session.add(new_game)
  Enable tracemalloc to get traceback where the object was allocated.
  See https://docs.pytest.org/en/stable/how-to/capture-warnings.html#resource-warnings for more info.

tests/integration/test_orchestrator_integration.py::test_orchestrator_integration_flow
tests/integration/test_orchestrator_match_context.py::test_full_game_simulation_with_fatigue_mocked
  /home/jules/.pyenv/versions/3.12.12/lib/python3.12/site-packages/_pytest/stash.py:108: RuntimeWarning: coroutine 'AsyncMockMixin._execute_mock_call' was never awaited
    del self._storage[key]
  Enable tracemalloc to get traceback where the object was allocated.
  See https://docs.pytest.org/en/stable/how-to/capture-warnings.html#resource-warnings for more info.

tests/test_comprehensive_feature_expansion.py::TestCompleteSystemIntegration::test_full_feature_integration
  /app/backend/tests/test_comprehensive_feature_expansion.py:444: RuntimeWarning: coroutine 'SimulationOrchestrator.start_new_game_session' was never awaited
    orchestrator.start_new_game_session(home_team_id=1, away_team_id=2)
  Enable tracemalloc to get traceback where the object was allocated.
  See https://docs.pytest.org/en/stable/how-to/capture-warnings.html#resource-warnings for more info.

tests/test_models.py::test_create_player
  /app/backend/tests/conftest.py:160: SAWarning: transaction already deassociated from connection
    transaction.rollback()

tests/test_trade_api.py::TestTradeOfferEndpoint::test_submit_offer_success
  /app/backend/app/api/endpoints/trades.py:245: DeprecationWarning: datetime.datetime.utcnow() is deprecated and scheduled for removal in a future version. Use timezone-aware objects to represent datetimes in UTC: datetime.datetime.now(datetime.UTC).
    expires_at=datetime.utcnow() + timedelta(days=3)

-- Docs: https://docs.pytest.org/en/stable/how-to/capture-warnings.html
================================ tests coverage ================================
_______________ coverage: platform linux, python 3.12.12-final-0 _______________

Name                                               Stmts   Miss  Cover   Missing
--------------------------------------------------------------------------------
app/api/__init__.py                                    0      0   100%
app/api/combine.py                                    60     60     0%   12-208
app/api/deps.py                                        2      0   100%
app/api/endpoints/__init__.py                          0      0   100%
app/api/endpoints/abilities.py                       106     53    50%   87-89, 110-111, 117-138, 152-155, 174-249
app/api/endpoints/agent_tasks.py                      33      9    73%   52-72
app/api/endpoints/broadcast.py                        84     84     0%   1-207
app/api/endpoints/coaches.py                         100    100     0%   1-219
app/api/endpoints/data.py                             55     32    42%   20-39, 55-57, 82-92, 118-127
app/api/endpoints/draft.py                            29     11    62%   28-35, 72-84
app/api/endpoints/feedback.py                         73     51    30%   31-42, 52-68, 81-85, 101-150, 157-213
app/api/endpoints/gameplans.py                        28     10    64%   19, 29-37, 46-55
app/api/endpoints/genesis.py                          49     22    55%   34-50, 63-71, 92-105
app/api/endpoints/medical.py                         124     67    46%   23, 31-42, 65-71, 100-161, 187-194, 224-247
app/api/endpoints/news.py                            168     68    60%   61, 109, 136, 172-186, 210-227, 242-254, 269-281, 293-337, 432-442, 467-478, 499-504, 522-527, 540
app/api/endpoints/physics_api.py                     116     63    46%   92-144, 157, 180-252, 263-268, 273, 290, 307-335
app/api/endpoints/playbook.py                         84     38    55%   88-99, 124-146, 166-184, 205-227
app/api/endpoints/players.py                         136     47    65%   47-48, 65-78, 155-164, 169-252, 268-314
app/api/endpoints/scouts.py                           51     13    75%   68, 78-93, 107-119, 134-149
app/api/endpoints/season.py                          604    350    42%   127-157, 162, 174, 177-178, 206-208, 228-234, 239, 263-264, 295-426, 436-439, 449-452, 467-490, 506-527, 534-567, 594-623, 635-642, 652-692, 707-708, 715-722, 729-738, 765-766, 773-782, 789-796, 803-810, 817-826, 833-837, 844-848, 855-859, 870-874, 881-890, 897-913, 951-986, 1002-1072, 1105-1167, 1184-1195
app/api/endpoints/settings.py                         40     18    55%   25-32, 37-49
app/api/endpoints/simulation.py                       67     33    51%   34-36, 50-80, 92-98, 110, 127-128, 137-142
app/api/endpoints/system.py                           26     12    54%   17-18, 29-40
app/api/endpoints/teams.py                           131     58    56%   59-61, 69-70, 78-85, 102-123, 132-153, 169-178, 190-216
app/api/endpoints/trades.py                          173    129    25%   36-50, 55-58, 99-160, 175-182, 213-254, 278-292, 313-378, 394-432
app/api/endpoints/training.py                         46     17    63%   44-50, 55, 90-104, 113-119
app/api/endpoints/traits.py                           49     32    35%   22-27, 37-65, 76-88, 100-110
app/api/endpoints/websocket.py                        55     35    36%   19-21, 25-27, 36-46, 63-84, 89, 97, 105
app/api/news_router.py                                89     89     0%   10-245
app/api/training.py                                  125    125     0%   13-326
app/core/app_factory.py                               28      1    96%   30
app/core/config.py                                    32      2    94%   14, 18
app/core/database.py                                  54     13    76%   21, 50-52, 87-96
app/core/db_helpers.py                                43     31    28%   13-20, 27-35, 64-70, 83-91, 103-107, 120-124
app/core/error_decorators.py                          49     22    55%   21-23, 28, 39, 42-52, 63-74, 85-93, 123-138
app/core/error_handlers.py                            36     22    39%   16, 20-32, 40-52, 60-81, 89-110, 118-130
app/core/gameplay_constants.py                        47      0   100%
app/core/injury_config.py                             56      4    93%   199, 208, 216, 224
app/core/logging_config.py                           123     44    64%   114, 119, 124, 157-176, 261-262, 325-381, 430-436
app/core/mcp_cache.py                                 60     33    45%   8-9, 33, 43-64, 70-82, 87-90
app/core/mcp_client.py                                87     16    82%   78-81, 94, 102, 108, 125-128, 132-139
app/core/mcp_registry.py                              92     65    29%   29-31, 35-63, 67-87, 91-94, 98-107, 111-113, 120-127
app/core/nfl_reference_data.py                        40      0   100%
app/core/random_utils.py                              28      2    93%   66, 70
app/core/redis_cache.py                               71     48    32%   27-41, 51, 55-56, 74-87, 103-114, 125-151
app/core/setup.py                                     51      0   100%
app/core/trade_config.py                              25      2    92%   101, 110
app/data/__init__.py                                   5      0   100%
app/data/career_accomplishments.py                    15      0   100%
app/data/coaches.py                                   41      4    90%   357-359, 364
app/data/draft_value_chart.py                         49     35    29%   39-63, 71-82, 96-128, 133
app/data/facemasks.py                                 12      0   100%
app/data/free_agents_2025.py                          48     48     0%   24-370
app/data/helmets.py                                   13      0   100%
app/data/scouts.py                                    16     16     0%   9-167
app/data/special_jerseys.py                           14      1    93%   137
app/data/stadiums.py                                  13      0   100%
app/data/teams.py                                     15      0   100%
app/data/uniforms.py                                  18      0   100%
app/engine/__init__.py                                 6      0   100%
app/engine/ai.py                                      61     49    20%   10-24, 37-54, 66-97, 113-136
app/engine/archetype_effects.py                       69      6    91%   143-145, 205, 209-210
app/engine/attribute_interaction.py                  178      2    99%   656, 743
app/engine/blocking.py                                35     11    69%   33, 36-39, 46-55
app/engine/calendar.py                                43     21    51%   20-21, 24, 28-30, 33-34, 38-43, 47-54
app/engine/core/__init__.py                            4      0   100%
app/engine/core/deterministic_rng.py                 114     25    78%   34, 38, 50, 121, 124, 150-157, 162, 175-187, 191, 218, 234
app/engine/core/enhanced_event_bus.py                194     29    85%   89, 221-222, 236, 247-251, 260-261, 271, 278, 293, 298-301, 307, 321-322, 331-332, 338, 351-353, 359-361
app/engine/core/tick_engine.py                       112     13    88%   106, 122, 171, 175-176, 189, 206, 220, 223, 243-246
app/engine/defense.py                                 44     18    59%   29-41, 51-57, 65-71
app/engine/event_bus.py                               83      1    99%   106
app/engine/frame_physics.py                          282     20    93%   202, 328, 347, 354, 424, 428, 433-434, 450-460, 491, 560-561, 570-571
app/engine/genesis/__init__.py                         5      0   100%
app/engine/genesis/biometrics.py                      82      5    94%   93, 140-142, 326
app/engine/genesis/cognition.py                      139     18    87%   125, 137-139, 192, 196, 209-210, 279, 300, 305-306, 322, 332-335, 348
app/engine/genesis/fatigue.py                        135      4    97%   95, 249, 393, 397
app/engine/genesis/injury.py                         231     69    70%   219, 225, 263, 288, 293-300, 309-311, 315-317, 367, 369, 403-429, 440-482, 512, 525-530
app/engine/hive/__init__.py                            4      0   100%
app/engine/hive/equipment.py                         101     14    86%   147, 208-211, 234-239, 260-263, 269, 276-278, 282
app/engine/hive/turf_grid.py                         147     14    90%   97, 101, 125, 238, 240, 278, 308-312, 318, 339-340
app/engine/hive/weather.py                           130     25    81%   89-101, 149, 173, 181-184, 190, 205, 231, 258, 282, 288, 292, 298, 321
app/engine/offensive_line_ai.py                       26     12    54%   19-27, 34, 41-48
app/engine/physics.py                                 41      5    88%   70-77
app/engine/position_physics.py                       216    216     0%   15-628
app/engine/position_physics/__init__.py                8      0   100%
app/engine/position_physics/base.py                  103     19    82%   41, 51, 62-63, 74, 77, 80, 84, 110, 154, 173-181, 193-194, 235, 257
app/engine/position_physics/defensive_back.py         93     14    85%   164, 244-263, 267-270
app/engine/position_physics/offensive_line.py        103     10    90%   136, 146, 158, 205, 221, 260-267
app/engine/position_physics/pass_rush.py             120     23    81%   146, 166, 178, 213-215, 250-251, 259-263, 267, 303-312, 316-319
app/engine/position_physics/quarterback.py           143     24    83%   180, 182, 218-220, 240-242, 378-395, 399-402
app/engine/position_physics/running_back.py          140     10    93%   207, 250, 295, 350, 383-384, 429-432
app/engine/position_physics/wide_receiver.py         113     23    80%   182-185, 189-190, 217-219, 245-246, 264, 284-293, 297-300
app/engine/probability_engine.py                      76      7    91%   62, 189, 194-198
app/engine/rb_tribes.py                               47      0   100%
app/engine/sack_calculator.py                         33      0   100%
app/engine/special_teams.py                           14      9    36%   11-27
app/engine/trait_effects.py                           65      5    92%   17-40
app/engine/venue_effects.py                           35      1    97%   49
app/engine/weather_effects.py                         50      2    96%   71, 114
app/kernels/core/__init__.py                           2      0   100%
app/kernels/core/ai_kernel.py                         42      8    81%   23, 27, 30-34, 62
app/kernels/core/ecs_manager.py                       28      5    82%   13, 16, 34, 38-39
app/kernels/core/hybrid_resolver.py                   15      6    60%   7, 12, 16-17, 21-24
app/kernels/core/sim_engine.py                        24     10    58%   11-14, 17, 29-31, 36-38
app/kernels/cortex/__init__.py                         4      0   100%
app/kernels/cortex/behavior_tree.py                   32     15    53%   15-16, 19, 23, 26-30, 34, 37-41
app/kernels/cortex/coverage_net.py                    32     16    50%   36-43, 50-61
app/kernels/cortex/inference.py                       12      6    50%   5-10, 14-16, 22
app/kernels/cortex/strategy.py                        43      8    81%   41-42, 45-48, 58, 64
app/kernels/empire/__init__.py                         4      0   100%
app/kernels/empire/capologist.py                      41      7    83%   14, 38, 53-56, 65
app/kernels/empire/econ_dynamics.py                   13      2    85%   18-19
app/kernels/empire/goal_planner.py                    11      6    45%   8-13
app/kernels/empire/logistics.py                       23      5    78%   37-41
app/kernels/empire/owner_ai.py                        27      3    89%   31-33
app/kernels/empire/scout_intel.py                     18      4    78%   23-26
app/kernels/genesis/__init__.py                        3      0   100%
app/kernels/genesis/bio_metrics.py                    49      1    98%   79
app/kernels/genesis/equipment.py                      11      0   100%
app/kernels/genesis/neuro_cognition.py                27      3    89%   42-44
app/kernels/genesis/progression_bio.py                22      8    64%   25, 43-49
app/kernels/genesis/recruiting.py                     23      1    96%   19
app/kernels/genesis/trauma_center.py                  22      3    86%   34-36, 39
app/kernels/hive/__init__.py                           2      0   100%
app/kernels/hive/atmosphere.py                        31      8    74%   25, 30-33, 42, 49-51
app/kernels/hive/atmosphere_net.py                    29      7    76%   25-30, 38
app/kernels/hive/geo_physics.py                       18      1    94%   29
app/kernels/hive/turf_physics.py                      32      1    97%   54
app/kernels/hive/weather.py                           57     14    75%   26-29, 35-37, 59-61, 87, 96-98, 105, 108
app/kernels/rpg/progression.py                        25      4    84%   22, 25-26, 41
app/kernels/rpg/training.py                           70      6    91%   73-74, 98, 105, 138, 183
app/kernels/society/__init__.py                        2      0   100%
app/kernels/society/narrative.py                      61     24    61%   48-51, 55-56, 60-61, 65-81, 85-94, 113, 122
app/kernels/society/narrative_director.py             12      1    92%   20
app/kernels/society/social_graph.py                   35      1    97%   21
app/main.py                                            2      0   100%
app/middlewares/logging_middleware.py                 23      4    83%   45-55
app/models/__init__.py                                30      0   100%
app/models/base.py                                     8      0   100%
app/models/coach.py                                   31      0   100%
app/models/depth_chart.py                             11      0   100%
app/models/draft.py                                   17      0   100%
app/models/feedback.py                                11      0   100%
app/models/game.py                                    36      0   100%
app/models/gameplan.py                                23      0   100%
app/models/gm.py                                      33      0   100%
app/models/hall_of_fame.py                             9      0   100%
app/models/history.py                                 58      0   100%
app/models/medical.py                                 30      0   100%
app/models/news_item.py                               30      0   100%
app/models/player.py                                 559     33    94%   116, 280, 322, 329, 337, 344, 351, 358, 365, 372, 379, 393, 400, 407, 414, 421, 428, 435, 442, 449, 470, 477, 484, 491, 499, 506, 513, 520, 542, 568, 645, 652, 659
app/models/player_attributes.py                       67      0   100%
app/models/player_contract.py                         16      0   100%
app/models/player_game_start.py                       14     14     0%   4-26
app/models/player_game_starts.py                      17      0   100%
app/models/player_injury.py                           23      0   100%
app/models/player_physics.py                          14      0   100%
app/models/player_progression.py                      22      0   100%
app/models/playoff.py                                 32      0   100%
app/models/rpg_event.py                               18      0   100%
app/models/scout.py                                   44      0   100%
app/models/season.py                                  19      0   100%
app/models/settings.py                                 9      0   100%
app/models/stadium.py                                 18      0   100%
app/models/stats.py                                   54      0   100%
app/models/team.py                                    32      0   100%
app/models/trade_offer.py                             40      5    88%   75-76, 81-83
app/models/trait.py                                   40      0   100%
app/models/weather.py                                 37      0   100%
app/models/weekly_recap.py                            17      0   100%
app/orchestrator/__init__.py                           3      0   100%
app/orchestrator/game_repository.py                  107     34    68%   71-73, 95-96, 117-162, 198, 206, 222-225
app/orchestrator/game_state_manager.py               123     12    90%   57-58, 86, 93, 134, 147, 160-161, 185, 194-204
app/orchestrator/kernels/__init__.py                   6      0   100%
app/orchestrator/kernels/cortex_kernel.py             77     11    86%   98-100, 107, 111-113, 121, 123, 127, 137, 154
app/orchestrator/kernels/empire_kernel.py              9      4    56%   16-21
app/orchestrator/kernels/genesis_kernel.py            41      7    83%   26, 51-60, 68
app/orchestrator/kernels/hive_kernel.py               10      2    80%   15, 19
app/orchestrator/kernels/rpg_kernel.py                 9      3    67%   13-15
app/orchestrator/kernels/society_kernel.py             9      2    78%   14-15
app/orchestrator/kernels_interface.py                  9      0   100%
app/orchestrator/match_context.py                     77      9    88%   128-130, 136-142, 147
app/orchestrator/play_caller.py                      113     19    83%   74-77, 87, 127, 130, 134-137, 143, 203-213
app/orchestrator/play_commands.py                    108     21    81%   54, 62, 78, 83, 93, 96, 100-112, 125, 144, 162, 195, 212, 216-218, 234
app/orchestrator/play_resolver.py                    631    305    52%   83-84, 114, 125, 130-157, 162, 182-211, 224-232, 245, 263, 267, 286, 339-352, 366-379, 404, 413, 423-424, 465, 531-532, 534, 568, 580-581, 585, 602-603, 606-607, 612, 620-622, 656-659, 668-671, 686-688, 713-714, 724, 741-742, 762-1138, 1154, 1174, 1184, 1236-1238, 1255-1265, 1291, 1299-1306, 1311-1315, 1341-1346, 1362-1365, 1373, 1376, 1379-1397, 1409, 1411, 1414-1415, 1442, 1445, 1481-1490, 1509-1522
app/orchestrator/simulation_orchestrator.py          518    288    44%   123-125, 145-149, 156-176, 180-207, 211-274, 278-384, 391-427, 438-480, 501-502, 509-511, 539-546, 548-555, 588, 622, 640-641, 682, 718-719, 722, 738, 745, 774, 789-790, 814-900, 940-941, 945-970, 977, 979-980, 987-991, 995-1003, 1008, 1024, 1028
app/orchestrator/state_machine.py                     93     44    53%   89-92, 106-130, 134-135, 139-144, 148, 152-154, 158-160, 164-166, 174, 185-211
app/rpg/__init__.py                                    6      0   100%
app/rpg/abilities.py                                  40      7    82%   38, 166-169, 174, 195
app/rpg/coach.py                                       7      3    57%   25-28
app/rpg/gm.py                                          9      5    44%   18-24
app/rpg/injury_system.py                             260     54    79%   40-42, 100, 122, 129, 196-201, 215-249, 259-261, 274-290, 326, 461, 568, 620-621, 635-652
app/rpg/narrative.py                                  10      5    50%   31-37
app/rpg/player_archetypes.py                          84     84     0%   18-409
app/rpg/progression.py                                74      9    88%   119-120, 127-136
app/rpg/traits.py                                      9      3    67%   41, 49-54
app/schemas/__init__.py                                2      0   100%
app/schemas/coach.py                                  22     22     0%   1-26
app/schemas/draft.py                                  72      0   100%
app/schemas/errors.py                                 12      0   100%
app/schemas/expanded_stats.py                        240      0   100%
app/schemas/feedback.py                               53      0   100%
app/schemas/offseason.py                              43      0   100%
app/schemas/pagination.py                             16      2    88%   27-28
app/schemas/play.py                                   25      0   100%
app/schemas/player.py                                 63     63     0%   1-85
app/schemas/playoff.py                                27      0   100%
app/schemas/scouting.py                               42      0   100%
app/schemas/simulation.py                              6      0   100%
app/schemas/stadium.py                                19     19     0%   1-23
app/schemas/stats.py                                  17      0   100%
app/schemas/team.py                                   25      0   100%
app/schemas/trade.py                                  86      0   100%
app/schemas/trait.py                                  28      0   100%
app/schemas/weather.py                                11      0   100%
app/services/__init__.py                               7      0   100%
app/services/ability_service.py                       89     38    57%   46, 51, 67-80, 95, 123, 137, 141, 163-166, 181, 206-236
app/services/age_curves.py                            36     29    19%   39-58, 76-90, 98-109, 116-127
app/services/agent_generator.py                       56     30    46%   44, 48, 52-62, 66-126, 143-183
app/services/ai/__init__.py                            2      0   100%
app/services/ai/gemini_client.py                      83     44    47%   65-85, 90, 112-127, 153-177, 198-219
app/services/ai/scouting_ai.py                        96     18    81%   80-89, 117-118, 123, 168-186, 211-213, 222, 280-288
app/services/ai_research_service.py                   38     14    63%   133-150, 163-175
app/services/artifact_generator.py                    72     37    49%   57-92, 99-132, 145, 149, 161-175, 181-182
app/services/broadcasting_service.py                 109    109     0%   13-320
app/services/chemistry_service.py                     72     49    32%   41-75, 82-103, 110-140, 155-185
app/services/coaching_personality.py                  69      6    91%   192-193, 201-204, 266
app/services/crowd_noise.py                           83     83     0%   12-203
app/services/data_sync_service.py                    160    160     0%   21-407
app/services/database/__init__.py                      3      0   100%
app/services/database/migrations.py                   54      9    83%   70-72, 78-83, 95
app/services/database/optimizer.py                    69      9    87%   87-91, 136-144
app/services/depth_chart_service.py                  151     60    60%   67-71, 75-79, 83-87, 91-95, 130-140, 144-154, 158-168, 217-221, 229-232
app/services/draft_assistant.py                      158    134    15%   67, 81-184, 204-247, 254-263, 277-292, 302-340, 350-403, 420-429
app/services/elo_service.py                           50      9    82%   148-167
app/services/empire/__init__.py                        3      0   100%
app/services/empire/gm_ai.py                         180     15    92%   82, 195, 216, 256, 277-280, 287, 353, 377, 386-389, 407
app/services/empire/salary_cap.py                    173     25    86%   98, 111-113, 135, 140-141, 146, 296-298, 300-302, 337, 355, 375, 417-428
app/services/enhanced_chemistry_service.py           128     22    83%   68-75, 198, 238, 282, 305, 386-412
app/services/equipment.py                             54     54     0%   9-186
app/services/gm_agent.py                             191     34    82%   102-103, 123-127, 139-141, 153, 221, 230-231, 260, 275, 283, 290, 293, 308, 329-346, 381-382, 385-387
app/services/issue_logger.py                          55      8    85%   98-100, 120-125
app/services/medical_service.py                       49     39    20%   8, 12-15, 21-46, 50-60, 66-81
app/services/news_feed_service.py                     48      4    92%   16, 22-24
app/services/nflverse_service.py                     170     56    67%   15-16, 94, 114, 130, 138-140, 150, 158-160, 169-180, 190, 198-200, 210, 218-220, 232-251, 268, 282-283, 288-295, 318-319, 329-330, 354
app/services/offseason_service.py                    269    172    36%   40-52, 61-165, 187-195, 217-226, 245-250, 254-274, 278-284, 303-320, 324-330, 336, 344-376, 380-387, 401-405, 428, 440, 446-476, 481-494, 498-510
app/services/playbook/__init__.py                      4      0   100%
app/services/playbook/clock_management.py            147     35    76%   94, 102, 119-125, 130, 134, 144-147, 185-191, 229-231, 233-235, 240-243, 274-278, 280-281
app/services/playbook/coaching_ai.py                  70     20    71%   47, 64, 66, 104-137, 145, 149, 163-164
app/services/playbook/defensive_ai.py                 56      2    96%   133, 146
app/services/playbook/familiarity.py                 121      7    94%   81, 83, 85, 212-213, 252, 312
app/services/playbook/gameplan_service.py             33     25    24%   7, 18-30, 37-52, 58-67
app/services/playbook/play_caller.py                  76     14    82%   44, 68, 89, 94, 107, 109, 122-123, 128-129, 132-133, 149, 154
app/services/playbook/playbook.py                     89      7    92%   75, 184-205
app/services/playbook/types.py                        26      0   100%
app/services/player_development_service.py           107     81    24%   20-22, 29-42, 52-59, 64-102, 112-126, 129-142, 146-147, 152-171, 178-182, 188
app/services/playoff_service.py                      149     90    40%   47-70, 89-126, 146-153, 174-184, 235, 241, 249-259, 293-295, 315-346, 360-376, 389-408, 421-429
app/services/pre_game_service.py                     129     64    50%   31, 37, 48, 121-194, 201-212, 216-247
app/services/rating_calculator.py                     39     39     0%   12-346
app/services/ratings_generator.py                    237    140    41%   42, 44, 54, 56, 109-134, 177-198, 208-234, 259-263, 276, 278, 292-295, 299-302, 320-340, 350-376, 399-422, 438-469
app/services/rookie_generator.py                      57      7    88%   37-41, 84-85
app/services/salary_cap_service.py                    34      1    97%   65
app/services/schedule_generator.py                   132    112    15%   27-28, 49-70, 82-88, 102-110, 124-140, 161-191, 216-247, 268-352, 361-366
app/services/scouting/__init__.py                      4      0   100%
app/services/scouting/combine.py                      94      1    99%   233
app/services/scouting/draft_board.py                  35      1    97%   85
app/services/scouting/scout.py                       130     38    71%   140-171, 182, 192-194, 200, 202, 204, 207-208, 212-216
app/services/scouting/scouting_service.py             40     27    32%   31-32, 36, 46-67, 74-121, 124-127
app/services/society/__init__.py                       4      0   100%
app/services/society/momentum.py                      69      4    94%   125-126, 155-156
app/services/society/nemesis.py                       68      2    97%   108, 157
app/services/society/social_graph.py                 113      7    94%   162, 179-180, 186, 190, 192, 216
app/services/stadium/__init__.py                       3      0   100%
app/services/stadium/crowd.py                         67      6    91%   57, 86, 88, 97, 106, 111
app/services/stadium/stadium.py                       76      6    92%   109, 123-128
app/services/standings_calculator.py                 184     35    81%   122-128, 133-134, 141-146, 153-158, 203-213, 310, 317, 321, 324, 327, 330, 336-337, 344-345
app/services/stats_service.py                         22      0   100%
app/services/storyline_service.py                     84     14    83%   46, 131, 164-168, 173-198
app/services/training/__init__.py                      4      0   100%
app/services/training/camp.py                         76      3    96%   187-188, 223
app/services/training/coach_expertise.py              45      2    96%   117, 154
app/services/training/coaching_philosophy.py          46      0   100%
app/services/training/coaching_tree.py                77      2    97%   151, 159
app/services/training/drills.py                       44      0   100%
app/services/training/progression.py                  90     14    84%   118-131, 170-171, 205, 216, 233-235
app/services/training/training_programs.py           110     63    43%   186, 190-194, 227-289, 309-330, 334-340, 344-353, 357-363, 383-406
app/services/trait_acquisition_service.py             52     52     0%   1-127
app/services/trait_evolution_service.py               91     26    71%   125, 136-138, 150-152, 158-181, 245, 253
app/services/trait_service.py                        164     66    60%   620, 629, 638-663, 673-739, 751, 758-763, 773-789, 807, 824, 828-831, 877, 906-925
app/services/use_based_progression.py                132      5    96%   318-319, 343-344, 385
app/services/validation/__init__.py                    3      0   100%
app/services/validation/calibrator.py                 53      3    94%   74, 76, 106
app/services/validation/statistical_validator.py      63     63     0%   8-199
app/services/validation/stats_validator.py            52      1    98%   104
app/services/weather_service.py                       36     10    72%   61-62, 65-66, 69-70, 73, 78-80
app/services/week_simulator.py                       127    108    15%   27-28, 32-53, 57-70, 92-175, 185-236, 255-272, 292-312
app/services/weekly_recap_service.py                  43      0   100%
--------------------------------------------------------------------------------
TOTAL                                              19690   6506    67%
Coverage HTML written to dir htmlcov
=========================== short test summary info ============================
FAILED tests/integration/test_attribute_interaction_gameplay.py::TestAttributeInteractionIntegration::test_pass_play_applies_interactions
FAILED tests/integration/test_attribute_interaction_gameplay.py::TestAttributeInteractionIntegration::test_interaction_narratives_in_descriptions
FAILED tests/integration/test_attribute_interaction_gameplay.py::TestAttributeInteractionIntegration::test_interactions_affect_success_probability
FAILED tests/integration/test_attribute_interaction_gameplay.py::TestAttributeInteractionIntegration::test_weather_context_affects_interactions
FAILED tests/integration/test_draft_assistant.py::test_suggest_pick_endpoint
FAILED tests/integration/test_draft_assistant.py::test_suggest_pick_mcp_integration
FAILED tests/integration/test_draft_suggestion_api.py::test_draft_suggest_pick_endpoint
FAILED tests/integration/test_draft_suggestion_api.py::test_draft_assistant_roster_gap_analysis
FAILED tests/integration/test_draft_suggestion_api.py::test_draft_value_score_calculation
FAILED tests/integration/test_draft_suggestion_api.py::test_draft_assistant_error_handling
FAILED tests/integration/test_draft_suggestion_api.py::test_alternative_picks_quality
FAILED tests/integration/test_environmental_effects_integration.py::TestEnvironmentalEffects::test_rain_reduces_passing_accuracy
FAILED tests/integration/test_environmental_effects_integration.py::TestEnvironmentalEffects::test_high_wind_affects_passing
FAILED tests/integration/test_environmental_effects_integration.py::TestEnvironmentalEffects::test_muddy_field_increases_fumbles_more
FAILED tests/integration/test_environmental_effects_integration.py::TestEnvironmentalEffects::test_weather_integration_in_pass_play
FAILED tests/integration/test_environmental_effects_integration.py::TestEnvironmentalEffects::test_weather_integration_in_run_play
FAILED tests/integration/test_mcp_health.py::test_mcp_server_health - Asserti...
FAILED tests/integration/test_ol_chemistry_integration.py::test_ol_chemistry_bonus_after_5_games
FAILED tests/integration/test_ol_chemistry_integration.py::test_chemistry_resets_when_lineup_changes
FAILED tests/integration/test_ol_chemistry_integration.py::test_no_chemistry_with_less_than_5_games
FAILED tests/integration/test_orchestrator_integration.py::test_orchestrator_integration_flow
FAILED tests/integration/test_orchestrator_match_context.py::test_full_game_simulation_with_fatigue_mocked
FAILED tests/integration/test_player_decomposition.py::test_player_decomposition_integration
FAILED tests/integration/test_qb_pocket_presence_integration.py::test_qb_pocket_presence_reduces_sacks
FAILED tests/integration/test_trade_evaluation.py::test_evaluate_trade_endpoint
FAILED tests/integration/test_trade_evaluation.py::test_evaluate_trade_mcp_integration
FAILED tests/integration/test_trait_gameplay.py::test_possession_receiver_bonus
FAILED tests/integration/test_trait_gameplay.py::test_multiple_traits_on_player
FAILED tests/integration/test_trait_gameplay_integration.py::TestTraitGameplayIntegration::test_possession_receiver_contested_catch_bonus
FAILED tests/integration/test_trait_gameplay_integration.py::TestTraitGameplayIntegration::test_trait_catalog_completeness
FAILED tests/integration/test_traits.py::test_create_and_assign_trait - TypeE...
FAILED tests/test_advanced_simulation_features.py::test_advanced_coach_personality_system
FAILED tests/test_advanced_simulation_features.py::test_situational_awareness_with_environmental_factors
FAILED tests/test_advanced_simulation_features.py::test_advanced_play_resolution_with_statistical_realism
FAILED tests/test_advanced_simulation_features.py::test_multi_season_progression_system
FAILED tests/test_advanced_simulation_features.py::test_social_interaction_features
FAILED tests/test_advanced_simulation_features.py::test_broadcast_quality_presentation
FAILED tests/test_advanced_simulation_features.py::test_adaptive_challenge_system
FAILED tests/test_advanced_simulation_features.py::test_legacy_achievement_system
FAILED tests/test_api_endpoints.py::test_initialize_season - assert 500 == 200
FAILED tests/test_comprehensive_feature_expansion.py::TestAdvancedRosterManagement::test_player_development_system
FAILED tests/test_comprehensive_feature_expansion.py::TestAdvancedRosterManagement::test_scouting_and_draft_system
FAILED tests/test_comprehensive_feature_expansion.py::TestRealisticPlayByPlay::test_advanced_play_calling_ai
FAILED tests/test_comprehensive_feature_expansion.py::TestRealisticPlayByPlay::test_dynamic_game_planning
FAILED tests/test_comprehensive_feature_expansion.py::TestLiveEnvironmentalEffects::test_advanced_weather_system
FAILED tests/test_comprehensive_feature_expansion.py::TestLiveEnvironmentalEffects::test_crowd_momentum_system
FAILED tests/test_comprehensive_feature_expansion.py::TestStatisticalRealism::test_historical_context_engine
FAILED tests/test_comprehensive_feature_expansion.py::TestStatisticalRealism::test_advanced_analytics_system
FAILED tests/test_comprehensive_feature_expansion.py::TestFranchiseLongevity::test_multi_season_progression
FAILED tests/test_comprehensive_feature_expansion.py::TestFranchiseLongevity::test_contract_management_system
FAILED tests/test_comprehensive_feature_expansion.py::TestSocialInteraction::test_media_narrative_system
FAILED tests/test_comprehensive_feature_expansion.py::TestSocialInteraction::test_fan_engagement_system
FAILED tests/test_comprehensive_feature_expansion.py::TestImmersivePresentation::test_broadcast_visualization_system
FAILED tests/test_comprehensive_feature_expansion.py::TestImmersivePresentation::test_interactive_storytelling_engine
FAILED tests/test_comprehensive_feature_expansion.py::TestCompleteSystemIntegration::test_full_feature_integration
FAILED tests/test_depth_chart.py::test_get_special_teams - AssertionError: as...
FAILED tests/test_draft_api.py::test_suggest_draft_pick_success - sqlalchemy....
FAILED tests/test_draft_api.py::test_suggest_draft_pick_no_players - assert 5...
FAILED tests/test_draft_assistant.py::test_suggest_pick_no_players - Attribut...
FAILED tests/test_draft_assistant.py::test_suggest_pick_success - AttributeEr...
FAILED tests/test_draft_assistant.py::test_suggest_pick_with_mcp - AttributeE...
FAILED tests/test_draft_logic.py::test_draft_logic_needs - AttributeError: Ne...
FAILED tests/test_draft_logic.py::test_draft_logic_bpa - AttributeError: Neit...
FAILED tests/test_engines.py::test_blocking - TypeError: BlockingEngine.resol...
FAILED tests/test_engines.py::test_special_teams - TypeError: SpecialTeamsEng...
FAILED tests/test_expanded_stats.py::TestQuarterbackStat::test_qb_stat_validation
FAILED tests/test_expanded_stats.py::TestRunningBackStat::test_rb_stat_validation
FAILED tests/test_expanded_stats.py::TestLeagueLeaders::test_league_leaders_creation
FAILED tests/test_match_context_integration.py::test_match_context_integration
FAILED tests/test_match_context_unit.py::test_match_context_initialization - ...
FAILED tests/test_match_context_unit.py::test_get_fielded_players - TypeError...
FAILED tests/test_match_context_unit.py::test_load_roster_error - TypeError: ...
FAILED tests/test_models.py::test_create_player - sqlalchemy.exc.IntegrityErr...
FAILED tests/test_offseason_service.py::test_simulate_draft_fills_all_picks
FAILED tests/test_offseason_service.py::test_simulate_draft_respects_team_needs
FAILED tests/test_offseason_service.py::test_start_offseason_executes_all_steps
FAILED tests/test_phase7_training.py::TestProgressionEngine::test_apply_xp_level_up
FAILED tests/test_phase8_scouting.py::TestCombineSimulation::test_strength_bench
FAILED tests/test_player_development.py::test_player_development_service - sq...
FAILED tests/test_retirement.py::test_process_retirements_old_player - Attrib...
FAILED tests/test_retirement.py::test_process_retirements_young_player - Attr...
FAILED tests/test_retirement.py::test_hall_of_fame_induction - AttributeError...
FAILED tests/unit/test_app_factory.py::test_create_app_returns_fastapi_instance
FAILED tests/unit/test_game_state_manager.py::TestGameStateManager::test_is_game_over
ERROR tests/test_benchmarks.py::TestPlayResolutionBenchmarks::test_pass_play_resolution
ERROR tests/test_benchmarks.py::TestPlayResolutionBenchmarks::test_run_play_resolution
ERROR tests/test_benchmarks.py::TestProbabilityEngineBenchmarks::test_attribute_comparison
ERROR tests/test_benchmarks.py::TestProbabilityEngineBenchmarks::test_tiered_outcome_resolution
ERROR tests/test_benchmarks.py::TestPlayCallerBenchmarks::test_play_selection
ERROR tests/test_benchmarks.py::TestSeasonSimulationBenchmarks::test_single_game_simulation
====== 84 failed, 918 passed, 115 warnings, 6 errors in 119.67s (0:01:59) ======
